
Memory Configuration

Name             Origin             Length             Attributes
*default*        0x0000000000000000 0xffffffffffffffff

Linker script and memory map

LOAD build/test/template/main.o
LOAD build/test/template/test.o
                0x0000000000000000                . = 0x0

.text           0x0000000000000000       0x50
 *(.text)
 .text          0x0000000000000000       0x40 build/test/template/main.o
                0x0000000000000030                c_entry
 .text          0x0000000000000040       0x10 build/test/template/test.o
                0x0000000000000048                _start
 *(.vectors)

.rodata         0x0000000000000050       0x11
 .rodata        0x0000000000000050       0x11 build/test/template/main.o

.glue_7         0x0000000000000064        0x0
 .glue_7        0x0000000000000064        0x0 linker stubs

.glue_7t        0x0000000000000064        0x0
 .glue_7t       0x0000000000000064        0x0 linker stubs

.vfp11_veneer   0x0000000000000064        0x0
 .vfp11_veneer  0x0000000000000064        0x0 linker stubs

.v4_bx          0x0000000000000064        0x0
 .v4_bx         0x0000000000000064        0x0 linker stubs

.iplt           0x0000000000000064        0x0
 .iplt          0x0000000000000064        0x0 build/test/template/main.o

.rel.dyn        0x0000000000000064        0x0
 .rel.iplt      0x0000000000000064        0x0 build/test/template/main.o
                0x0000000020000000                . = 0x20000000

.data           0x0000000020000000        0x0
 *(.data)
 .data          0x0000000020000000        0x0 build/test/template/main.o
 .data          0x0000000020000000        0x0 build/test/template/test.o

.igot.plt       0x0000000020000000        0x0
 .igot.plt      0x0000000020000000        0x0 build/test/template/main.o

.bss            0x0000000020000000        0x0
 *(.bss)
 .bss           0x0000000020000000        0x0 build/test/template/main.o
 .bss           0x0000000020000000        0x0 build/test/template/test.o
                0x0000000020000000                . = ALIGN (0x8)
                0x0000000020001000                . = (. + 0x1000)
                0x0000000020001000                stack_top = .
OUTPUT(build/main.elf elf32-littlearm)
LOAD linker stubs

.debug_info     0x0000000000000000       0xbd
 .debug_info    0x0000000000000000       0x97 build/test/template/main.o
 .debug_info    0x0000000000000097       0x26 build/test/template/test.o

.debug_abbrev   0x0000000000000000       0xa0
 .debug_abbrev  0x0000000000000000       0x8c build/test/template/main.o
 .debug_abbrev  0x000000000000008c       0x14 build/test/template/test.o

.debug_aranges  0x0000000000000000       0x40
 .debug_aranges
                0x0000000000000000       0x20 build/test/template/main.o
 .debug_aranges
                0x0000000000000020       0x20 build/test/template/test.o

.debug_line     0x0000000000000000      0x14d
 .debug_line    0x0000000000000000       0xb8 build/test/template/main.o
 .debug_line    0x00000000000000b8       0x95 build/test/template/test.o

.debug_str      0x0000000000000000      0x207
 .debug_str     0x0000000000000000      0x195 build/test/template/main.o
 .debug_str     0x0000000000000195       0x72 build/test/template/test.o
                                         0xbd (size before relaxing)

.comment        0x0000000000000000       0x59
 .comment       0x0000000000000000       0x59 build/test/template/main.o
                                         0x5a (size before relaxing)

.ARM.attributes
                0x0000000000000000       0x2b
 .ARM.attributes
                0x0000000000000000       0x2d build/test/template/main.o
 .ARM.attributes
                0x000000000000002d       0x1b build/test/template/test.o

.debug_frame    0x0000000000000000       0x54
 .debug_frame   0x0000000000000000       0x54 build/test/template/main.o
