Archive member included to satisfy reference by file (symbol)

d:/program files (x86)/gnu tools arm embedded/7 2017-q4-major/bin/../lib/gcc/arm-none-eabi/7.2.1/thumb/v7e-m/fpv4-sp/hard\libgcc.a(_aeabi_uldivmod.o)
                              C:\Users\suse1\AppData\Local\Temp\cc301hXz.o (__aeabi_uldivmod)
d:/program files (x86)/gnu tools arm embedded/7 2017-q4-major/bin/../lib/gcc/arm-none-eabi/7.2.1/thumb/v7e-m/fpv4-sp/hard\libgcc.a(_udivmoddi4.o)
                              d:/program files (x86)/gnu tools arm embedded/7 2017-q4-major/bin/../lib/gcc/arm-none-eabi/7.2.1/thumb/v7e-m/fpv4-sp/hard\libgcc.a(_aeabi_uldivmod.o) (__udivmoddi4)
d:/program files (x86)/gnu tools arm embedded/7 2017-q4-major/bin/../lib/gcc/arm-none-eabi/7.2.1/thumb/v7e-m/fpv4-sp/hard\libgcc.a(_dvmd_tls.o)
                              d:/program files (x86)/gnu tools arm embedded/7 2017-q4-major/bin/../lib/gcc/arm-none-eabi/7.2.1/thumb/v7e-m/fpv4-sp/hard\libgcc.a(_aeabi_uldivmod.o) (__aeabi_ldiv0)
d:/program files (x86)/gnu tools arm embedded/7 2017-q4-major/bin/../lib/gcc/arm-none-eabi/7.2.1/../../../../arm-none-eabi/lib/thumb/v7e-m/fpv4-sp/hard\libg.a(lib_a-errno.o)
                              C:\Users\suse1\AppData\Local\Temp\ccWOF0Ln.o (__errno)
d:/program files (x86)/gnu tools arm embedded/7 2017-q4-major/bin/../lib/gcc/arm-none-eabi/7.2.1/../../../../arm-none-eabi/lib/thumb/v7e-m/fpv4-sp/hard\libg.a(lib_a-exit.o)
                              d:/program files (x86)/gnu tools arm embedded/7 2017-q4-major/bin/../lib/gcc/arm-none-eabi/7.2.1/../../../../arm-none-eabi/lib/thumb/v7e-m/fpv4-sp/hard/crt0.o (exit)
d:/program files (x86)/gnu tools arm embedded/7 2017-q4-major/bin/../lib/gcc/arm-none-eabi/7.2.1/../../../../arm-none-eabi/lib/thumb/v7e-m/fpv4-sp/hard\libg.a(lib_a-impure.o)
                              d:/program files (x86)/gnu tools arm embedded/7 2017-q4-major/bin/../lib/gcc/arm-none-eabi/7.2.1/../../../../arm-none-eabi/lib/thumb/v7e-m/fpv4-sp/hard\libg.a(lib_a-exit.o) (_global_impure_ptr)
d:/program files (x86)/gnu tools arm embedded/7 2017-q4-major/bin/../lib/gcc/arm-none-eabi/7.2.1/../../../../arm-none-eabi/lib/thumb/v7e-m/fpv4-sp/hard\libg.a(lib_a-init.o)
                              d:/program files (x86)/gnu tools arm embedded/7 2017-q4-major/bin/../lib/gcc/arm-none-eabi/7.2.1/../../../../arm-none-eabi/lib/thumb/v7e-m/fpv4-sp/hard/crt0.o (__libc_init_array)
d:/program files (x86)/gnu tools arm embedded/7 2017-q4-major/bin/../lib/gcc/arm-none-eabi/7.2.1/../../../../arm-none-eabi/lib/thumb/v7e-m/fpv4-sp/hard\libg.a(lib_a-memcpy.o)
                              C:\Users\suse1\AppData\Local\Temp\ccGjJF0C.o (memcpy)
d:/program files (x86)/gnu tools arm embedded/7 2017-q4-major/bin/../lib/gcc/arm-none-eabi/7.2.1/../../../../arm-none-eabi/lib/thumb/v7e-m/fpv4-sp/hard\libg.a(lib_a-memset.o)
                              d:/program files (x86)/gnu tools arm embedded/7 2017-q4-major/bin/../lib/gcc/arm-none-eabi/7.2.1/../../../../arm-none-eabi/lib/thumb/v7e-m/fpv4-sp/hard/crt0.o (memset)
d:/program files (x86)/gnu tools arm embedded/7 2017-q4-major/bin/../lib/gcc/arm-none-eabi/7.2.1/../../../../arm-none-eabi/lib/thumb/v7e-m/fpv4-sp/hard\libg.a(lib_a-printf.o)
                              C:\Users\suse1\AppData\Local\Temp\ccS9fpnz.o (printf)
d:/program files (x86)/gnu tools arm embedded/7 2017-q4-major/bin/../lib/gcc/arm-none-eabi/7.2.1/../../../../arm-none-eabi/lib/thumb/v7e-m/fpv4-sp/hard\libg.a(lib_a-strcmp.o)
                              C:\Users\suse1\AppData\Local\Temp\ccgK2yLl.o (strcmp)
d:/program files (x86)/gnu tools arm embedded/7 2017-q4-major/bin/../lib/gcc/arm-none-eabi/7.2.1/../../../../arm-none-eabi/lib/thumb/v7e-m/fpv4-sp/hard\libg.a(lib_a-strtok.o)
                              C:\Users\suse1\AppData\Local\Temp\ccgK2yLl.o (strtok)
d:/program files (x86)/gnu tools arm embedded/7 2017-q4-major/bin/../lib/gcc/arm-none-eabi/7.2.1/../../../../arm-none-eabi/lib/thumb/v7e-m/fpv4-sp/hard\libg.a(lib_a-strtok_r.o)
                              d:/program files (x86)/gnu tools arm embedded/7 2017-q4-major/bin/../lib/gcc/arm-none-eabi/7.2.1/../../../../arm-none-eabi/lib/thumb/v7e-m/fpv4-sp/hard\libg.a(lib_a-strtok.o) (__strtok_r)
d:/program files (x86)/gnu tools arm embedded/7 2017-q4-major/bin/../lib/gcc/arm-none-eabi/7.2.1/../../../../arm-none-eabi/lib/thumb/v7e-m/fpv4-sp/hard\libg.a(lib_a-vfprintf.o)
                              d:/program files (x86)/gnu tools arm embedded/7 2017-q4-major/bin/../lib/gcc/arm-none-eabi/7.2.1/../../../../arm-none-eabi/lib/thumb/v7e-m/fpv4-sp/hard\libg.a(lib_a-printf.o) (_vfprintf_r)
d:/program files (x86)/gnu tools arm embedded/7 2017-q4-major/bin/../lib/gcc/arm-none-eabi/7.2.1/../../../../arm-none-eabi/lib/thumb/v7e-m/fpv4-sp/hard\libg.a(lib_a-wsetup.o)
                              d:/program files (x86)/gnu tools arm embedded/7 2017-q4-major/bin/../lib/gcc/arm-none-eabi/7.2.1/../../../../arm-none-eabi/lib/thumb/v7e-m/fpv4-sp/hard\libg.a(lib_a-vfprintf.o) (__swsetup_r)
[...]
Memory Configuration

Name             Origin             Length             Attributes
FLASH            0x08000000         0x00080000         xr
RAM              0x20000000         0x00018000         xrw
*default*        0x00000000         0xffffffff

Linker script and memory map

LOAD d:/program files (x86)/gnu tools arm embedded/7 2017-q4-major/bin/../lib/gcc/arm-none-eabi/7.2.1/thumb/v7e-m/fpv4-sp/hard/crti.o
LOAD d:/program files (x86)/gnu tools arm embedded/7 2017-q4-major/bin/../lib/gcc/arm-none-eabi/7.2.1/thumb/v7e-m/fpv4-sp/hard/crtbegin.o
LOAD d:/program files (x86)/gnu tools arm embedded/7 2017-q4-major/bin/../lib/gcc/arm-none-eabi/7.2.1/../../../../arm-none-eabi/lib/thumb/v7e-m/fpv4-sp/hard/crt0.o
LOAD C:\Users\suse1\AppData\Local\Temp\ccjEoXNy.o
LOAD C:\Users\suse1\AppData\Local\Temp\ccf9tEyD.o
LOAD C:\Users\suse1\AppData\Local\Temp\ccgjAvwz.o
LOAD C:\Users\suse1\AppData\Local\Temp\ccGjJF0C.o
LOAD C:\Users\suse1\AppData\Local\Temp\ccigzm3V.o
LOAD C:\Users\suse1\AppData\Local\Temp\ccS9fpnz.o
LOAD C:\Users\suse1\AppData\Local\Temp\ccWOF0Ln.o
LOAD C:\Users\suse1\AppData\Local\Temp\cck8eVdo.o
LOAD C:\Users\suse1\AppData\Local\Temp\ccQvUyPy.o
LOAD C:\Users\suse1\AppData\Local\Temp\ccvdssBO.o
LOAD C:\Users\suse1\AppData\Local\Temp\cc62EYdi.o
LOAD C:\Users\suse1\AppData\Local\Temp\ccpx5Kb1.o
LOAD C:\Users\suse1\AppData\Local\Temp\ccsZ6Oj1.o
LOAD C:\Users\suse1\AppData\Local\Temp\ccCwdhN6.o
LOAD C:\Users\suse1\AppData\Local\Temp\ccKM97Jq.o
LOAD C:\Users\suse1\AppData\Local\Temp\ccqweWyZ.o
LOAD C:\Users\suse1\AppData\Local\Temp\cci0hRcI.o
LOAD C:\Users\suse1\AppData\Local\Temp\ccKAfuTI.o
LOAD C:\Users\suse1\AppData\Local\Temp\cc7pkkZO.o
LOAD C:\Users\suse1\AppData\Local\Temp\ccIivaN8.o
LOAD C:\Users\suse1\AppData\Local\Temp\cc93IckH.o
LOAD C:\Users\suse1\AppData\Local\Temp\cccJFo3s.o
LOAD C:\Users\suse1\AppData\Local\Temp\ccRVJKvt.o
LOAD C:\Users\suse1\AppData\Local\Temp\cc301hXz.o
LOAD C:\Users\suse1\AppData\Local\Temp\ccrGl8NU.o
LOAD C:\Users\suse1\AppData\Local\Temp\ccBmnTjt.o
LOAD C:\Users\suse1\AppData\Local\Temp\cc1Khvjg.o
LOAD C:\Users\suse1\AppData\Local\Temp\ccN8xf8c.o
LOAD C:\Users\suse1\AppData\Local\Temp\ccY0l4qd.o
LOAD C:\Users\suse1\AppData\Local\Temp\ccLw2NHx.o
LOAD C:\Users\suse1\AppData\Local\Temp\ccshavs8.o
LOAD C:\Users\suse1\AppData\Local\Temp\ccL3cAyY.o
LOAD C:\Users\suse1\AppData\Local\Temp\ccGtGLD2.o
LOAD C:\Users\suse1\AppData\Local\Temp\ccYMyy7d.o
LOAD C:\Users\suse1\AppData\Local\Temp\ccitkcFF.o
LOAD C:\Users\suse1\AppData\Local\Temp\ccSJCJGq.o
LOAD C:\Users\suse1\AppData\Local\Temp\ccMKXgQp.o
LOAD C:\Users\suse1\AppData\Local\Temp\ccpacsgs.o
LOAD C:\Users\suse1\AppData\Local\Temp\ccc1XgNM.o
LOAD C:\Users\suse1\AppData\Local\Temp\cclpRb4m.o
LOAD C:\Users\suse1\AppData\Local\Temp\ccOhvboe.o
LOAD C:\Users\suse1\AppData\Local\Temp\ccM9cV0g.o
LOAD C:\Users\suse1\AppData\Local\Temp\ccKHgPoB.o
LOAD C:\Users\suse1\AppData\Local\Temp\ccmQeao6.o
LOAD C:\Users\suse1\AppData\Local\Temp\cc6afkKP.o
LOAD C:\Users\suse1\AppData\Local\Temp\ccnyWhXV.o
LOAD C:\Users\suse1\AppData\Local\Temp\ccwDKAPf.o
LOAD C:\Users\suse1\AppData\Local\Temp\ccPBEr2U.o
LOAD C:\Users\suse1\AppData\Local\Temp\cccGwQJS.o
LOAD C:\Users\suse1\AppData\Local\Temp\ccgOpOW2.o
LOAD C:\Users\suse1\AppData\Local\Temp\ccuxVzXK.o
LOAD C:\Users\suse1\AppData\Local\Temp\ccYuSL7N.o
LOAD C:\Users\suse1\AppData\Local\Temp\cc32QtIT.o
LOAD C:\Users\suse1\AppData\Local\Temp\ccUnIH4c.o
LOAD C:\Users\suse1\AppData\Local\Temp\ccLk9LFM.o
LOAD C:\Users\suse1\AppData\Local\Temp\ccoGU6fA.o
LOAD C:\Users\suse1\AppData\Local\Temp\cct0nofE.o
LOAD C:\Users\suse1\AppData\Local\Temp\ccPyU7CP.o
LOAD C:\Users\suse1\AppData\Local\Temp\cch2S3Sj.o
LOAD C:\Users\suse1\AppData\Local\Temp\cchZVQs2.o
LOAD C:\Users\suse1\AppData\Local\Temp\ccFugne0.o
LOAD C:\Users\suse1\AppData\Local\Temp\ccwOL1P7.o
LOAD C:\Users\suse1\AppData\Local\Temp\ccjsudot.o
LOAD C:\Users\suse1\AppData\Local\Temp\ccCQc5l9.o
LOAD C:\Users\suse1\AppData\Local\Temp\cchGtkdX.o
LOAD C:\Users\suse1\AppData\Local\Temp\ccI642BW.o
LOAD C:\Users\suse1\AppData\Local\Temp\ccShhOP2.o
LOAD C:\Users\suse1\AppData\Local\Temp\ccgK2yLl.o
LOAD C:\Users\suse1\AppData\Local\Temp\ccWJujjW.o
START GROUP
LOAD d:/program files (x86)/gnu tools arm embedded/7 2017-q4-major/bin/../lib/gcc/arm-none-eabi/7.2.1/thumb/v7e-m/fpv4-sp/hard\libgcc.a
LOAD d:/program files (x86)/gnu tools arm embedded/7 2017-q4-major/bin/../lib/gcc/arm-none-eabi/7.2.1/../../../../arm-none-eabi/lib/thumb/v7e-m/fpv4-sp/hard\libg.a
LOAD d:/program files (x86)/gnu tools arm embedded/7 2017-q4-major/bin/../lib/gcc/arm-none-eabi/7.2.1/../../../../arm-none-eabi/lib/thumb/v7e-m/fpv4-sp/hard\libc.a
END GROUP
LOAD d:/program files (x86)/gnu tools arm embedded/7 2017-q4-major/bin/../lib/gcc/arm-none-eabi/7.2.1/thumb/v7e-m/fpv4-sp/hard/crtend.o
LOAD d:/program files (x86)/gnu tools arm embedded/7 2017-q4-major/bin/../lib/gcc/arm-none-eabi/7.2.1/thumb/v7e-m/fpv4-sp/hard/crtn.o
                0x20017fff                PROVIDE (_estack, 0x20017fff)
                0x08000000                PROVIDE (_stext, ORIGIN (FLASH))

.text           0x08000000     0x9dac
 *(.isr_vector)
 .isr_vector    0x08000000      0x194 C:\Users\suse1\AppData\Local\Temp\ccjEoXNy.o
                0x08000000                g_pfnVectors
 *(.text*)
 .text          0x08000194       0x40 d:/program files (x86)/gnu tools arm embedded/7 2017-q4-major/bin/../lib/gcc/arm-none-eabi/7.2.1/thumb/v7e-m/fpv4-sp/hard/crtbegin.o
 .text.Reset_Handler
                0x080001d4       0x50 C:\Users\suse1\AppData\Local\Temp\ccjEoXNy.o
                0x080001d4                Reset_Handler
 .text.Default_Handler
                0x08000224        0x2 C:\Users\suse1\AppData\Local\Temp\ccjEoXNy.o
                0x08000224                RTC_Alarm_IRQHandler
                0x08000224                EXTI2_IRQHandler
                0x08000224                SPI4_IRQHandler
                0x08000224                TIM1_CC_IRQHandler
                0x08000224                DMA2_Stream5_IRQHandler
                0x08000224                DMA1_Stream5_IRQHandler
                0x08000224                PVD_IRQHandler
                0x08000224                SDIO_IRQHandler
                0x08000224                TAMP_STAMP_IRQHandler
                0x08000224                PendSV_Handler
                0x08000224                EXTI3_IRQHandler
                0x08000224                TIM1_UP_TIM10_IRQHandler
                0x08000224                I2C3_ER_IRQHandler
                0x08000224                EXTI0_IRQHandler
                0x08000224                I2C2_EV_IRQHandler
                0x08000224                DMA1_Stream2_IRQHandler
                0x08000224                FPU_IRQHandler
                0x08000224                DMA2_Stream2_IRQHandler
                0x08000224                SPI1_IRQHandler
                0x08000224                TIM1_BRK_TIM9_IRQHandler
                0x08000224                DMA2_Stream3_IRQHandler
                0x08000224                USART6_IRQHandler
                0x08000224                DMA2_Stream0_IRQHandler
                0x08000224                TIM4_IRQHandler
                0x08000224                I2C1_EV_IRQHandler
                0x08000224                DMA1_Stream6_IRQHandler
                0x08000224                DMA1_Stream1_IRQHandler
                0x08000224                TIM3_IRQHandler
                0x08000224                RCC_IRQHandler
                0x08000224                Default_Handler
                0x08000224                EXTI15_10_IRQHandler
                0x08000224                ADC_IRQHandler
                0x08000224                DMA1_Stream7_IRQHandler
                0x08000224                TIM5_IRQHandler
                0x08000224                DMA2_Stream7_IRQHandler
                0x08000224                I2C3_EV_IRQHandler
                0x08000224                EXTI9_5_IRQHandler
                0x08000224                RTC_WKUP_IRQHandler
                0x08000224                SPI2_IRQHandler
                0x08000224                DMA1_Stream0_IRQHandler
                0x08000224                EXTI4_IRQHandler
                0x08000224                WWDG_IRQHandler
                0x08000224                TIM2_IRQHandler
                0x08000224                OTG_FS_WKUP_IRQHandler
                0x08000224                TIM1_TRG_COM_TIM11_IRQHandler
                0x08000224                EXTI1_IRQHandler
                0x08000224                USART2_IRQHandler
                0x08000224                I2C2_ER_IRQHandler
                0x08000224                DMA2_Stream1_IRQHandler
                0x08000224                FLASH_IRQHandler
                0x08000224                DMA2_Stream4_IRQHandler
                0x08000224                USART1_IRQHandler
                0x08000224                OTG_FS_IRQHandler
                0x08000224                SPI3_IRQHandler
                0x08000224                DMA1_Stream4_IRQHandler
                0x08000224                I2C1_ER_IRQHandler
                0x08000224                DMA2_Stream6_IRQHandler
                0x08000224                DMA1_Stream3_IRQHandler
 .text.main     0x08000226       0x32 C:\Users\suse1\AppData\Local\Temp\ccf9tEyD.o
                0x08000226                main
 .text.SystemClock_Config
                0x08000258       0xb8 C:\Users\suse1\AppData\Local\Temp\ccf9tEyD.o
 .text.Error_Handler
                0x08000310        0xc C:\Users\suse1\AppData\Local\Temp\ccf9tEyD.o
                0x08000310                Error_Handler
 .text.serial_init
                0x0800031c       0x54 C:\Users\suse1\AppData\Local\Temp\ccgjAvwz.o
                0x0800031c                serial_init
 .text.__io_putchar
                0x08000370       0x24 C:\Users\suse1\AppData\Local\Temp\ccgjAvwz.o
                0x08000370                __io_putchar
 .text.__io_getchar
                0x08000394       0x24 C:\Users\suse1\AppData\Local\Temp\ccgjAvwz.o
                0x08000394                __io_getchar
 .text.setSpeed
                0x080003b8       0x34 C:\Users\suse1\AppData\Local\Temp\ccGjJF0C.o
                0x080003b8                setSpeed
 .text.stepMotor
                0x080003ec      0x294 C:\Users\suse1\AppData\Local\Temp\ccGjJF0C.o
                0x080003ec                stepMotor
 .text.step     0x08000680       0xd4 C:\Users\suse1\AppData\Local\Temp\ccGjJF0C.o
                0x08000680                step
 .text.Stepper  0x08000754      0x118 C:\Users\suse1\AppData\Local\Temp\ccGjJF0C.o
                0x08000754                Stepper
 .text.InitStepper
                0x0800086c       0x48 C:\Users\suse1\AppData\Local\Temp\ccGjJF0C.o
                0x0800086c                InitStepper
 .text.HAL_UART_MspInit
                0x080008b4      0x1d0 C:\Users\suse1\AppData\Local\Temp\ccigzm3V.o
                0x080008b4                HAL_UART_MspInit
 .text.cmb_get_sp
                0x08000a84       0x12 C:\Users\suse1\AppData\Local\Temp\ccS9fpnz.o
 .text.NMI_Handler
                0x08000a96        0xe C:\Users\suse1\AppData\Local\Temp\ccS9fpnz.o
                0x08000a96                NMI_Handler
 .text.HardFault_Handler
                0x08000aa4       0x24 C:\Users\suse1\AppData\Local\Temp\ccS9fpnz.o
                0x08000aa4                HardFault_Handler
 .text.MemManage_Handler
                0x08000ac8        0x6 C:\Users\suse1\AppData\Local\Temp\ccS9fpnz.o
                0x08000ac8                MemManage_Handler
 .text.BusFault_Handler
                0x08000ace        0x6 C:\Users\suse1\AppData\Local\Temp\ccS9fpnz.o
                0x08000ace                BusFault_Handler
 .text.UsageFault_Handler
                0x08000ad4        0x6 C:\Users\suse1\AppData\Local\Temp\ccS9fpnz.o
                0x08000ad4                UsageFault_Handler
 .text.SVC_Handler
                0x08000ada        0xe C:\Users\suse1\AppData\Local\Temp\ccS9fpnz.o
                0x08000ada                SVC_Handler
 .text.DebugMon_Handler
                0x08000ae8        0xe C:\Users\suse1\AppData\Local\Temp\ccS9fpnz.o
                0x08000ae8                DebugMon_Handler
 .text.SysTick_Handler
                0x08000af6        0xc C:\Users\suse1\AppData\Local\Temp\ccS9fpnz.o
                0x08000af6                SysTick_Handler
 .text._read    0x08000b02       0x3a C:\Users\suse1\AppData\Local\Temp\ccWOF0Ln.o
                0x08000b02                _read
 .text._write   0x08000b3c       0x38 C:\Users\suse1\AppData\Local\Temp\ccWOF0Ln.o
                0x08000b3c                _write
 .text._sbrk    0x08000b74       0x58 C:\Users\suse1\AppData\Local\Temp\ccWOF0Ln.o
                0x08000b74                _sbrk
 .text._close   0x08000bcc       0x18 C:\Users\suse1\AppData\Local\Temp\ccWOF0Ln.o
                0x08000bcc                _close
 .text._fstat   0x08000be4       0x20 C:\Users\suse1\AppData\Local\Temp\ccWOF0Ln.o
                0x08000be4                _fstat
 .text._isatty  0x08000c04       0x16 C:\Users\suse1\AppData\Local\Temp\ccWOF0Ln.o
                0x08000c04                _isatty
 .text._lseek   0x08000c1a       0x1a C:\Users\suse1\AppData\Local\Temp\ccWOF0Ln.o
                0x08000c1a                _lseek
 .text.SystemInit
                0x08000c34       0x6c C:\Users\suse1\AppData\Local\Temp\cck8eVdo.o
                0x08000c34                SystemInit
 .text.HAL_Init
                0x08000ca0       0x44 C:\Users\suse1\AppData\Local\Temp\ccvdssBO.o
                0x08000ca0                HAL_Init
 .text.HAL_InitTick
                0x08000ce4       0x60 C:\Users\suse1\AppData\Local\Temp\ccvdssBO.o
                0x08000ce4                HAL_InitTick
 .text.HAL_IncTick
                0x08000d44       0x28 C:\Users\suse1\AppData\Local\Temp\ccvdssBO.o
                0x08000d44                HAL_IncTick
 .text.HAL_GetTick
                0x08000d6c       0x18 C:\Users\suse1\AppData\Local\Temp\ccvdssBO.o
                0x08000d6c                HAL_GetTick
 .text.HAL_Delay
                0x08000d84       0x4c C:\Users\suse1\AppData\Local\Temp\ccvdssBO.o
                0x08000d84                HAL_Delay
 .text.HAL_MspInit
                0x08000dd0        0xe C:\Users\suse1\AppData\Local\Temp\cc62EYdi.o
                0x08000dd0                HAL_MspInit
 *fill*         0x08000dde        0x2 
 .text.__NVIC_SetPriorityGrouping
                0x08000de0       0x48 C:\Users\suse1\AppData\Local\Temp\ccKAfuTI.o
 .text.__NVIC_GetPriorityGrouping
                0x08000e28       0x1c C:\Users\suse1\AppData\Local\Temp\ccKAfuTI.o
 .text.__NVIC_EnableIRQ
                0x08000e44       0x3c C:\Users\suse1\AppData\Local\Temp\ccKAfuTI.o
 .text.__NVIC_SetPriority
                0x08000e80       0x54 C:\Users\suse1\AppData\Local\Temp\ccKAfuTI.o
 .text.NVIC_EncodePriority
                0x08000ed4       0x66 C:\Users\suse1\AppData\Local\Temp\ccKAfuTI.o
 *fill*         0x08000f3a        0x2 
 .text.SysTick_Config
                0x08000f3c       0x44 C:\Users\suse1\AppData\Local\Temp\ccKAfuTI.o
 .text.HAL_NVIC_SetPriorityGrouping
                0x08000f80       0x16 C:\Users\suse1\AppData\Local\Temp\ccKAfuTI.o
                0x08000f80                HAL_NVIC_SetPriorityGrouping
 .text.HAL_NVIC_SetPriority
                0x08000f96       0x38 C:\Users\suse1\AppData\Local\Temp\ccKAfuTI.o
                0x08000f96                HAL_NVIC_SetPriority
 .text.HAL_NVIC_EnableIRQ
                0x08000fce       0x1c C:\Users\suse1\AppData\Local\Temp\ccKAfuTI.o
                0x08000fce                HAL_NVIC_EnableIRQ
 .text.HAL_SYSTICK_Config
                0x08000fea       0x18 C:\Users\suse1\AppData\Local\Temp\ccKAfuTI.o
                0x08000fea                HAL_SYSTICK_Config
 *fill*         0x08001002        0x2 
 .text.HAL_RCC_OscConfig
                0x08001004      0x4f0 C:\Users\suse1\AppData\Local\Temp\cc301hXz.o
                0x08001004                HAL_RCC_OscConfig
 .text.HAL_RCC_ClockConfig
                0x080014f4      0x1cc C:\Users\suse1\AppData\Local\Temp\cc301hXz.o
                0x080014f4                HAL_RCC_ClockConfig
 .text.HAL_RCC_GetSysClockFreq
                0x080016c0      0x1b0 C:\Users\suse1\AppData\Local\Temp\cc301hXz.o
                0x080016c0                HAL_RCC_GetSysClockFreq
 .text.HAL_RCC_GetHCLKFreq
                0x08001870       0x18 C:\Users\suse1\AppData\Local\Temp\cc301hXz.o
                0x08001870                HAL_RCC_GetHCLKFreq
 .text.HAL_RCC_GetPCLK1Freq
                0x08001888       0x28 C:\Users\suse1\AppData\Local\Temp\cc301hXz.o
                0x08001888                HAL_RCC_GetPCLK1Freq
 .text.HAL_RCC_GetPCLK2Freq
                0x080018b0       0x28 C:\Users\suse1\AppData\Local\Temp\cc301hXz.o
                0x080018b0                HAL_RCC_GetPCLK2Freq
 .text.HAL_DMA_Init
                0x080018d8      0x15c C:\Users\suse1\AppData\Local\Temp\ccshavs8.o
                0x080018d8                HAL_DMA_Init
 .text.DMA_CalcBaseAndBitshift
                0x08001a34       0x6c C:\Users\suse1\AppData\Local\Temp\ccshavs8.o
 .text.DMA_CheckFifoParam
                0x08001aa0       0xf4 C:\Users\suse1\AppData\Local\Temp\ccshavs8.o
 .text.HAL_GPIO_Init
                0x08001b94      0x304 C:\Users\suse1\AppData\Local\Temp\ccKHgPoB.o
                0x08001b94                HAL_GPIO_Init
 .text.HAL_GPIO_WritePin
                0x08001e98       0x32 C:\Users\suse1\AppData\Local\Temp\ccKHgPoB.o
                0x08001e98                HAL_GPIO_WritePin
 .text.HAL_GPIO_TogglePin
                0x08001eca       0x34 C:\Users\suse1\AppData\Local\Temp\ccKHgPoB.o
                0x08001eca                HAL_GPIO_TogglePin
 .text.HAL_UART_Init
                0x08001efe       0x9a C:\Users\suse1\AppData\Local\Temp\ccgOpOW2.o
                0x08001efe                HAL_UART_Init
 .text.HAL_UART_Transmit
                0x08001f98      0x124 C:\Users\suse1\AppData\Local\Temp\ccgOpOW2.o
                0x08001f98                HAL_UART_Transmit
 .text.HAL_UART_Receive
                0x080020bc      0x144 C:\Users\suse1\AppData\Local\Temp\ccgOpOW2.o
                0x080020bc                HAL_UART_Receive
 .text.UART_WaitOnFlagUntilTimeout
                0x08002200       0x94 C:\Users\suse1\AppData\Local\Temp\ccgOpOW2.o
 .text.UART_SetConfig
                0x08002294      0x3b8 C:\Users\suse1\AppData\Local\Temp\ccgOpOW2.o
 .text.BSP_LED_Init
                0x0800264c       0x6c C:\Users\suse1\AppData\Local\Temp\ccCQc5l9.o
                0x0800264c                BSP_LED_Init
 .text.BSP_LED_On
                0x080026b8       0x28 C:\Users\suse1\AppData\Local\Temp\ccCQc5l9.o
                0x080026b8                BSP_LED_On
 .text.BSP_LED_Toggle
                0x080026e0       0x28 C:\Users\suse1\AppData\Local\Temp\ccCQc5l9.o
                0x080026e0                BSP_LED_Toggle
 .text._putchar
                0x08002708       0x1a C:\Users\suse1\AppData\Local\Temp\cchGtkdX.o
                0x08002708                _putchar
 .text._out_buffer
                0x08002722       0x2e C:\Users\suse1\AppData\Local\Temp\ccI642BW.o
 .text._out_null
                0x08002750       0x1c C:\Users\suse1\AppData\Local\Temp\ccI642BW.o
 .text._out_char
                0x0800276c       0x26 C:\Users\suse1\AppData\Local\Temp\ccI642BW.o
 .text._strnlen_s
                0x08002792       0x3a C:\Users\suse1\AppData\Local\Temp\ccI642BW.o
 .text._is_digit
                0x080027cc       0x2e C:\Users\suse1\AppData\Local\Temp\ccI642BW.o
 .text._atoi    0x080027fa       0x48 C:\Users\suse1\AppData\Local\Temp\ccI642BW.o
 .text._out_rev
                0x08002842       0xa0 C:\Users\suse1\AppData\Local\Temp\ccI642BW.o
 .text._ntoa_format
                0x080028e2      0x1b8 C:\Users\suse1\AppData\Local\Temp\ccI642BW.o
 .text._ntoa_long
                0x08002a9a       0xce C:\Users\suse1\AppData\Local\Temp\ccI642BW.o
 .text._vsnprintf
                0x08002b68      0x7c8 C:\Users\suse1\AppData\Local\Temp\ccI642BW.o
 .text.printf_  0x08003330       0x38 C:\Users\suse1\AppData\Local\Temp\ccI642BW.o
                0x08003330                printf_
 .text.sprintf_
                0x08003368       0x38 C:\Users\suse1\AppData\Local\Temp\ccI642BW.o
                0x08003368                sprintf_
 .text.dump_stack
                0x080033a0       0x74 C:\Users\suse1\AppData\Local\Temp\ccWJujjW.o
                0x080033a0                dump_stack
 .text.disassembly_ins_is_bl_blx
                0x08003414       0x50 C:\Users\suse1\AppData\Local\Temp\ccWJujjW.o
 .text.backtrace_call_stack
                0x08003464       0xe4 C:\Users\suse1\AppData\Local\Temp\ccWJujjW.o
                0x08003464                backtrace_call_stack
 .text.print_call_stack
                0x08003548       0xe0 C:\Users\suse1\AppData\Local\Temp\ccWJujjW.o
                0x08003548                print_call_stack
 .text.backtrace_level_3
                0x08003628       0x4c C:\Users\suse1\AppData\Local\Temp\ccWJujjW.o
                0x08003628                backtrace_level_3
 .text.backtrace_level_2
                0x08003674       0x1c C:\Users\suse1\AppData\Local\Temp\ccWJujjW.o
                0x08003674                backtrace_level_2
 .text.backtrace_level_1
                0x08003690       0x1c C:\Users\suse1\AppData\Local\Temp\ccWJujjW.o
                0x08003690                backtrace_level_1
 .text.backtrace_test
                0x080036ac      0x174 C:\Users\suse1\AppData\Local\Temp\ccWJujjW.o
                0x080036ac                backtrace_test
 .text.LoopUntilEntry
                0x08003820       0x44 C:\Users\suse1\AppData\Local\Temp\ccWJujjW.o
                0x08003820                LoopUntilEntry
 .text.CalculateBLTargetAddress
                0x08003864       0x86 C:\Users\suse1\AppData\Local\Temp\ccWJujjW.o
                0x08003864                CalculateBLTargetAddress
 *fill*         0x080038ea        0x2 
 .text.CalculateTargetAddress
                0x080038ec       0x90 C:\Users\suse1\AppData\Local\Temp\ccWJujjW.o
                0x080038ec                CalculateTargetAddress
 .text.BackTraceSub
                0x0800397c       0xbc C:\Users\suse1\AppData\Local\Temp\ccWJujjW.o
                0x0800397c                BackTraceSub
 .text          0x08003a38       0x30 d:/program files (x86)/gnu tools arm embedded/7 2017-q4-major/bin/../lib/gcc/arm-none-eabi/7.2.1/thumb/v7e-m/fpv4-sp/hard\libgcc.a(_aeabi_uldivmod.o)
                0x08003a38                __aeabi_uldivmod
 .text          0x08003a68      0x2cc d:/program files (x86)/gnu tools arm embedded/7 2017-q4-major/bin/../lib/gcc/arm-none-eabi/7.2.1/thumb/v7e-m/fpv4-sp/hard\libgcc.a(_udivmoddi4.o)
                0x08003a68                __udivmoddi4
 .text          0x08003d34        0x4 d:/program files (x86)/gnu tools arm embedded/7 2017-q4-major/bin/../lib/gcc/arm-none-eabi/7.2.1/thumb/v7e-m/fpv4-sp/hard\libgcc.a(_dvmd_tls.o)
                0x08003d34                __aeabi_idiv0
                0x08003d34                __aeabi_ldiv0
 .text.__errno  0x08003d38        0xc d:/program files (x86)/gnu tools arm embedded/7 2017-q4-major/bin/../lib/gcc/arm-none-eabi/7.2.1/../../../../arm-none-eabi/lib/thumb/v7e-m/fpv4-sp/hard\libg.a(lib_a-errno.o)
                0x08003d38                __errno
 .text.__libc_init_array
                0x08003d44       0x48 d:/program files (x86)/gnu tools arm embedded/7 2017-q4-major/bin/../lib/gcc/arm-none-eabi/7.2.1/../../../../arm-none-eabi/lib/thumb/v7e-m/fpv4-sp/hard\libg.a(lib_a-init.o)
                0x08003d44                __libc_init_array
 .text          0x08003d8c      0x134 d:/program files (x86)/gnu tools arm embedded/7 2017-q4-major/bin/../lib/gcc/arm-none-eabi/7.2.1/../../../../arm-none-eabi/lib/thumb/v7e-m/fpv4-sp/hard\libg.a(lib_a-memcpy.o)
                0x08003d8c                memcpy
 .text.memset   0x08003ec0       0x94 d:/program files (x86)/gnu tools arm embedded/7 2017-q4-major/bin/../lib/gcc/arm-none-eabi/7.2.1/../../../../arm-none-eabi/lib/thumb/v7e-m/fpv4-sp/hard\libg.a(lib_a-memset.o)
                0x08003ec0                memset
 .text.printf   0x08003f54       0x28 d:/program files (x86)/gnu tools arm embedded/7 2017-q4-major/bin/../lib/gcc/arm-none-eabi/7.2.1/../../../../arm-none-eabi/lib/thumb/v7e-m/fpv4-sp/hard\libg.a(lib_a-printf.o)
                0x08003f54                printf
 *fill*         0x08003f7c        0x4 
 .text._vfprintf_r
                0x08003f80     0x150c d:/program files (x86)/gnu tools arm embedded/7 2017-q4-major/bin/../lib/gcc/arm-none-eabi/7.2.1/../../../../arm-none-eabi/lib/thumb/v7e-m/fpv4-sp/hard\libg.a(lib_a-vfprintf.o)
                0x08003f80                _vfprintf_r
 .text.__sbprintf
                0x0800548c       0x84 d:/program files (x86)/gnu tools arm embedded/7 2017-q4-major/bin/../lib/gcc/arm-none-eabi/7.2.1/../../../../arm-none-eabi/lib/thumb/v7e-m/fpv4-sp/hard\libg.a(lib_a-vfprintf.o)
 .text.__swsetup_r
                0x08005510       0xcc d:/program files (x86)/gnu tools arm embedded/7 2017-q4-major/bin/../lib/gcc/arm-none-eabi/7.2.1/../../../../arm-none-eabi/lib/thumb/v7e-m/fpv4-sp/hard\libg.a(lib_a-wsetup.o)
                0x08005510                __swsetup_r
 .text.startup.register_fini
                0x080055dc       0x14 d:/program files (x86)/gnu tools arm embedded/7 2017-q4-major/bin/../lib/gcc/arm-none-eabi/7.2.1/../../../../arm-none-eabi/lib/thumb/v7e-m/fpv4-sp/hard\libg.a(lib_a-__call_atexit.o)
 .text.atexit   0x080055f0        0xc d:/program files (x86)/gnu tools arm embedded/7 2017-q4-major/bin/../lib/gcc/arm-none-eabi/7.2.1/../../../../arm-none-eabi/lib/thumb/v7e-m/fpv4-sp/hard\libg.a(lib_a-atexit.o)
                0x080055f0                atexit
 .text.quorem   0x080055fc      0x124 d:/program files (x86)/gnu tools arm embedded/7 2017-q4-major/bin/../lib/gcc/arm-none-eabi/7.2.1/../../../../arm-none-eabi/lib/thumb/v7e-m/fpv4-sp/hard\libg.a(lib_a-dtoa.o)
 .text._dtoa_r  0x08005720      0xe28 d:/program files (x86)/gnu tools arm embedded/7 2017-q4-major/bin/../lib/gcc/arm-none-eabi/7.2.1/../../../../arm-none-eabi/lib/thumb/v7e-m/fpv4-sp/hard\libg.a(lib_a-dtoa.o)
                0x08005720                _dtoa_r
 .text.__sflush_r
                0x08006548      0x154 d:/program files (x86)/gnu tools arm embedded/7 2017-q4-major/bin/../lib/gcc/arm-none-eabi/7.2.1/../../../../arm-none-eabi/lib/thumb/v7e-m/fpv4-sp/hard\libg.a(lib_a-fflush.o)
                0x08006548                __sflush_r
 .text._fflush_r
                0x0800669c       0x5c d:/program files (x86)/gnu tools arm embedded/7 2017-q4-major/bin/../lib/gcc/arm-none-eabi/7.2.1/../../../../arm-none-eabi/lib/thumb/v7e-m/fpv4-sp/hard\libg.a(lib_a-fflush.o)
                0x0800669c                _fflush_r
 .text.std      0x080066f8       0x50 d:/program files (x86)/gnu tools arm embedded/7 2017-q4-major/bin/../lib/gcc/arm-none-eabi/7.2.1/../../../../arm-none-eabi/lib/thumb/v7e-m/fpv4-sp/hard\libg.a(lib_a-findfp.o)
 .text._cleanup_r
                0x08006748        0xc d:/program files (x86)/gnu tools arm embedded/7 2017-q4-major/bin/../lib/gcc/arm-none-eabi/7.2.1/../../../../arm-none-eabi/lib/thumb/v7e-m/fpv4-sp/hard\libg.a(lib_a-findfp.o)
                0x08006748                _cleanup_r
 .text.__sinit  0x08006754       0x58 d:/program files (x86)/gnu tools arm embedded/7 2017-q4-major/bin/../lib/gcc/arm-none-eabi/7.2.1/../../../../arm-none-eabi/lib/thumb/v7e-m/fpv4-sp/hard\libg.a(lib_a-findfp.o)
                0x08006754                __sinit
 .text.__sfp_lock_acquire
                0x080067ac        0xc d:/program files (x86)/gnu tools arm embedded/7 2017-q4-major/bin/../lib/gcc/arm-none-eabi/7.2.1/../../../../arm-none-eabi/lib/thumb/v7e-m/fpv4-sp/hard\libg.a(lib_a-findfp.o)
                0x080067ac                __sfp_lock_acquire
 .text.__sfp_lock_release
                0x080067b8        0xc d:/program files (x86)/gnu tools arm embedded/7 2017-q4-major/bin/../lib/gcc/arm-none-eabi/7.2.1/../../../../arm-none-eabi/lib/thumb/v7e-m/fpv4-sp/hard\libg.a(lib_a-findfp.o)
                0x080067b8                __sfp_lock_release
 .text.__libc_fini_array
                0x080067c4       0x34 d:/program files (x86)/gnu tools arm embedded/7 2017-q4-major/bin/../lib/gcc/arm-none-eabi/7.2.1/../../../../arm-none-eabi/lib/thumb/v7e-m/fpv4-sp/hard\libg.a(lib_a-fini.o)
                0x080067c4                __libc_fini_array
 .text._malloc_trim_r
                0x080067f8       0xa0 d:/program files (x86)/gnu tools arm embedded/7 2017-q4-major/bin/../lib/gcc/arm-none-eabi/7.2.1/../../../../arm-none-eabi/lib/thumb/v7e-m/fpv4-sp/hard\libg.a(lib_a-freer.o)
                0x080067f8                _malloc_trim_r
 .text._free_r  0x08006898      0x1e8 d:/program files (x86)/gnu tools arm embedded/7 2017-q4-major/bin/../lib/gcc/arm-none-eabi/7.2.1/../../../../arm-none-eabi/lib/thumb/v7e-m/fpv4-sp/hard\libg.a(lib_a-freer.o)
                0x08006898                _free_r
 .text._fwalk_reent
                0x08006a80       0x54 d:/program files (x86)/gnu tools arm embedded/7 2017-q4-major/bin/../lib/gcc/arm-none-eabi/7.2.1/../../../../arm-none-eabi/lib/thumb/v7e-m/fpv4-sp/hard\libg.a(lib_a-fwalk.o)
                0x08006a80                _fwalk_reent
 .text._localeconv_r
                0x08006ad4       0x1c d:/program files (x86)/gnu tools arm embedded/7 2017-q4-major/bin/../lib/gcc/arm-none-eabi/7.2.1/../../../../arm-none-eabi/lib/thumb/v7e-m/fpv4-sp/hard\libg.a(lib_a-localeconv.o)
                0x08006ad4                _localeconv_r
 .text.__retarget_lock_init_recursive
                0x08006af0        0x4 d:/program files (x86)/gnu tools arm embedded/7 2017-q4-major/bin/../lib/gcc/arm-none-eabi/7.2.1/../../../../arm-none-eabi/lib/thumb/v7e-m/fpv4-sp/hard\libg.a(lib_a-lock.o)
                0x08006af0                __retarget_lock_init_recursive
 .text.__retarget_lock_close_recursive
                0x08006af4        0x4 d:/program files (x86)/gnu tools arm embedded/7 2017-q4-major/bin/../lib/gcc/arm-none-eabi/7.2.1/../../../../arm-none-eabi/lib/thumb/v7e-m/fpv4-sp/hard\libg.a(lib_a-lock.o)
                0x08006af4                __retarget_lock_close_recursive
 .text.__retarget_lock_acquire_recursive
                0x08006af8        0x4 d:/program files (x86)/gnu tools arm embedded/7 2017-q4-major/bin/../lib/gcc/arm-none-eabi/7.2.1/../../../../arm-none-eabi/lib/thumb/v7e-m/fpv4-sp/hard\libg.a(lib_a-lock.o)
                0x08006af8                __retarget_lock_acquire_recursive
 .text.__retarget_lock_release_recursive
                0x08006afc        0x4 d:/program files (x86)/gnu tools arm embedded/7 2017-q4-major/bin/../lib/gcc/arm-none-eabi/7.2.1/../../../../arm-none-eabi/lib/thumb/v7e-m/fpv4-sp/hard\libg.a(lib_a-lock.o)
                0x08006afc                __retarget_lock_release_recursive
 .text.__swhatbuf_r
                0x08006b00       0x5c d:/program files (x86)/gnu tools arm embedded/7 2017-q4-major/bin/../lib/gcc/arm-none-eabi/7.2.1/../../../../arm-none-eabi/lib/thumb/v7e-m/fpv4-sp/hard\libg.a(lib_a-makebuf.o)
                0x08006b00                __swhatbuf_r
 .text.__smakebuf_r
                0x08006b5c       0x94 d:/program files (x86)/gnu tools arm embedded/7 2017-q4-major/bin/../lib/gcc/arm-none-eabi/7.2.1/../../../../arm-none-eabi/lib/thumb/v7e-m/fpv4-sp/hard\libg.a(lib_a-makebuf.o)
                0x08006b5c                __smakebuf_r
 .text._malloc_r
                0x08006bf0      0x548 d:/program files (x86)/gnu tools arm embedded/7 2017-q4-major/bin/../lib/gcc/arm-none-eabi/7.2.1/../../../../arm-none-eabi/lib/thumb/v7e-m/fpv4-sp/hard\libg.a(lib_a-mallocr.o)
                0x08006bf0                _malloc_r
 *fill*         0x08007138        0x8 
 .text          0x08007140       0xa0 d:/program files (x86)/gnu tools arm embedded/7 2017-q4-major/bin/../lib/gcc/arm-none-eabi/7.2.1/../../../../arm-none-eabi/lib/thumb/v7e-m/fpv4-sp/hard\libg.a(lib_a-memchr.o)
                0x08007140                memchr
 .text.__malloc_lock
                0x080071e0        0xc d:/program files (x86)/gnu tools arm embedded/7 2017-q4-major/bin/../lib/gcc/arm-none-eabi/7.2.1/../../../../arm-none-eabi/lib/thumb/v7e-m/fpv4-sp/hard\libg.a(lib_a-mlock.o)
                0x080071e0                __malloc_lock
 .text.__malloc_unlock
                0x080071ec        0xc d:/program files (x86)/gnu tools arm embedded/7 2017-q4-major/bin/../lib/gcc/arm-none-eabi/7.2.1/../../../../arm-none-eabi/lib/thumb/v7e-m/fpv4-sp/hard\libg.a(lib_a-mlock.o)
                0x080071ec                __malloc_unlock
 .text._Balloc  0x080071f8       0x4c d:/program files (x86)/gnu tools arm embedded/7 2017-q4-major/bin/../lib/gcc/arm-none-eabi/7.2.1/../../../../arm-none-eabi/lib/thumb/v7e-m/fpv4-sp/hard\libg.a(lib_a-mprec.o)
                0x080071f8                _Balloc
 .text._Bfree   0x08007244       0x14 d:/program files (x86)/gnu tools arm embedded/7 2017-q4-major/bin/../lib/gcc/arm-none-eabi/7.2.1/../../../../arm-none-eabi/lib/thumb/v7e-m/fpv4-sp/hard\libg.a(lib_a-mprec.o)
                0x08007244                _Bfree
 .text.__multadd
                0x08007258       0x80 d:/program files (x86)/gnu tools arm embedded/7 2017-q4-major/bin/../lib/gcc/arm-none-eabi/7.2.1/../../../../arm-none-eabi/lib/thumb/v7e-m/fpv4-sp/hard\libg.a(lib_a-mprec.o)
                0x08007258                __multadd
 .text.__hi0bits
                0x080072d8       0x40 d:/program files (x86)/gnu tools arm embedded/7 2017-q4-major/bin/../lib/gcc/arm-none-eabi/7.2.1/../../../../arm-none-eabi/lib/thumb/v7e-m/fpv4-sp/hard\libg.a(lib_a-mprec.o)
                0x080072d8                __hi0bits
 .text.__lo0bits
                0x08007318       0x60 d:/program files (x86)/gnu tools arm embedded/7 2017-q4-major/bin/../lib/gcc/arm-none-eabi/7.2.1/../../../../arm-none-eabi/lib/thumb/v7e-m/fpv4-sp/hard\libg.a(lib_a-mprec.o)
                0x08007318                __lo0bits
 .text.__i2b    0x08007378       0x14 d:/program files (x86)/gnu tools arm embedded/7 2017-q4-major/bin/../lib/gcc/arm-none-eabi/7.2.1/../../../../arm-none-eabi/lib/thumb/v7e-m/fpv4-sp/hard\libg.a(lib_a-mprec.o)
                0x08007378                __i2b
 .text.__multiply
                0x0800738c      0x14c d:/program files (x86)/gnu tools arm embedded/7 2017-q4-major/bin/../lib/gcc/arm-none-eabi/7.2.1/../../../../arm-none-eabi/lib/thumb/v7e-m/fpv4-sp/hard\libg.a(lib_a-mprec.o)
                0x0800738c                __multiply
 .text.__pow5mult
                0x080074d8       0xa0 d:/program files (x86)/gnu tools arm embedded/7 2017-q4-major/bin/../lib/gcc/arm-none-eabi/7.2.1/../../../../arm-none-eabi/lib/thumb/v7e-m/fpv4-sp/hard\libg.a(lib_a-mprec.o)
                0x080074d8                __pow5mult
 .text.__lshift
                0x08007578       0xac d:/program files (x86)/gnu tools arm embedded/7 2017-q4-major/bin/../lib/gcc/arm-none-eabi/7.2.1/../../../../arm-none-eabi/lib/thumb/v7e-m/fpv4-sp/hard\libg.a(lib_a-mprec.o)
                0x08007578                __lshift
 .text.__mcmp   0x08007624       0x38 d:/program files (x86)/gnu tools arm embedded/7 2017-q4-major/bin/../lib/gcc/arm-none-eabi/7.2.1/../../../../arm-none-eabi/lib/thumb/v7e-m/fpv4-sp/hard\libg.a(lib_a-mprec.o)
                0x08007624                __mcmp
 .text.__mdiff  0x0800765c       0xec d:/program files (x86)/gnu tools arm embedded/7 2017-q4-major/bin/../lib/gcc/arm-none-eabi/7.2.1/../../../../arm-none-eabi/lib/thumb/v7e-m/fpv4-sp/hard\libg.a(lib_a-mprec.o)
                0x0800765c                __mdiff
 .text.__d2b    0x08007748       0xc4 d:/program files (x86)/gnu tools arm embedded/7 2017-q4-major/bin/../lib/gcc/arm-none-eabi/7.2.1/../../../../arm-none-eabi/lib/thumb/v7e-m/fpv4-sp/hard\libg.a(lib_a-mprec.o)
                0x08007748                __d2b
 .text._sbrk_r  0x0800780c       0x24 d:/program files (x86)/gnu tools arm embedded/7 2017-q4-major/bin/../lib/gcc/arm-none-eabi/7.2.1/../../../../arm-none-eabi/lib/thumb/v7e-m/fpv4-sp/hard\libg.a(lib_a-sbrkr.o)
                0x0800780c                _sbrk_r
 .text.__sread  0x08007830       0x24 d:/program files (x86)/gnu tools arm embedded/7 2017-q4-major/bin/../lib/gcc/arm-none-eabi/7.2.1/../../../../arm-none-eabi/lib/thumb/v7e-m/fpv4-sp/hard\libg.a(lib_a-stdio.o)
                0x08007830                __sread
 .text.__swrite
                0x08007854       0x3c d:/program files (x86)/gnu tools arm embedded/7 2017-q4-major/bin/../lib/gcc/arm-none-eabi/7.2.1/../../../../arm-none-eabi/lib/thumb/v7e-m/fpv4-sp/hard\libg.a(lib_a-stdio.o)
                0x08007854                __swrite
 .text.__sseek  0x08007890       0x20 d:/program files (x86)/gnu tools arm embedded/7 2017-q4-major/bin/../lib/gcc/arm-none-eabi/7.2.1/../../../../arm-none-eabi/lib/thumb/v7e-m/fpv4-sp/hard\libg.a(lib_a-stdio.o)
                0x08007890                __sseek
 .text.__sclose
                0x080078b0        0x8 d:/program files (x86)/gnu tools arm embedded/7 2017-q4-major/bin/../lib/gcc/arm-none-eabi/7.2.1/../../../../arm-none-eabi/lib/thumb/v7e-m/fpv4-sp/hard\libg.a(lib_a-stdio.o)
                0x080078b0                __sclose
 *fill*         0x080078b8        0x8 
 .text          0x080078c0       0xdc d:/program files (x86)/gnu tools arm embedded/7 2017-q4-major/bin/../lib/gcc/arm-none-eabi/7.2.1/../../../../arm-none-eabi/lib/thumb/v7e-m/fpv4-sp/hard\libg.a(lib_a-strlen.o)
                0x080078c0                strlen
 .text.__sprint_r.part.0
                0x0800799c       0x78 d:/program files (x86)/gnu tools arm embedded/7 2017-q4-major/bin/../lib/gcc/arm-none-eabi/7.2.1/../../../../arm-none-eabi/lib/thumb/v7e-m/fpv4-sp/hard\libg.a(lib_a-vfiprintf.o)
 .text.__sprint_r
                0x08007a14       0x14 d:/program files (x86)/gnu tools arm embedded/7 2017-q4-major/bin/../lib/gcc/arm-none-eabi/7.2.1/../../../../arm-none-eabi/lib/thumb/v7e-m/fpv4-sp/hard\libg.a(lib_a-vfiprintf.o)
                0x08007a14                __sprint_r
 .text._write_r
                0x08007a28       0x2c d:/program files (x86)/gnu tools arm embedded/7 2017-q4-major/bin/../lib/gcc/arm-none-eabi/7.2.1/../../../../arm-none-eabi/lib/thumb/v7e-m/fpv4-sp/hard\libg.a(lib_a-writer.o)
                0x08007a28                _write_r
 .text.__register_exitproc
                0x08007a54       0xc0 d:/program files (x86)/gnu tools arm embedded/7 2017-q4-major/bin/../lib/gcc/arm-none-eabi/7.2.1/../../../../arm-none-eabi/lib/thumb/v7e-m/fpv4-sp/hard\libg.a(lib_a-__atexit.o)
                0x08007a54                __register_exitproc
 .text._calloc_r
                0x08007b14       0x68 d:/program files (x86)/gnu tools arm embedded/7 2017-q4-major/bin/../lib/gcc/arm-none-eabi/7.2.1/../../../../arm-none-eabi/lib/thumb/v7e-m/fpv4-sp/hard\libg.a(lib_a-callocr.o)
                0x08007b14                _calloc_r
 .text._close_r
                0x08007b7c       0x24 d:/program files (x86)/gnu tools arm embedded/7 2017-q4-major/bin/../lib/gcc/arm-none-eabi/7.2.1/../../../../arm-none-eabi/lib/thumb/v7e-m/fpv4-sp/hard\libg.a(lib_a-closer.o)
                0x08007b7c                _close_r
 .text._fclose_r
                0x08007ba0       0xd0 d:/program files (x86)/gnu tools arm embedded/7 2017-q4-major/bin/../lib/gcc/arm-none-eabi/7.2.1/../../../../arm-none-eabi/lib/thumb/v7e-m/fpv4-sp/hard\libg.a(lib_a-fclose.o)
                0x08007ba0                _fclose_r
 .text.__fputwc
                0x08007c70       0xa0 d:/program files (x86)/gnu tools arm embedded/7 2017-q4-major/bin/../lib/gcc/arm-none-eabi/7.2.1/../../../../arm-none-eabi/lib/thumb/v7e-m/fpv4-sp/hard\libg.a(lib_a-fputwc.o)
                0x08007c70                __fputwc
 .text._fputwc_r
                0x08007d10       0x64 d:/program files (x86)/gnu tools arm embedded/7 2017-q4-major/bin/../lib/gcc/arm-none-eabi/7.2.1/../../../../arm-none-eabi/lib/thumb/v7e-m/fpv4-sp/hard\libg.a(lib_a-fputwc.o)
                0x08007d10                _fputwc_r
 .text._fstat_r
                0x08007d74       0x28 d:/program files (x86)/gnu tools arm embedded/7 2017-q4-major/bin/../lib/gcc/arm-none-eabi/7.2.1/../../../../arm-none-eabi/lib/thumb/v7e-m/fpv4-sp/hard\libg.a(lib_a-fstatr.o)
                0x08007d74                _fstat_r
 .text.__sfvwrite_r
                0x08007d9c      0x2fc d:/program files (x86)/gnu tools arm embedded/7 2017-q4-major/bin/../lib/gcc/arm-none-eabi/7.2.1/../../../../arm-none-eabi/lib/thumb/v7e-m/fpv4-sp/hard\libg.a(lib_a-fvwrite.o)
                0x08007d9c                __sfvwrite_r
 .text._isatty_r
                0x08008098       0x24 d:/program files (x86)/gnu tools arm embedded/7 2017-q4-major/bin/../lib/gcc/arm-none-eabi/7.2.1/../../../../arm-none-eabi/lib/thumb/v7e-m/fpv4-sp/hard\libg.a(lib_a-isattyr.o)
                0x08008098                _isatty_r
 .text.__locale_mb_cur_max
                0x080080bc       0x1c d:/program files (x86)/gnu tools arm embedded/7 2017-q4-major/bin/../lib/gcc/arm-none-eabi/7.2.1/../../../../arm-none-eabi/lib/thumb/v7e-m/fpv4-sp/hard\libg.a(lib_a-locale.o)
                0x080080bc                __locale_mb_cur_max
 .text._lseek_r
                0x080080d8       0x2c d:/program files (x86)/gnu tools arm embedded/7 2017-q4-major/bin/../lib/gcc/arm-none-eabi/7.2.1/../../../../arm-none-eabi/lib/thumb/v7e-m/fpv4-sp/hard\libg.a(lib_a-lseekr.o)
                0x080080d8                _lseek_r
 .text.__ascii_mbtowc
                0x08008104       0x2c d:/program files (x86)/gnu tools arm embedded/7 2017-q4-major/bin/../lib/gcc/arm-none-eabi/7.2.1/../../../../arm-none-eabi/lib/thumb/v7e-m/fpv4-sp/hard\libg.a(lib_a-mbtowc_r.o)
                0x08008104                __ascii_mbtowc
 .text.memmove  0x08008130       0xc8 d:/program files (x86)/gnu tools arm embedded/7 2017-q4-major/bin/../lib/gcc/arm-none-eabi/7.2.1/../../../../arm-none-eabi/lib/thumb/v7e-m/fpv4-sp/hard\libg.a(lib_a-memmove.o)
                0x08008130                memmove
 .text._read_r  0x080081f8       0x2c d:/program files (x86)/gnu tools arm embedded/7 2017-q4-major/bin/../lib/gcc/arm-none-eabi/7.2.1/../../../../arm-none-eabi/lib/thumb/v7e-m/fpv4-sp/hard\libg.a(lib_a-readr.o)
                0x080081f8                _read_r
 .text._realloc_r
                0x08008224      0x35c d:/program files (x86)/gnu tools arm embedded/7 2017-q4-major/bin/../lib/gcc/arm-none-eabi/7.2.1/../../../../arm-none-eabi/lib/thumb/v7e-m/fpv4-sp/hard\libg.a(lib_a-reallocr.o)
                0x08008224                _realloc_r
 .text.__swbuf_r
                0x08008580       0xb0 d:/program files (x86)/gnu tools arm embedded/7 2017-q4-major/bin/../lib/gcc/arm-none-eabi/7.2.1/../../../../arm-none-eabi/lib/thumb/v7e-m/fpv4-sp/hard\libg.a(lib_a-wbuf.o)
                0x08008580                __swbuf_r
 .text._wcrtomb_r
                0x08008630       0x50 d:/program files (x86)/gnu tools arm embedded/7 2017-q4-major/bin/../lib/gcc/arm-none-eabi/7.2.1/../../../../arm-none-eabi/lib/thumb/v7e-m/fpv4-sp/hard\libg.a(lib_a-wcrtomb.o)
                0x08008630                _wcrtomb_r
 .text.__ascii_wctomb
                0x08008680       0x1c d:/program files (x86)/gnu tools arm embedded/7 2017-q4-major/bin/../lib/gcc/arm-none-eabi/7.2.1/../../../../arm-none-eabi/lib/thumb/v7e-m/fpv4-sp/hard\libg.a(lib_a-wctomb_r.o)
                0x08008680                __ascii_wctomb
 .text          0x0800869c      0x378 d:/program files (x86)/gnu tools arm embedded/7 2017-q4-major/bin/../lib/gcc/arm-none-eabi/7.2.1/thumb/v7e-m/fpv4-sp/hard\libgcc.a(_arm_addsubdf3.o)
                0x0800869c                __aeabi_drsub
                0x080086a4                __aeabi_dsub
                0x080086a4                __subdf3
                0x080086a8                __aeabi_dadd
                0x080086a8                __adddf3
                0x08008920                __floatunsidf
                0x08008920                __aeabi_ui2d
                0x08008940                __floatsidf
                0x08008940                __aeabi_i2d
                0x08008964                __aeabi_f2d
                0x08008964                __extendsfdf2
                0x080089a8                __floatundidf
                0x080089a8                __aeabi_ul2d
                0x080089b8                __floatdidf
                0x080089b8                __aeabi_l2d
 .text          0x08008a14      0x424 d:/program files (x86)/gnu tools arm embedded/7 2017-q4-major/bin/../lib/gcc/arm-none-eabi/7.2.1/thumb/v7e-m/fpv4-sp/hard\libgcc.a(_arm_muldivdf3.o)
                0x08008a14                __aeabi_dmul
                0x08008a14                __muldf3
                0x08008c68                __divdf3
                0x08008c68                __aeabi_ddiv
 .text          0x08008e38      0x110 d:/program files (x86)/gnu tools arm embedded/7 2017-q4-major/bin/../lib/gcc/arm-none-eabi/7.2.1/thumb/v7e-m/fpv4-sp/hard\libgcc.a(_arm_cmpdf2.o)
                0x08008e38                __gtdf2
                0x08008e38                __gedf2
                0x08008e40                __ltdf2
                0x08008e40                __ledf2
                0x08008e48                __nedf2
                0x08008e48                __eqdf2
                0x08008e48                __cmpdf2
                0x08008ec4                __aeabi_cdrcmple
                0x08008ed4                __aeabi_cdcmpeq
                0x08008ed4                __aeabi_cdcmple
                0x08008ee4                __aeabi_dcmpeq
                0x08008ef8                __aeabi_dcmplt
                0x08008f0c                __aeabi_dcmple
                0x08008f20                __aeabi_dcmpge
                0x08008f34                __aeabi_dcmpgt
 .text          0x08008f48       0x2c d:/program files (x86)/gnu tools arm embedded/7 2017-q4-major/bin/../lib/gcc/arm-none-eabi/7.2.1/thumb/v7e-m/fpv4-sp/hard\libgcc.a(_arm_unorddf2.o)
                0x08008f48                __unorddf2
                0x08008f48                __aeabi_dcmpun
 .text          0x08008f74       0x50 d:/program files (x86)/gnu tools arm embedded/7 2017-q4-major/bin/../lib/gcc/arm-none-eabi/7.2.1/thumb/v7e-m/fpv4-sp/hard\libgcc.a(_arm_fixdfsi.o)
                0x08008f74                __aeabi_d2iz
                0x08008f74                __fixdfsi
 *(.init)
 .init          0x08008fc4        0x4 d:/program files (x86)/gnu tools arm embedded/7 2017-q4-major/bin/../lib/gcc/arm-none-eabi/7.2.1/thumb/v7e-m/fpv4-sp/hard/crti.o
                0x08008fc4                _init
 .init          0x08008fc8        0x8 d:/program files (x86)/gnu tools arm embedded/7 2017-q4-major/bin/../lib/gcc/arm-none-eabi/7.2.1/thumb/v7e-m/fpv4-sp/hard/crtn.o
 *(.fini)
 .fini          0x08008fd0        0x4 d:/program files (x86)/gnu tools arm embedded/7 2017-q4-major/bin/../lib/gcc/arm-none-eabi/7.2.1/thumb/v7e-m/fpv4-sp/hard/crti.o
                0x08008fd0                _fini
 .fini          0x08008fd4        0x8 d:/program files (x86)/gnu tools arm embedded/7 2017-q4-major/bin/../lib/gcc/arm-none-eabi/7.2.1/thumb/v7e-m/fpv4-sp/hard/crtn.o
 *crtbegin.o(.ctors)
 *crtbegin?.o(.ctors)
 *(EXCLUDE_FILE(*crtend.o *crtend?.o) .ctors)
 *(SORT_BY_NAME(.ctors.*))
 *(.ctors)
 *crtbegin.o(.dtors)
 *crtbegin?.o(.dtors)
 *(EXCLUDE_FILE(*crtend.o *crtend?.o) .dtors)
 *(SORT_BY_NAME(.dtors.*))
 *(.dtors)
 *(.rodata*)
 .rodata        0x08008fdc       0x20 C:\Users\suse1\AppData\Local\Temp\ccGjJF0C.o
 .rodata        0x08008ffc        0x6 C:\Users\suse1\AppData\Local\Temp\ccS9fpnz.o
 *fill*         0x08009002        0x2 
 .rodata.__func__.11164
                0x08009004       0x12 C:\Users\suse1\AppData\Local\Temp\ccS9fpnz.o
 *fill*         0x08009016        0x2 
 .rodata.AHBPrescTable
                0x08009018       0x10 C:\Users\suse1\AppData\Local\Temp\cck8eVdo.o
                0x08009018                AHBPrescTable
 .rodata.APBPrescTable
                0x08009028        0x8 C:\Users\suse1\AppData\Local\Temp\cck8eVdo.o
                0x08009028                APBPrescTable
 .rodata.flagBitshiftOffset.10106
                0x08009030        0x8 C:\Users\suse1\AppData\Local\Temp\ccshavs8.o
 .rodata        0x08009038      0xa77 C:\Users\suse1\AppData\Local\Temp\ccWJujjW.o
 *fill*         0x08009aaf        0x1 
 .rodata.__func__.7493
                0x08009ab0        0xb C:\Users\suse1\AppData\Local\Temp\ccWJujjW.o
 *fill*         0x08009abb        0x1 
 .rodata.__func__.7564
                0x08009abc       0x11 C:\Users\suse1\AppData\Local\Temp\ccWJujjW.o
 *fill*         0x08009acd        0x3 
 .rodata.__func__.7573
                0x08009ad0       0x12 C:\Users\suse1\AppData\Local\Temp\ccWJujjW.o
 *fill*         0x08009ae2        0x2 
 .rodata.__func__.7577
                0x08009ae4       0x12 C:\Users\suse1\AppData\Local\Temp\ccWJujjW.o
 *fill*         0x08009af6        0x2 
 .rodata.__func__.7581
                0x08009af8       0x12 C:\Users\suse1\AppData\Local\Temp\ccWJujjW.o
 *fill*         0x08009b0a        0x2 
 .rodata.__func__.7588
                0x08009b0c        0xf C:\Users\suse1\AppData\Local\Temp\ccWJujjW.o
 *fill*         0x08009b1b        0x1 
 .rodata._global_impure_ptr
                0x08009b1c        0x4 d:/program files (x86)/gnu tools arm embedded/7 2017-q4-major/bin/../lib/gcc/arm-none-eabi/7.2.1/../../../../arm-none-eabi/lib/thumb/v7e-m/fpv4-sp/hard\libg.a(lib_a-impure.o)
                0x08009b1c                _global_impure_ptr
 .rodata._vfprintf_r.str1.4
                0x08009b20       0x42 d:/program files (x86)/gnu tools arm embedded/7 2017-q4-major/bin/../lib/gcc/arm-none-eabi/7.2.1/../../../../arm-none-eabi/lib/thumb/v7e-m/fpv4-sp/hard\libg.a(lib_a-vfprintf.o)
 *fill*         0x08009b62        0x2 
 .rodata.blanks.8566
                0x08009b64       0x10 d:/program files (x86)/gnu tools arm embedded/7 2017-q4-major/bin/../lib/gcc/arm-none-eabi/7.2.1/../../../../arm-none-eabi/lib/thumb/v7e-m/fpv4-sp/hard\libg.a(lib_a-vfprintf.o)
 .rodata.zeroes.8567
                0x08009b74       0x10 d:/program files (x86)/gnu tools arm embedded/7 2017-q4-major/bin/../lib/gcc/arm-none-eabi/7.2.1/../../../../arm-none-eabi/lib/thumb/v7e-m/fpv4-sp/hard\libg.a(lib_a-vfprintf.o)
 .rodata._dtoa_r.str1.4
                0x08009b84       0x10 d:/program files (x86)/gnu tools arm embedded/7 2017-q4-major/bin/../lib/gcc/arm-none-eabi/7.2.1/../../../../arm-none-eabi/lib/thumb/v7e-m/fpv4-sp/hard\libg.a(lib_a-dtoa.o)
                                 0x12 (size before relaxing)
 *fill*         0x08009b94        0x4 
 .rodata.__mprec_bigtens
                0x08009b98       0x28 d:/program files (x86)/gnu tools arm embedded/7 2017-q4-major/bin/../lib/gcc/arm-none-eabi/7.2.1/../../../../arm-none-eabi/lib/thumb/v7e-m/fpv4-sp/hard\libg.a(lib_a-mprec.o)
                0x08009b98                __mprec_bigtens
 .rodata.__mprec_tens
                0x08009bc0       0xc8 d:/program files (x86)/gnu tools arm embedded/7 2017-q4-major/bin/../lib/gcc/arm-none-eabi/7.2.1/../../../../arm-none-eabi/lib/thumb/v7e-m/fpv4-sp/hard\libg.a(lib_a-mprec.o)
                0x08009bc0                __mprec_tens
 .rodata.p05.7367
                0x08009c88        0xc d:/program files (x86)/gnu tools arm embedded/7 2017-q4-major/bin/../lib/gcc/arm-none-eabi/7.2.1/../../../../arm-none-eabi/lib/thumb/v7e-m/fpv4-sp/hard\libg.a(lib_a-mprec.o)
 .rodata._setlocale_r.str1.4
                0x08009c94        0xa d:/program files (x86)/gnu tools arm embedded/7 2017-q4-major/bin/../lib/gcc/arm-none-eabi/7.2.1/../../../../arm-none-eabi/lib/thumb/v7e-m/fpv4-sp/hard\libg.a(lib_a-locale.o)
                                  0xd (size before relaxing)
 *fill*         0x08009c9e        0x2 
 .rodata.str1.4
                0x08009ca0        0x4 d:/program files (x86)/gnu tools arm embedded/7 2017-q4-major/bin/../lib/gcc/arm-none-eabi/7.2.1/../../../../arm-none-eabi/lib/thumb/v7e-m/fpv4-sp/hard\libg.a(lib_a-locale.o)
                                  0x2 (size before relaxing)
 .rodata._ctype_
                0x08009ca4      0x101 d:/program files (x86)/gnu tools arm embedded/7 2017-q4-major/bin/../lib/gcc/arm-none-eabi/7.2.1/../../../../arm-none-eabi/lib/thumb/v7e-m/fpv4-sp/hard\libg.a(lib_a-ctype_.o)
                0x08009ca4                _ctype_
 *(.eh_frame*)
 *fill*         0x08009da5        0x3 
 .eh_frame      0x08009da8        0x0 d:/program files (x86)/gnu tools arm embedded/7 2017-q4-major/bin/../lib/gcc/arm-none-eabi/7.2.1/thumb/v7e-m/fpv4-sp/hard/crtbegin.o
 .eh_frame      0x08009da8        0x4 d:/program files (x86)/gnu tools arm embedded/7 2017-q4-major/bin/../lib/gcc/arm-none-eabi/7.2.1/thumb/v7e-m/fpv4-sp/hard/crtend.o
                0x08009dac                __shell_command_start = .

.glue_7         0x08009dac        0x0
 .glue_7        0x08009dac        0x0 linker stubs

.glue_7t        0x08009dac        0x0
 .glue_7t       0x08009dac        0x0 linker stubs

.vfp11_veneer   0x08009dac        0x0
 .vfp11_veneer  0x08009dac        0x0 linker stubs

.v4_bx          0x08009dac        0x0
 .v4_bx         0x08009dac        0x0 linker stubs

.iplt           0x08009dac        0x0
 .iplt          0x08009dac        0x0 d:/program files (x86)/gnu tools arm embedded/7 2017-q4-major/bin/../lib/gcc/arm-none-eabi/7.2.1/thumb/v7e-m/fpv4-sp/hard/crtbegin.o

.shell_command
 *(.shell_command)
                0x08009dac                __shell_command_end = .

.ARM.extab
 *(.ARM.extab* .gnu.linkonce.armextab.*)
                0x08009dac                __exidx_start = .

.ARM.exidx      0x08009dac        0x8
 *(.ARM.exidx* .gnu.linkonce.armexidx.*)
 .ARM.exidx     0x08009dac        0x8 d:/program files (x86)/gnu tools arm embedded/7 2017-q4-major/bin/../lib/gcc/arm-none-eabi/7.2.1/thumb/v7e-m/fpv4-sp/hard\libgcc.a(_udivmoddi4.o)
                0x08009db4                __exidx_end = .
                0x00009dac                sizeoftext = SIZEOF (.text)
                0x08009db4                __etext = .
                0x08009db4                PROVIDE (_etext, .)
                0x08009db4                _exit = .

.rel.dyn        0x08009db4        0x0
 .rel.iplt      0x08009db4        0x0 d:/program files (x86)/gnu tools arm embedded/7 2017-q4-major/bin/../lib/gcc/arm-none-eabi/7.2.1/thumb/v7e-m/fpv4-sp/hard/crtbegin.o

.data           0x20000000      0x9cc load address 0x08009db4
                0x20000000                __data_start__ = .
                0x20000000                _sdata = __data_start__
 *(vtable)
 *(.data*)
 .data.SystemCoreClock
                0x20000000        0x4 C:\Users\suse1\AppData\Local\Temp\cck8eVdo.o
                0x20000000                SystemCoreClock
 .data.uwTickPrio
                0x20000004        0x4 C:\Users\suse1\AppData\Local\Temp\ccvdssBO.o
                0x20000004                uwTickPrio
 .data.uwTickFreq
                0x20000008        0x1 C:\Users\suse1\AppData\Local\Temp\ccvdssBO.o
                0x20000008                uwTickFreq
 *fill*         0x20000009        0x3 
 .data.GPIO_PORT
                0x2000000c        0x4 C:\Users\suse1\AppData\Local\Temp\ccCQc5l9.o
                0x2000000c                GPIO_PORT
 .data._impure_ptr
                0x20000010        0x4 d:/program files (x86)/gnu tools arm embedded/7 2017-q4-major/bin/../lib/gcc/arm-none-eabi/7.2.1/../../../../arm-none-eabi/lib/thumb/v7e-m/fpv4-sp/hard\libg.a(lib_a-impure.o)
                0x20000010                _impure_ptr
 *fill*         0x20000014        0x4 
 .data.impure_data
                0x20000018      0x428 d:/program files (x86)/gnu tools arm embedded/7 2017-q4-major/bin/../lib/gcc/arm-none-eabi/7.2.1/../../../../arm-none-eabi/lib/thumb/v7e-m/fpv4-sp/hard\libg.a(lib_a-impure.o)
 .data.__atexit_recursive_mutex
                0x20000440        0x4 d:/program files (x86)/gnu tools arm embedded/7 2017-q4-major/bin/../lib/gcc/arm-none-eabi/7.2.1/../../../../arm-none-eabi/lib/thumb/v7e-m/fpv4-sp/hard\libg.a(lib_a-__call_atexit.o)
                0x20000440                __atexit_recursive_mutex
 .data.__malloc_av_
                0x20000444      0x408 d:/program files (x86)/gnu tools arm embedded/7 2017-q4-major/bin/../lib/gcc/arm-none-eabi/7.2.1/../../../../arm-none-eabi/lib/thumb/v7e-m/fpv4-sp/hard\libg.a(lib_a-mallocr.o)
                0x20000444                __malloc_av_
 .data.__malloc_sbrk_base
                0x2000084c        0x4 d:/program files (x86)/gnu tools arm embedded/7 2017-q4-major/bin/../lib/gcc/arm-none-eabi/7.2.1/../../../../arm-none-eabi/lib/thumb/v7e-m/fpv4-sp/hard\libg.a(lib_a-mallocr.o)
                0x2000084c                __malloc_sbrk_base
 .data.__malloc_trim_threshold
                0x20000850        0x4 d:/program files (x86)/gnu tools arm embedded/7 2017-q4-major/bin/../lib/gcc/arm-none-eabi/7.2.1/../../../../arm-none-eabi/lib/thumb/v7e-m/fpv4-sp/hard\libg.a(lib_a-mallocr.o)
                0x20000850                __malloc_trim_threshold
 .data.__global_locale
                0x20000854      0x16c d:/program files (x86)/gnu tools arm embedded/7 2017-q4-major/bin/../lib/gcc/arm-none-eabi/7.2.1/../../../../arm-none-eabi/lib/thumb/v7e-m/fpv4-sp/hard\libg.a(lib_a-locale.o)
                0x20000854                __global_locale
                0x200009c0                . = ALIGN (0x4)
                0x200009c0                PROVIDE (__preinit_array_start, .)
 *(.preinit_array)
                0x200009c0                PROVIDE (__preinit_array_end, .)
                0x200009c0                . = ALIGN (0x4)
                0x200009c0                PROVIDE (__init_array_start, .)
 *(SORT_BY_NAME(.init_array.*))
 .init_array.00000
                0x200009c0        0x4 d:/program files (x86)/gnu tools arm embedded/7 2017-q4-major/bin/../lib/gcc/arm-none-eabi/7.2.1/../../../../arm-none-eabi/lib/thumb/v7e-m/fpv4-sp/hard\libg.a(lib_a-__call_atexit.o)
 *(.init_array)
 .init_array    0x200009c4        0x4 d:/program files (x86)/gnu tools arm embedded/7 2017-q4-major/bin/../lib/gcc/arm-none-eabi/7.2.1/thumb/v7e-m/fpv4-sp/hard/crtbegin.o
                0x200009c8                PROVIDE (__init_array_end, .)
                0x200009c8                . = ALIGN (0x4)
                0x200009c8                PROVIDE (__fini_array_start, .)
 *(SORT_BY_NAME(.fini_array.*))
 *(.fini_array)
 .fini_array    0x200009c8        0x4 d:/program files (x86)/gnu tools arm embedded/7 2017-q4-major/bin/../lib/gcc/arm-none-eabi/7.2.1/thumb/v7e-m/fpv4-sp/hard/crtbegin.o
                0x200009cc                PROVIDE (__fini_array_end, .)
 *(.jcr*)
                0x200009cc                . = ALIGN (0x4)
                0x200009cc                __data_end__ = .
                0x200009cc                _edata = __data_end__
                0x08009db4                _sidata = LOADADDR (.data)

.igot.plt       0x200009cc        0x0 load address 0x0800a780
 .igot.plt      0x200009cc        0x0 d:/program files (x86)/gnu tools arm embedded/7 2017-q4-major/bin/../lib/gcc/arm-none-eabi/7.2.1/thumb/v7e-m/fpv4-sp/hard/crtbegin.o

.bss            0x200009cc      0x28c load address 0x0800a780
                0x200009cc                . = ALIGN (0x4)
                0x200009cc                __bss_start__ = .
                0x200009cc                _sbss = __bss_start__
 *(.bss*)
 .bss           0x200009cc       0x1c d:/program files (x86)/gnu tools arm embedded/7 2017-q4-major/bin/../lib/gcc/arm-none-eabi/7.2.1/thumb/v7e-m/fpv4-sp/hard/crtbegin.o
 .bss.this      0x200009e8       0x4c C:\Users\suse1\AppData\Local\Temp\ccGjJF0C.o
 .bss.hdma_tx.11143
                0x20000a34       0x60 C:\Users\suse1\AppData\Local\Temp\ccigzm3V.o
 .bss.hdma_rx.11144
                0x20000a94       0x60 C:\Users\suse1\AppData\Local\Temp\ccigzm3V.o
 .bss.heap_end.6754
                0x20000af4        0x4 C:\Users\suse1\AppData\Local\Temp\ccWOF0Ln.o
 .bss.code_start_addr
                0x20000af8        0x4 C:\Users\suse1\AppData\Local\Temp\ccWJujjW.o
                0x20000af8                code_start_addr
 .bss.code_end_addr
                0x20000afc        0x4 C:\Users\suse1\AppData\Local\Temp\ccWJujjW.o
                0x20000afc                code_end_addr
 .bss.code_size
                0x20000b00        0x4 C:\Users\suse1\AppData\Local\Temp\ccWJujjW.o
                0x20000b00                code_size
 .bss.stack_start_addr
                0x20000b04        0x4 C:\Users\suse1\AppData\Local\Temp\ccWJujjW.o
                0x20000b04                stack_start_addr
 .bss.stack_end_addr
                0x20000b08        0x4 C:\Users\suse1\AppData\Local\Temp\ccWJujjW.o
                0x20000b08                stack_end_addr
 .bss.stack_size
                0x20000b0c        0x4 C:\Users\suse1\AppData\Local\Temp\ccWJujjW.o
                0x20000b0c                stack_size
 .bss.heap_start_addr
                0x20000b10        0x4 C:\Users\suse1\AppData\Local\Temp\ccWJujjW.o
                0x20000b10                heap_start_addr
 .bss.heap_end_addr
                0x20000b14        0x4 C:\Users\suse1\AppData\Local\Temp\ccWJujjW.o
                0x20000b14                heap_end_addr
 .bss.heap_size
                0x20000b18        0x4 C:\Users\suse1\AppData\Local\Temp\ccWJujjW.o
                0x20000b18                heap_size
 .bss.call_stack_info
                0x20000b1c       0x90 C:\Users\suse1\AppData\Local\Temp\ccWJujjW.o
 .bss.tmpBL.7612
                0x20000bac        0x4 C:\Users\suse1\AppData\Local\Temp\ccWJujjW.o
 .bss.tmpJump.7618
                0x20000bb0        0x4 C:\Users\suse1\AppData\Local\Temp\ccWJujjW.o
 .bss.__malloc_current_mallinfo
                0x20000bb4       0x28 d:/program files (x86)/gnu tools arm embedded/7 2017-q4-major/bin/../lib/gcc/arm-none-eabi/7.2.1/../../../../arm-none-eabi/lib/thumb/v7e-m/fpv4-sp/hard\libg.a(lib_a-mallocr.o)
                0x20000bb4                __malloc_current_mallinfo
 .bss.__malloc_max_sbrked_mem
                0x20000bdc        0x4 d:/program files (x86)/gnu tools arm embedded/7 2017-q4-major/bin/../lib/gcc/arm-none-eabi/7.2.1/../../../../arm-none-eabi/lib/thumb/v7e-m/fpv4-sp/hard\libg.a(lib_a-mallocr.o)
                0x20000bdc                __malloc_max_sbrked_mem
 .bss.__malloc_max_total_mem
                0x20000be0        0x4 d:/program files (x86)/gnu tools arm embedded/7 2017-q4-major/bin/../lib/gcc/arm-none-eabi/7.2.1/../../../../arm-none-eabi/lib/thumb/v7e-m/fpv4-sp/hard\libg.a(lib_a-mallocr.o)
                0x20000be0                __malloc_max_total_mem
 .bss.__malloc_top_pad
                0x20000be4        0x4 d:/program files (x86)/gnu tools arm embedded/7 2017-q4-major/bin/../lib/gcc/arm-none-eabi/7.2.1/../../../../arm-none-eabi/lib/thumb/v7e-m/fpv4-sp/hard\libg.a(lib_a-mallocr.o)
                0x20000be4                __malloc_top_pad
 *(COMMON)
 COMMON         0x20000be8       0x44 C:\Users\suse1\AppData\Local\Temp\ccgjAvwz.o
                0x20000be8                UartHandle
 COMMON         0x20000c2c        0x4 C:\Users\suse1\AppData\Local\Temp\ccvdssBO.o
                0x20000c2c                uwTick
 COMMON         0x20000c30       0x21 d:/program files (x86)/gnu tools arm embedded/7 2017-q4-major/bin/../lib/gcc/arm-none-eabi/7.2.1/../../../../arm-none-eabi/lib/thumb/v7e-m/fpv4-sp/hard\libg.a(lib_a-lock.o)
                0x20000c30                __lock___atexit_recursive_mutex
                0x20000c34                __lock___arc4random_mutex
                0x20000c38                __lock___env_recursive_mutex
                0x20000c3c                __lock___sinit_recursive_mutex
                0x20000c40                __lock___malloc_recursive_mutex
                0x20000c44                __lock___at_quick_exit_mutex
                0x20000c48                __lock___dd_hash_mutex
                0x20000c4c                __lock___tz_mutex
                0x20000c50                __lock___sfp_recursive_mutex
 *fill*         0x20000c51        0x3 
 COMMON         0x20000c54        0x4 d:/program files (x86)/gnu tools arm embedded/7 2017-q4-major/bin/../lib/gcc/arm-none-eabi/7.2.1/../../../../arm-none-eabi/lib/thumb/v7e-m/fpv4-sp/hard\libg.a(lib_a-reent.o)
                0x20000c54                errno
                0x20000c58                . = ALIGN (0x4)
                0x20000c58                __bss_end__ = .
                0x20000c58                _ebss = __bss_end__

.heap           0x20000c58        0x0
                0x20000c58                _sheap = .
                0x20000c58                __end__ = .
                0x20000c58                PROVIDE (end, .)
 *(.heap*)
                0x20000c58                __HeapLimit = .
                0x20000c58                _eheap = .

.stack_dummy    0x20000c58        0x0
 *(.stack*)
                0x20018000                PROVIDE (__StackTop, (ORIGIN (RAM) + LENGTH (RAM)))
                0x20018000                PROVIDE (__StackLimit, (__StackTop - SIZEOF (.stack_dummy)))
                0x20018000                PROVIDE (__stack, __StackTop)
                0x00001000                PROVIDE (_stacksize, 0x1000)
                0x20016fff                PROVIDE (_sstack, (_estack - _stacksize))
                0x00000001                ASSERT ((__StackLimit >= __HeapLimit), region RAM overflowed with stack)
OUTPUT(../../../../build/stm32f4xx/main.elf elf32-littlearm)

.ARM.attributes
                0x00000000       0x30
 .ARM.attributes
                0x00000000       0x22 d:/program files (x86)/gnu tools arm embedded/7 2017-q4-major/bin/../lib/gcc/arm-none-eabi/7.2.1/thumb/v7e-m/fpv4-sp/hard/crti.o
 .ARM.attributes
                0x00000022       0x34 d:/program files (x86)/gnu tools arm embedded/7 2017-q4-major/bin/../lib/gcc/arm-none-eabi/7.2.1/thumb/v7e-m/fpv4-sp/hard/crtbegin.o
 .ARM.attributes
                0x00000056       0x21 C:\Users\suse1\AppData\Local\Temp\ccjEoXNy.o
 .ARM.attributes
                0x00000077       0x39 C:\Users\suse1\AppData\Local\Temp\ccf9tEyD.o
 .ARM.attributes
                0x000000b0       0x39 C:\Users\suse1\AppData\Local\Temp\ccgjAvwz.o
 .ARM.attributes
                0x000000e9       0x39 C:\Users\suse1\AppData\Local\Temp\ccGjJF0C.o
 .ARM.attributes
                0x00000122       0x39 C:\Users\suse1\AppData\Local\Temp\ccigzm3V.o
 .ARM.attributes
                0x0000015b       0x39 C:\Users\suse1\AppData\Local\Temp\ccS9fpnz.o
 .ARM.attributes
                0x00000194       0x39 C:\Users\suse1\AppData\Local\Temp\ccWOF0Ln.o
 .ARM.attributes
                0x000001cd       0x39 C:\Users\suse1\AppData\Local\Temp\cck8eVdo.o
 .ARM.attributes
                0x00000206       0x39 C:\Users\suse1\AppData\Local\Temp\ccvdssBO.o
 .ARM.attributes
                0x0000023f       0x39 C:\Users\suse1\AppData\Local\Temp\cc62EYdi.o
 .ARM.attributes
                0x00000278       0x39 C:\Users\suse1\AppData\Local\Temp\ccKAfuTI.o
 .ARM.attributes
                0x000002b1       0x39 C:\Users\suse1\AppData\Local\Temp\cc301hXz.o
 .ARM.attributes
                0x000002ea       0x39 C:\Users\suse1\AppData\Local\Temp\ccshavs8.o
 .ARM.attributes
                0x00000323       0x39 C:\Users\suse1\AppData\Local\Temp\ccKHgPoB.o
 .ARM.attributes
                0x0000035c       0x39 C:\Users\suse1\AppData\Local\Temp\ccgOpOW2.o
 .ARM.attributes
                0x00000395       0x39 C:\Users\suse1\AppData\Local\Temp\ccCQc5l9.o
 .ARM.attributes
                0x000003ce       0x39 C:\Users\suse1\AppData\Local\Temp\cchGtkdX.o
 .ARM.attributes
                0x00000407       0x39 C:\Users\suse1\AppData\Local\Temp\ccI642BW.o
 .ARM.attributes
                0x00000440       0x39 C:\Users\suse1\AppData\Local\Temp\ccWJujjW.o
 .ARM.attributes
                0x00000479       0x22 d:/program files (x86)/gnu tools arm embedded/7 2017-q4-major/bin/../lib/gcc/arm-none-eabi/7.2.1/thumb/v7e-m/fpv4-sp/hard\libgcc.a(_aeabi_uldivmod.o)
 .ARM.attributes
                0x0000049b       0x34 d:/program files (x86)/gnu tools arm embedded/7 2017-q4-major/bin/../lib/gcc/arm-none-eabi/7.2.1/thumb/v7e-m/fpv4-sp/hard\libgcc.a(_udivmoddi4.o)
 .ARM.attributes
                0x000004cf       0x22 d:/program files (x86)/gnu tools arm embedded/7 2017-q4-major/bin/../lib/gcc/arm-none-eabi/7.2.1/thumb/v7e-m/fpv4-sp/hard\libgcc.a(_dvmd_tls.o)
 .ARM.attributes
                0x000004f1       0x34 d:/program files (x86)/gnu tools arm embedded/7 2017-q4-major/bin/../lib/gcc/arm-none-eabi/7.2.1/../../../../arm-none-eabi/lib/thumb/v7e-m/fpv4-sp/hard\libg.a(lib_a-errno.o)
 .ARM.attributes
                0x00000525       0x34 d:/program files (x86)/gnu tools arm embedded/7 2017-q4-major/bin/../lib/gcc/arm-none-eabi/7.2.1/../../../../arm-none-eabi/lib/thumb/v7e-m/fpv4-sp/hard\libg.a(lib_a-impure.o)
 .ARM.attributes
                0x00000559       0x34 d:/program files (x86)/gnu tools arm embedded/7 2017-q4-major/bin/../lib/gcc/arm-none-eabi/7.2.1/../../../../arm-none-eabi/lib/thumb/v7e-m/fpv4-sp/hard\libg.a(lib_a-init.o)
 .ARM.attributes
                0x0000058d       0x20 d:/program files (x86)/gnu tools arm embedded/7 2017-q4-major/bin/../lib/gcc/arm-none-eabi/7.2.1/../../../../arm-none-eabi/lib/thumb/v7e-m/fpv4-sp/hard\libg.a(lib_a-memcpy.o)
 .ARM.attributes
                0x000005ad       0x34 d:/program files (x86)/gnu tools arm embedded/7 2017-q4-major/bin/../lib/gcc/arm-none-eabi/7.2.1/../../../../arm-none-eabi/lib/thumb/v7e-m/fpv4-sp/hard\libg.a(lib_a-memset.o)
 .ARM.attributes
                0x000005e1       0x34 d:/program files (x86)/gnu tools arm embedded/7 2017-q4-major/bin/../lib/gcc/arm-none-eabi/7.2.1/../../../../arm-none-eabi/lib/thumb/v7e-m/fpv4-sp/hard\libg.a(lib_a-printf.o)
 .ARM.attributes
                0x00000615       0x34 d:/program files (x86)/gnu tools arm embedded/7 2017-q4-major/bin/../lib/gcc/arm-none-eabi/7.2.1/../../../../arm-none-eabi/lib/thumb/v7e-m/fpv4-sp/hard\libg.a(lib_a-vfprintf.o)
 .ARM.attributes
                0x00000649       0x34 d:/program files (x86)/gnu tools arm embedded/7 2017-q4-major/bin/../lib/gcc/arm-none-eabi/7.2.1/../../../../arm-none-eabi/lib/thumb/v7e-m/fpv4-sp/hard\libg.a(lib_a-wsetup.o)
 .ARM.attributes
                0x0000067d       0x34 d:/program files (x86)/gnu tools arm embedded/7 2017-q4-major/bin/../lib/gcc/arm-none-eabi/7.2.1/../../../../arm-none-eabi/lib/thumb/v7e-m/fpv4-sp/hard\libg.a(lib_a-__call_atexit.o)
 .ARM.attributes
                0x000006b1       0x34 d:/program files (x86)/gnu tools arm embedded/7 2017-q4-major/bin/../lib/gcc/arm-none-eabi/7.2.1/../../../../arm-none-eabi/lib/thumb/v7e-m/fpv4-sp/hard\libg.a(lib_a-atexit.o)
 .ARM.attributes
                0x000006e5       0x34 d:/program files (x86)/gnu tools arm embedded/7 2017-q4-major/bin/../lib/gcc/arm-none-eabi/7.2.1/../../../../arm-none-eabi/lib/thumb/v7e-m/fpv4-sp/hard\libg.a(lib_a-dtoa.o)
 .ARM.attributes
                0x00000719       0x34 d:/program files (x86)/gnu tools arm embedded/7 2017-q4-major/bin/../lib/gcc/arm-none-eabi/7.2.1/../../../../arm-none-eabi/lib/thumb/v7e-m/fpv4-sp/hard\libg.a(lib_a-fflush.o)
 .ARM.attributes
                0x0000074d       0x34 d:/program files (x86)/gnu tools arm embedded/7 2017-q4-major/bin/../lib/gcc/arm-none-eabi/7.2.1/../../../../arm-none-eabi/lib/thumb/v7e-m/fpv4-sp/hard\libg.a(lib_a-findfp.o)
 .ARM.attributes
                0x00000781       0x34 d:/program files (x86)/gnu tools arm embedded/7 2017-q4-major/bin/../lib/gcc/arm-none-eabi/7.2.1/../../../../arm-none-eabi/lib/thumb/v7e-m/fpv4-sp/hard\libg.a(lib_a-fini.o)
 .ARM.attributes
                0x000007b5       0x34 d:/program files (x86)/gnu tools arm embedded/7 2017-q4-major/bin/../lib/gcc/arm-none-eabi/7.2.1/../../../../arm-none-eabi/lib/thumb/v7e-m/fpv4-sp/hard\libg.a(lib_a-freer.o)
 .ARM.attributes
                0x000007e9       0x34 d:/program files (x86)/gnu tools arm embedded/7 2017-q4-major/bin/../lib/gcc/arm-none-eabi/7.2.1/../../../../arm-none-eabi/lib/thumb/v7e-m/fpv4-sp/hard\libg.a(lib_a-fwalk.o)
 .ARM.attributes
                0x0000081d       0x34 d:/program files (x86)/gnu tools arm embedded/7 2017-q4-major/bin/../lib/gcc/arm-none-eabi/7.2.1/../../../../arm-none-eabi/lib/thumb/v7e-m/fpv4-sp/hard\libg.a(lib_a-localeconv.o)
 .ARM.attributes
                0x00000851       0x34 d:/program files (x86)/gnu tools arm embedded/7 2017-q4-major/bin/../lib/gcc/arm-none-eabi/7.2.1/../../../../arm-none-eabi/lib/thumb/v7e-m/fpv4-sp/hard\libg.a(lib_a-lock.o)
 .ARM.attributes
                0x00000885       0x34 d:/program files (x86)/gnu tools arm embedded/7 2017-q4-major/bin/../lib/gcc/arm-none-eabi/7.2.1/../../../../arm-none-eabi/lib/thumb/v7e-m/fpv4-sp/hard\libg.a(lib_a-makebuf.o)
 .ARM.attributes
                0x000008b9       0x34 d:/program files (x86)/gnu tools arm embedded/7 2017-q4-major/bin/../lib/gcc/arm-none-eabi/7.2.1/../../../../arm-none-eabi/lib/thumb/v7e-m/fpv4-sp/hard\libg.a(lib_a-mallocr.o)
 .ARM.attributes
                0x000008ed       0x20 d:/program files (x86)/gnu tools arm embedded/7 2017-q4-major/bin/../lib/gcc/arm-none-eabi/7.2.1/../../../../arm-none-eabi/lib/thumb/v7e-m/fpv4-sp/hard\libg.a(lib_a-memchr.o)
 .ARM.attributes
                0x0000090d       0x34 d:/program files (x86)/gnu tools arm embedded/7 2017-q4-major/bin/../lib/gcc/arm-none-eabi/7.2.1/../../../../arm-none-eabi/lib/thumb/v7e-m/fpv4-sp/hard\libg.a(lib_a-mlock.o)
 .ARM.attributes
                0x00000941       0x34 d:/program files (x86)/gnu tools arm embedded/7 2017-q4-major/bin/../lib/gcc/arm-none-eabi/7.2.1/../../../../arm-none-eabi/lib/thumb/v7e-m/fpv4-sp/hard\libg.a(lib_a-mprec.o)
 .ARM.attributes
                0x00000975       0x34 d:/program files (x86)/gnu tools arm embedded/7 2017-q4-major/bin/../lib/gcc/arm-none-eabi/7.2.1/../../../../arm-none-eabi/lib/thumb/v7e-m/fpv4-sp/hard\libg.a(lib_a-sbrkr.o)
 .ARM.attributes
                0x000009a9       0x34 d:/program files (x86)/gnu tools arm embedded/7 2017-q4-major/bin/../lib/gcc/arm-none-eabi/7.2.1/../../../../arm-none-eabi/lib/thumb/v7e-m/fpv4-sp/hard\libg.a(lib_a-stdio.o)
 .ARM.attributes
                0x000009dd       0x20 d:/program files (x86)/gnu tools arm embedded/7 2017-q4-major/bin/../lib/gcc/arm-none-eabi/7.2.1/../../../../arm-none-eabi/lib/thumb/v7e-m/fpv4-sp/hard\libg.a(lib_a-strlen.o)
 .ARM.attributes
                0x000009fd       0x34 d:/program files (x86)/gnu tools arm embedded/7 2017-q4-major/bin/../lib/gcc/arm-none-eabi/7.2.1/../../../../arm-none-eabi/lib/thumb/v7e-m/fpv4-sp/hard\libg.a(lib_a-vfiprintf.o)
 .ARM.attributes
                0x00000a31       0x34 d:/program files (x86)/gnu tools arm embedded/7 2017-q4-major/bin/../lib/gcc/arm-none-eabi/7.2.1/../../../../arm-none-eabi/lib/thumb/v7e-m/fpv4-sp/hard\libg.a(lib_a-writer.o)
 .ARM.attributes
                0x00000a65       0x34 d:/program files (x86)/gnu tools arm embedded/7 2017-q4-major/bin/../lib/gcc/arm-none-eabi/7.2.1/../../../../arm-none-eabi/lib/thumb/v7e-m/fpv4-sp/hard\libg.a(lib_a-__atexit.o)
 .ARM.attributes
                0x00000a99       0x34 d:/program files (x86)/gnu tools arm embedded/7 2017-q4-major/bin/../lib/gcc/arm-none-eabi/7.2.1/../../../../arm-none-eabi/lib/thumb/v7e-m/fpv4-sp/hard\libg.a(lib_a-callocr.o)
 .ARM.attributes
                0x00000acd       0x34 d:/program files (x86)/gnu tools arm embedded/7 2017-q4-major/bin/../lib/gcc/arm-none-eabi/7.2.1/../../../../arm-none-eabi/lib/thumb/v7e-m/fpv4-sp/hard\libg.a(lib_a-closer.o)
 .ARM.attributes
                0x00000b01       0x34 d:/program files (x86)/gnu tools arm embedded/7 2017-q4-major/bin/../lib/gcc/arm-none-eabi/7.2.1/../../../../arm-none-eabi/lib/thumb/v7e-m/fpv4-sp/hard\libg.a(lib_a-fclose.o)
 .ARM.attributes
                0x00000b35       0x34 d:/program files (x86)/gnu tools arm embedded/7 2017-q4-major/bin/../lib/gcc/arm-none-eabi/7.2.1/../../../../arm-none-eabi/lib/thumb/v7e-m/fpv4-sp/hard\libg.a(lib_a-fputwc.o)
 .ARM.attributes
                0x00000b69       0x34 d:/program files (x86)/gnu tools arm embedded/7 2017-q4-major/bin/../lib/gcc/arm-none-eabi/7.2.1/../../../../arm-none-eabi/lib/thumb/v7e-m/fpv4-sp/hard\libg.a(lib_a-fstatr.o)
 .ARM.attributes
                0x00000b9d       0x34 d:/program files (x86)/gnu tools arm embedded/7 2017-q4-major/bin/../lib/gcc/arm-none-eabi/7.2.1/../../../../arm-none-eabi/lib/thumb/v7e-m/fpv4-sp/hard\libg.a(lib_a-fvwrite.o)
 .ARM.attributes
                0x00000bd1       0x34 d:/program files (x86)/gnu tools arm embedded/7 2017-q4-major/bin/../lib/gcc/arm-none-eabi/7.2.1/../../../../arm-none-eabi/lib/thumb/v7e-m/fpv4-sp/hard\libg.a(lib_a-isattyr.o)
 .ARM.attributes
                0x00000c05       0x34 d:/program files (x86)/gnu tools arm embedded/7 2017-q4-major/bin/../lib/gcc/arm-none-eabi/7.2.1/../../../../arm-none-eabi/lib/thumb/v7e-m/fpv4-sp/hard\libg.a(lib_a-locale.o)
 .ARM.attributes
                0x00000c39       0x34 d:/program files (x86)/gnu tools arm embedded/7 2017-q4-major/bin/../lib/gcc/arm-none-eabi/7.2.1/../../../../arm-none-eabi/lib/thumb/v7e-m/fpv4-sp/hard\libg.a(lib_a-lseekr.o)
 .ARM.attributes
                0x00000c6d       0x34 d:/program files (x86)/gnu tools arm embedded/7 2017-q4-major/bin/../lib/gcc/arm-none-eabi/7.2.1/../../../../arm-none-eabi/lib/thumb/v7e-m/fpv4-sp/hard\libg.a(lib_a-mbtowc_r.o)
 .ARM.attributes
                0x00000ca1       0x34 d:/program files (x86)/gnu tools arm embedded/7 2017-q4-major/bin/../lib/gcc/arm-none-eabi/7.2.1/../../../../arm-none-eabi/lib/thumb/v7e-m/fpv4-sp/hard\libg.a(lib_a-memmove.o)
 .ARM.attributes
                0x00000cd5       0x34 d:/program files (x86)/gnu tools arm embedded/7 2017-q4-major/bin/../lib/gcc/arm-none-eabi/7.2.1/../../../../arm-none-eabi/lib/thumb/v7e-m/fpv4-sp/hard\libg.a(lib_a-readr.o)
 .ARM.attributes
                0x00000d09       0x34 d:/program files (x86)/gnu tools arm embedded/7 2017-q4-major/bin/../lib/gcc/arm-none-eabi/7.2.1/../../../../arm-none-eabi/lib/thumb/v7e-m/fpv4-sp/hard\libg.a(lib_a-reallocr.o)
 .ARM.attributes
                0x00000d3d       0x34 d:/program files (x86)/gnu tools arm embedded/7 2017-q4-major/bin/../lib/gcc/arm-none-eabi/7.2.1/../../../../arm-none-eabi/lib/thumb/v7e-m/fpv4-sp/hard\libg.a(lib_a-reent.o)
 .ARM.attributes
                0x00000d71       0x34 d:/program files (x86)/gnu tools arm embedded/7 2017-q4-major/bin/../lib/gcc/arm-none-eabi/7.2.1/../../../../arm-none-eabi/lib/thumb/v7e-m/fpv4-sp/hard\libg.a(lib_a-wbuf.o)
 .ARM.attributes
                0x00000da5       0x34 d:/program files (x86)/gnu tools arm embedded/7 2017-q4-major/bin/../lib/gcc/arm-none-eabi/7.2.1/../../../../arm-none-eabi/lib/thumb/v7e-m/fpv4-sp/hard\libg.a(lib_a-wcrtomb.o)
 .ARM.attributes
                0x00000dd9       0x34 d:/program files (x86)/gnu tools arm embedded/7 2017-q4-major/bin/../lib/gcc/arm-none-eabi/7.2.1/../../../../arm-none-eabi/lib/thumb/v7e-m/fpv4-sp/hard\libg.a(lib_a-wctomb_r.o)
 .ARM.attributes
                0x00000e0d       0x34 d:/program files (x86)/gnu tools arm embedded/7 2017-q4-major/bin/../lib/gcc/arm-none-eabi/7.2.1/../../../../arm-none-eabi/lib/thumb/v7e-m/fpv4-sp/hard\libg.a(lib_a-ctype_.o)
 .ARM.attributes
                0x00000e41       0x22 d:/program files (x86)/gnu tools arm embedded/7 2017-q4-major/bin/../lib/gcc/arm-none-eabi/7.2.1/thumb/v7e-m/fpv4-sp/hard\libgcc.a(_arm_addsubdf3.o)
 .ARM.attributes
                0x00000e63       0x22 d:/program files (x86)/gnu tools arm embedded/7 2017-q4-major/bin/../lib/gcc/arm-none-eabi/7.2.1/thumb/v7e-m/fpv4-sp/hard\libgcc.a(_arm_muldivdf3.o)
 .ARM.attributes
                0x00000e85       0x22 d:/program files (x86)/gnu tools arm embedded/7 2017-q4-major/bin/../lib/gcc/arm-none-eabi/7.2.1/thumb/v7e-m/fpv4-sp/hard\libgcc.a(_arm_cmpdf2.o)
 .ARM.attributes
                0x00000ea7       0x22 d:/program files (x86)/gnu tools arm embedded/7 2017-q4-major/bin/../lib/gcc/arm-none-eabi/7.2.1/thumb/v7e-m/fpv4-sp/hard\libgcc.a(_arm_unorddf2.o)
 .ARM.attributes
                0x00000ec9       0x22 d:/program files (x86)/gnu tools arm embedded/7 2017-q4-major/bin/../lib/gcc/arm-none-eabi/7.2.1/thumb/v7e-m/fpv4-sp/hard\libgcc.a(_arm_fixdfsi.o)
 .ARM.attributes
                0x00000eeb       0x34 d:/program files (x86)/gnu tools arm embedded/7 2017-q4-major/bin/../lib/gcc/arm-none-eabi/7.2.1/thumb/v7e-m/fpv4-sp/hard/crtend.o
 .ARM.attributes
                0x00000f1f       0x22 d:/program files (x86)/gnu tools arm embedded/7 2017-q4-major/bin/../lib/gcc/arm-none-eabi/7.2.1/thumb/v7e-m/fpv4-sp/hard/crtn.o

.comment        0x00000000       0x7e
 .comment       0x00000000       0x7e C:\Users\suse1\AppData\Local\Temp\ccf9tEyD.o
                                 0x7f (size before relaxing)
 .comment       0x0000007e       0x7f C:\Users\suse1\AppData\Local\Temp\ccgjAvwz.o
 .comment       0x0000007e       0x7f C:\Users\suse1\AppData\Local\Temp\ccGjJF0C.o
 .comment       0x0000007e       0x7f C:\Users\suse1\AppData\Local\Temp\ccigzm3V.o
 .comment       0x0000007e       0x7f C:\Users\suse1\AppData\Local\Temp\ccS9fpnz.o
 .comment       0x0000007e       0x7f C:\Users\suse1\AppData\Local\Temp\ccWOF0Ln.o
 .comment       0x0000007e       0x7f C:\Users\suse1\AppData\Local\Temp\cck8eVdo.o
 .comment       0x0000007e       0x7f C:\Users\suse1\AppData\Local\Temp\ccvdssBO.o
 .comment       0x0000007e       0x7f C:\Users\suse1\AppData\Local\Temp\cc62EYdi.o
 .comment       0x0000007e       0x7f C:\Users\suse1\AppData\Local\Temp\ccKAfuTI.o
 .comment       0x0000007e       0x7f C:\Users\suse1\AppData\Local\Temp\cc301hXz.o
 .comment       0x0000007e       0x7f C:\Users\suse1\AppData\Local\Temp\ccshavs8.o
 .comment       0x0000007e       0x7f C:\Users\suse1\AppData\Local\Temp\ccKHgPoB.o
 .comment       0x0000007e       0x7f C:\Users\suse1\AppData\Local\Temp\ccgOpOW2.o
 .comment       0x0000007e       0x7f C:\Users\suse1\AppData\Local\Temp\ccCQc5l9.o
 .comment       0x0000007e       0x7f C:\Users\suse1\AppData\Local\Temp\cchGtkdX.o
 .comment       0x0000007e       0x7f C:\Users\suse1\AppData\Local\Temp\ccI642BW.o
 .comment       0x0000007e       0x7f C:\Users\suse1\AppData\Local\Temp\ccWJujjW.o

.debug_line     0x00000000     0x48d6
 .debug_line    0x00000000       0x74 C:\Users\suse1\AppData\Local\Temp\ccjEoXNy.o
 .debug_line    0x00000074      0x2fe C:\Users\suse1\AppData\Local\Temp\ccf9tEyD.o
 .debug_line    0x00000372      0x289 C:\Users\suse1\AppData\Local\Temp\ccgjAvwz.o
 .debug_line    0x000005fb      0x312 C:\Users\suse1\AppData\Local\Temp\ccGjJF0C.o
 .debug_line    0x0000090d      0x2c5 C:\Users\suse1\AppData\Local\Temp\ccigzm3V.o
 .debug_line    0x00000bd2      0x2eb C:\Users\suse1\AppData\Local\Temp\ccS9fpnz.o
 .debug_line    0x00000ebd      0x3b8 C:\Users\suse1\AppData\Local\Temp\ccWOF0Ln.o
 .debug_line    0x00001275      0x176 C:\Users\suse1\AppData\Local\Temp\cck8eVdo.o
 .debug_line    0x000013eb      0x3ea C:\Users\suse1\AppData\Local\Temp\ccvdssBO.o
 .debug_line    0x000017d5      0x1f8 C:\Users\suse1\AppData\Local\Temp\cc62EYdi.o
 .debug_line    0x000019cd      0x524 C:\Users\suse1\AppData\Local\Temp\ccKAfuTI.o
 .debug_line    0x00001ef1      0x493 C:\Users\suse1\AppData\Local\Temp\cc301hXz.o
 .debug_line    0x00002384      0x4d3 C:\Users\suse1\AppData\Local\Temp\ccshavs8.o
 .debug_line    0x00002857      0x399 C:\Users\suse1\AppData\Local\Temp\ccKHgPoB.o
 .debug_line    0x00002bf0      0xc6f C:\Users\suse1\AppData\Local\Temp\ccgOpOW2.o
 .debug_line    0x0000385f      0x569 C:\Users\suse1\AppData\Local\Temp\ccCQc5l9.o
 .debug_line    0x00003dc8      0x1d8 C:\Users\suse1\AppData\Local\Temp\cchGtkdX.o
 .debug_line    0x00003fa0      0x464 C:\Users\suse1\AppData\Local\Temp\ccI642BW.o
 .debug_line    0x00004404      0x4d2 C:\Users\suse1\AppData\Local\Temp\ccWJujjW.o

.debug_info     0x00000000     0xd75a
 .debug_info    0x00000000       0x22 C:\Users\suse1\AppData\Local\Temp\ccjEoXNy.o
 .debug_info    0x00000022      0xda2 C:\Users\suse1\AppData\Local\Temp\ccf9tEyD.o
 .debug_info    0x00000dc4      0xe6a C:\Users\suse1\AppData\Local\Temp\ccgjAvwz.o
 .debug_info    0x00001c2e      0xf5a C:\Users\suse1\AppData\Local\Temp\ccGjJF0C.o
 .debug_info    0x00002b88     0x132f C:\Users\suse1\AppData\Local\Temp\ccigzm3V.o
 .debug_info    0x00003eb7      0xa42 C:\Users\suse1\AppData\Local\Temp\ccS9fpnz.o
 .debug_info    0x000048f9      0xf2a C:\Users\suse1\AppData\Local\Temp\ccWOF0Ln.o
 .debug_info    0x00005823      0x500 C:\Users\suse1\AppData\Local\Temp\cck8eVdo.o
 .debug_info    0x00005d23      0x8b8 C:\Users\suse1\AppData\Local\Temp\ccvdssBO.o
 .debug_info    0x000065db      0x190 C:\Users\suse1\AppData\Local\Temp\cc62EYdi.o
 .debug_info    0x0000676b      0xd6d C:\Users\suse1\AppData\Local\Temp\ccKAfuTI.o
 .debug_info    0x000074d8      0x8ee C:\Users\suse1\AppData\Local\Temp\cc301hXz.o
 .debug_info    0x00007dc6      0x93b C:\Users\suse1\AppData\Local\Temp\ccshavs8.o
 .debug_info    0x00008701      0x7b6 C:\Users\suse1\AppData\Local\Temp\ccKHgPoB.o
 .debug_info    0x00008eb7     0x14ee C:\Users\suse1\AppData\Local\Temp\ccgOpOW2.o
 .debug_info    0x0000a3a5     0x1522 C:\Users\suse1\AppData\Local\Temp\ccCQc5l9.o
 .debug_info    0x0000b8c7      0x25f C:\Users\suse1\AppData\Local\Temp\cchGtkdX.o
 .debug_info    0x0000bb26      0x95f C:\Users\suse1\AppData\Local\Temp\ccI642BW.o
 .debug_info    0x0000c485     0x12d5 C:\Users\suse1\AppData\Local\Temp\ccWJujjW.o

.debug_abbrev   0x00000000     0x25d6
 .debug_abbrev  0x00000000       0x12 C:\Users\suse1\AppData\Local\Temp\ccjEoXNy.o
 .debug_abbrev  0x00000012      0x23d C:\Users\suse1\AppData\Local\Temp\ccf9tEyD.o
 .debug_abbrev  0x0000024f      0x222 C:\Users\suse1\AppData\Local\Temp\ccgjAvwz.o
 .debug_abbrev  0x00000471      0x243 C:\Users\suse1\AppData\Local\Temp\ccGjJF0C.o
 .debug_abbrev  0x000006b4      0x22c C:\Users\suse1\AppData\Local\Temp\ccigzm3V.o
 .debug_abbrev  0x000008e0      0x22e C:\Users\suse1\AppData\Local\Temp\ccS9fpnz.o
 .debug_abbrev  0x00000b0e      0x2a4 C:\Users\suse1\AppData\Local\Temp\ccWOF0Ln.o
 .debug_abbrev  0x00000db2      0x10e C:\Users\suse1\AppData\Local\Temp\cck8eVdo.o
 .debug_abbrev  0x00000ec0      0x1ef C:\Users\suse1\AppData\Local\Temp\ccvdssBO.o
 .debug_abbrev  0x000010af       0xab C:\Users\suse1\AppData\Local\Temp\cc62EYdi.o
 .debug_abbrev  0x0000115a      0x2f7 C:\Users\suse1\AppData\Local\Temp\ccKAfuTI.o
 .debug_abbrev  0x00001451      0x242 C:\Users\suse1\AppData\Local\Temp\cc301hXz.o
 .debug_abbrev  0x00001693      0x1ee C:\Users\suse1\AppData\Local\Temp\ccshavs8.o
 .debug_abbrev  0x00001881      0x1c6 C:\Users\suse1\AppData\Local\Temp\ccKHgPoB.o
 .debug_abbrev  0x00001a47      0x269 C:\Users\suse1\AppData\Local\Temp\ccgOpOW2.o
 .debug_abbrev  0x00001cb0      0x266 C:\Users\suse1\AppData\Local\Temp\ccCQc5l9.o
 .debug_abbrev  0x00001f16      0x149 C:\Users\suse1\AppData\Local\Temp\cchGtkdX.o
 .debug_abbrev  0x0000205f      0x1e9 C:\Users\suse1\AppData\Local\Temp\ccI642BW.o
 .debug_abbrev  0x00002248      0x38e C:\Users\suse1\AppData\Local\Temp\ccWJujjW.o

.debug_aranges  0x00000000      0xa68
 .debug_aranges
                0x00000000       0x28 C:\Users\suse1\AppData\Local\Temp\ccjEoXNy.o
 .debug_aranges
                0x00000028       0x30 C:\Users\suse1\AppData\Local\Temp\ccf9tEyD.o
 .debug_aranges
                0x00000058       0x30 C:\Users\suse1\AppData\Local\Temp\ccgjAvwz.o
 .debug_aranges
                0x00000088       0x40 C:\Users\suse1\AppData\Local\Temp\ccGjJF0C.o
 .debug_aranges
                0x000000c8       0x28 C:\Users\suse1\AppData\Local\Temp\ccigzm3V.o
 .debug_aranges
                0x000000f0       0x60 C:\Users\suse1\AppData\Local\Temp\ccS9fpnz.o
 .debug_aranges
                0x00000150       0xb0 C:\Users\suse1\AppData\Local\Temp\ccWOF0Ln.o
 .debug_aranges
                0x00000200       0x28 C:\Users\suse1\AppData\Local\Temp\cck8eVdo.o
 .debug_aranges
                0x00000228       0xf0 C:\Users\suse1\AppData\Local\Temp\ccvdssBO.o
 .debug_aranges
                0x00000318       0x38 C:\Users\suse1\AppData\Local\Temp\cc62EYdi.o
 .debug_aranges
                0x00000350      0x118 C:\Users\suse1\AppData\Local\Temp\ccKAfuTI.o
 .debug_aranges
                0x00000468       0x88 C:\Users\suse1\AppData\Local\Temp\cc301hXz.o
 .debug_aranges
                0x000004f0       0x90 C:\Users\suse1\AppData\Local\Temp\ccshavs8.o
 .debug_aranges
                0x00000580       0x58 C:\Users\suse1\AppData\Local\Temp\ccKHgPoB.o
 .debug_aranges
                0x000005d8      0x200 C:\Users\suse1\AppData\Local\Temp\ccgOpOW2.o
 .debug_aranges
                0x000007d8      0x108 C:\Users\suse1\AppData\Local\Temp\ccCQc5l9.o
 .debug_aranges
                0x000008e0       0x58 C:\Users\suse1\AppData\Local\Temp\cchGtkdX.o
 .debug_aranges
                0x00000938       0xa0 C:\Users\suse1\AppData\Local\Temp\ccI642BW.o
 .debug_aranges
                0x000009d8       0x90 C:\Users\suse1\AppData\Local\Temp\ccWJujjW.o

.debug_str      0x00000000     0x3911
 .debug_str     0x00000000       0x7e C:\Users\suse1\AppData\Local\Temp\ccjEoXNy.o
 .debug_str     0x0000007e      0x8ac C:\Users\suse1\AppData\Local\Temp\ccf9tEyD.o
                                0x9a1 (size before relaxing)
 .debug_str     0x0000092a      0x424 C:\Users\suse1\AppData\Local\Temp\ccgjAvwz.o
                                0xb55 (size before relaxing)
 .debug_str     0x00000d4e      0x19a C:\Users\suse1\AppData\Local\Temp\ccGjJF0C.o
                                0x996 (size before relaxing)
 .debug_str     0x00000ee8      0x3e1 C:\Users\suse1\AppData\Local\Temp\ccigzm3V.o
                               0x104c (size before relaxing)
 .debug_str     0x000012c9       0xab C:\Users\suse1\AppData\Local\Temp\ccS9fpnz.o
                                0x776 (size before relaxing)
 .debug_str     0x00001374      0x24f C:\Users\suse1\AppData\Local\Temp\ccWOF0Ln.o
                                0x8a5 (size before relaxing)
 .debug_str     0x000015c3       0xa5 C:\Users\suse1\AppData\Local\Temp\cck8eVdo.o
                                0x40e (size before relaxing)
 .debug_str     0x00001668      0x2ec C:\Users\suse1\AppData\Local\Temp\ccvdssBO.o
                                0xaab (size before relaxing)
 .debug_str     0x00001954       0x7b C:\Users\suse1\AppData\Local\Temp\cc62EYdi.o
                                0x378 (size before relaxing)
 .debug_str     0x000019cf      0x4b1 C:\Users\suse1\AppData\Local\Temp\ccKAfuTI.o
                                0xc15 (size before relaxing)
 .debug_str     0x00001e80      0x1cf C:\Users\suse1\AppData\Local\Temp\cc301hXz.o
                                0x7f0 (size before relaxing)
 .debug_str     0x0000204f      0x32b C:\Users\suse1\AppData\Local\Temp\ccshavs8.o
                                0x8b7 (size before relaxing)
 .debug_str     0x0000237a      0x170 C:\Users\suse1\AppData\Local\Temp\ccKHgPoB.o
                                0x644 (size before relaxing)
 .debug_str     0x000024ea      0x611 C:\Users\suse1\AppData\Local\Temp\ccgOpOW2.o
                                0xdf4 (size before relaxing)
 .debug_str     0x00002afb      0x676 C:\Users\suse1\AppData\Local\Temp\ccCQc5l9.o
                               0x11e0 (size before relaxing)
 .debug_str     0x00003171       0x9e C:\Users\suse1\AppData\Local\Temp\cchGtkdX.o
                                0x2dc (size before relaxing)
 .debug_str     0x0000320f      0x135 C:\Users\suse1\AppData\Local\Temp\ccI642BW.o
                                0x3be (size before relaxing)
 .debug_str     0x00003344      0x5cd C:\Users\suse1\AppData\Local\Temp\ccWJujjW.o
                                0xccd (size before relaxing)

.debug_ranges   0x00000000      0x970
 .debug_ranges  0x00000000       0x20 C:\Users\suse1\AppData\Local\Temp\ccjEoXNy.o
 .debug_ranges  0x00000020       0x20 C:\Users\suse1\AppData\Local\Temp\ccf9tEyD.o
 .debug_ranges  0x00000040       0x20 C:\Users\suse1\AppData\Local\Temp\ccgjAvwz.o
 .debug_ranges  0x00000060       0x30 C:\Users\suse1\AppData\Local\Temp\ccGjJF0C.o
 .debug_ranges  0x00000090       0x18 C:\Users\suse1\AppData\Local\Temp\ccigzm3V.o
 .debug_ranges  0x000000a8       0x50 C:\Users\suse1\AppData\Local\Temp\ccS9fpnz.o
 .debug_ranges  0x000000f8       0xa0 C:\Users\suse1\AppData\Local\Temp\ccWOF0Ln.o
 .debug_ranges  0x00000198       0x18 C:\Users\suse1\AppData\Local\Temp\cck8eVdo.o
 .debug_ranges  0x000001b0       0xe0 C:\Users\suse1\AppData\Local\Temp\ccvdssBO.o
 .debug_ranges  0x00000290       0x28 C:\Users\suse1\AppData\Local\Temp\cc62EYdi.o
 .debug_ranges  0x000002b8      0x108 C:\Users\suse1\AppData\Local\Temp\ccKAfuTI.o
 .debug_ranges  0x000003c0       0x78 C:\Users\suse1\AppData\Local\Temp\cc301hXz.o
 .debug_ranges  0x00000438       0x80 C:\Users\suse1\AppData\Local\Temp\ccshavs8.o
 .debug_ranges  0x000004b8       0x48 C:\Users\suse1\AppData\Local\Temp\ccKHgPoB.o
 .debug_ranges  0x00000500      0x220 C:\Users\suse1\AppData\Local\Temp\ccgOpOW2.o
 .debug_ranges  0x00000720       0xf8 C:\Users\suse1\AppData\Local\Temp\ccCQc5l9.o
 .debug_ranges  0x00000818       0x48 C:\Users\suse1\AppData\Local\Temp\cchGtkdX.o
 .debug_ranges  0x00000860       0x90 C:\Users\suse1\AppData\Local\Temp\ccI642BW.o
 .debug_ranges  0x000008f0       0x80 C:\Users\suse1\AppData\Local\Temp\ccWJujjW.o

.debug_frame    0x00000000     0x3ad0
 .debug_frame   0x00000000       0x6c C:\Users\suse1\AppData\Local\Temp\ccf9tEyD.o
 .debug_frame   0x0000006c       0x74 C:\Users\suse1\AppData\Local\Temp\ccgjAvwz.o
 .debug_frame   0x000000e0       0xd0 C:\Users\suse1\AppData\Local\Temp\ccGjJF0C.o
 .debug_frame   0x000001b0       0x58 C:\Users\suse1\AppData\Local\Temp\ccigzm3V.o
 .debug_frame   0x00000208      0x114 C:\Users\suse1\AppData\Local\Temp\ccS9fpnz.o
 .debug_frame   0x0000031c      0x2d0 C:\Users\suse1\AppData\Local\Temp\ccWOF0Ln.o
 .debug_frame   0x000005ec       0x58 C:\Users\suse1\AppData\Local\Temp\cck8eVdo.o
 .debug_frame   0x00000644      0x374 C:\Users\suse1\AppData\Local\Temp\ccvdssBO.o
 .debug_frame   0x000009b8       0x90 C:\Users\suse1\AppData\Local\Temp\cc62EYdi.o
 .debug_frame   0x00000a48      0x498 C:\Users\suse1\AppData\Local\Temp\ccKAfuTI.o
 .debug_frame   0x00000ee0      0x1f0 C:\Users\suse1\AppData\Local\Temp\cc301hXz.o
 .debug_frame   0x000010d0      0x250 C:\Users\suse1\AppData\Local\Temp\ccshavs8.o
 .debug_frame   0x00001320      0x14c C:\Users\suse1\AppData\Local\Temp\ccKHgPoB.o
 .debug_frame   0x0000146c      0x924 C:\Users\suse1\AppData\Local\Temp\ccgOpOW2.o
 .debug_frame   0x00001d90      0x41c C:\Users\suse1\AppData\Local\Temp\ccCQc5l9.o
 .debug_frame   0x000021ac      0x14c C:\Users\suse1\AppData\Local\Temp\cchGtkdX.o
 .debug_frame   0x000022f8      0x2e8 C:\Users\suse1\AppData\Local\Temp\ccI642BW.o