Archive member included to satisfy reference by file (symbol)

d:/program files (x86)/gnu tools arm embedded/7 2017-q4-major/bin/../lib/gcc/arm-none-eabi/7.2.1/thumb/v7e-m/fpv4-sp/hard\libgcc.a(_aeabi_uldivmod.o)
                              C:\Users\suse1\AppData\Local\Temp\cc0b57AG.o (__aeabi_uldivmod)
d:/program files (x86)/gnu tools arm embedded/7 2017-q4-major/bin/../lib/gcc/arm-none-eabi/7.2.1/thumb/v7e-m/fpv4-sp/hard\libgcc.a(_udivmoddi4.o)
                              d:/program files (x86)/gnu tools arm embedded/7 2017-q4-major/bin/../lib/gcc/arm-none-eabi/7.2.1/thumb/v7e-m/fpv4-sp/hard\libgcc.a(_aeabi_uldivmod.o) (__udivmoddi4)
d:/program files (x86)/gnu tools arm embedded/7 2017-q4-major/bin/../lib/gcc/arm-none-eabi/7.2.1/thumb/v7e-m/fpv4-sp/hard\libgcc.a(_dvmd_tls.o)
                              d:/program files (x86)/gnu tools arm embedded/7 2017-q4-major/bin/../lib/gcc/arm-none-eabi/7.2.1/thumb/v7e-m/fpv4-sp/hard\libgcc.a(_aeabi_uldivmod.o) (__aeabi_ldiv0)
d:/program files (x86)/gnu tools arm embedded/7 2017-q4-major/bin/../lib/gcc/arm-none-eabi/7.2.1/../../../../arm-none-eabi/lib/thumb/v7e-m/fpv4-sp/hard\libg.a(lib_a-errno.o)
                              C:\Users\suse1\AppData\Local\Temp\ccZkDOiP.o (__errno)
d:/program files (x86)/gnu tools arm embedded/7 2017-q4-major/bin/../lib/gcc/arm-none-eabi/7.2.1/../../../../arm-none-eabi/lib/thumb/v7e-m/fpv4-sp/hard\libg.a(lib_a-exit.o)
                              d:/program files (x86)/gnu tools arm embedded/7 2017-q4-major/bin/../lib/gcc/arm-none-eabi/7.2.1/../../../../arm-none-eabi/lib/thumb/v7e-m/fpv4-sp/hard/crt0.o (exit)
d:/program files (x86)/gnu tools arm embedded/7 2017-q4-major/bin/../lib/gcc/arm-none-eabi/7.2.1/../../../../arm-none-eabi/lib/thumb/v7e-m/fpv4-sp/hard\libg.a(lib_a-impure.o)
                              d:/program files (x86)/gnu tools arm embedded/7 2017-q4-major/bin/../lib/gcc/arm-none-eabi/7.2.1/../../../../arm-none-eabi/lib/thumb/v7e-m/fpv4-sp/hard\libg.a(lib_a-exit.o) (_global_impure_ptr)
d:/program files (x86)/gnu tools arm embedded/7 2017-q4-major/bin/../lib/gcc/arm-none-eabi/7.2.1/../../../../arm-none-eabi/lib/thumb/v7e-m/fpv4-sp/hard\libg.a(lib_a-init.o)
                              d:/program files (x86)/gnu tools arm embedded/7 2017-q4-major/bin/../lib/gcc/arm-none-eabi/7.2.1/../../../../arm-none-eabi/lib/thumb/v7e-m/fpv4-sp/hard/crt0.o (__libc_init_array)
d:/program files (x86)/gnu tools arm embedded/7 2017-q4-major/bin/../lib/gcc/arm-none-eabi/7.2.1/../../../../arm-none-eabi/lib/thumb/v7e-m/fpv4-sp/hard\libg.a(lib_a-memcpy.o)
                              C:\Users\suse1\AppData\Local\Temp\ccKjrKcO.o (memcpy)
d:/program files (x86)/gnu tools arm embedded/7 2017-q4-major/bin/../lib/gcc/arm-none-eabi/7.2.1/../../../../arm-none-eabi/lib/thumb/v7e-m/fpv4-sp/hard\libg.a(lib_a-memset.o)
                              d:/program files (x86)/gnu tools arm embedded/7 2017-q4-major/bin/../lib/gcc/arm-none-eabi/7.2.1/../../../../arm-none-eabi/lib/thumb/v7e-m/fpv4-sp/hard/crt0.o (memset)
d:/program files (x86)/gnu tools arm embedded/7 2017-q4-major/bin/../lib/gcc/arm-none-eabi/7.2.1/../../../../arm-none-eabi/lib/thumb/v7e-m/fpv4-sp/hard\libg.a(lib_a-printf.o)
                              C:\Users\suse1\AppData\Local\Temp\cc8Rvgh7.o (printf)
d:/program files (x86)/gnu tools arm embedded/7 2017-q4-major/bin/../lib/gcc/arm-none-eabi/7.2.1/../../../../arm-none-eabi/lib/thumb/v7e-m/fpv4-sp/hard\libg.a(lib_a-strcmp.o)
                              C:\Users\suse1\AppData\Local\Temp\ccgh3j8W.o (strcmp)
d:/program files (x86)/gnu tools arm embedded/7 2017-q4-major/bin/../lib/gcc/arm-none-eabi/7.2.1/../../../../arm-none-eabi/lib/thumb/v7e-m/fpv4-sp/hard\libg.a(lib_a-strtok.o)
                              C:\Users\suse1\AppData\Local\Temp\ccgh3j8W.o (strtok)
d:/program files (x86)/gnu tools arm embedded/7 2017-q4-major/bin/../lib/gcc/arm-none-eabi/7.2.1/../../../../arm-none-eabi/lib/thumb/v7e-m/fpv4-sp/hard\libg.a(lib_a-strtok_r.o)
                              d:/program files (x86)/gnu tools arm embedded/7 2017-q4-major/bin/../lib/gcc/arm-none-eabi/7.2.1/../../../../arm-none-eabi/lib/thumb/v7e-m/fpv4-sp/hard\libg.a(lib_a-strtok.o) (__strtok_r)
d:/program files (x86)/gnu tools arm embedded/7 2017-q4-major/bin/../lib/gcc/arm-none-eabi/7.2.1/../../../../arm-none-eabi/lib/thumb/v7e-m/fpv4-sp/hard\libg.a(lib_a-vfprintf.o)
                              d:/program files (x86)/gnu tools arm embedded/7 2017-q4-major/bin/../lib/gcc/arm-none-eabi/7.2.1/../../../../arm-none-eabi/lib/thumb/v7e-m/fpv4-sp/hard\libg.a(lib_a-printf.o) (_vfprintf_r)
d:/program files (x86)/gnu tools arm embedded/7 2017-q4-major/bin/../lib/gcc/arm-none-eabi/7.2.1/../../../../arm-none-eabi/lib/thumb/v7e-m/fpv4-sp/hard\libg.a(lib_a-wsetup.o)
                              d:/program files (x86)/gnu tools arm embedded/7 2017-q4-major/bin/../lib/gcc/arm-none-eabi/7.2.1/../../../../arm-none-eabi/lib/thumb/v7e-m/fpv4-sp/hard\libg.a(lib_a-vfprintf.o) (__swsetup_r)
[...]
Memory Configuration

Name             Origin             Length             Attributes
FLASH            0x08000000         0x00080000         xr
RAM              0x20000000         0x00018000         xrw
*default*        0x00000000         0xffffffff

Linker script and memory map

LOAD d:/program files (x86)/gnu tools arm embedded/7 2017-q4-major/bin/../lib/gcc/arm-none-eabi/7.2.1/thumb/v7e-m/fpv4-sp/hard/crti.o
LOAD d:/program files (x86)/gnu tools arm embedded/7 2017-q4-major/bin/../lib/gcc/arm-none-eabi/7.2.1/thumb/v7e-m/fpv4-sp/hard/crtbegin.o
LOAD d:/program files (x86)/gnu tools arm embedded/7 2017-q4-major/bin/../lib/gcc/arm-none-eabi/7.2.1/../../../../arm-none-eabi/lib/thumb/v7e-m/fpv4-sp/hard/crt0.o
LOAD C:\Users\suse1\AppData\Local\Temp\ccC9hm6n.o
LOAD C:\Users\suse1\AppData\Local\Temp\cc8Rvgh7.o
LOAD C:\Users\suse1\AppData\Local\Temp\cc6FdG1N.o
LOAD C:\Users\suse1\AppData\Local\Temp\ccKjrKcO.o
LOAD C:\Users\suse1\AppData\Local\Temp\ccrss4ET.o
LOAD C:\Users\suse1\AppData\Local\Temp\cc6lKETg.o
LOAD C:\Users\suse1\AppData\Local\Temp\ccZkDOiP.o
LOAD C:\Users\suse1\AppData\Local\Temp\ccyhSVRz.o
LOAD C:\Users\suse1\AppData\Local\Temp\ccV5Zdkt.o
LOAD C:\Users\suse1\AppData\Local\Temp\ccUt4BAz.o
LOAD C:\Users\suse1\AppData\Local\Temp\cc2VkSLM.o
LOAD C:\Users\suse1\AppData\Local\Temp\ccGURaUe.o
LOAD C:\Users\suse1\AppData\Local\Temp\ccK0b2SV.o
LOAD C:\Users\suse1\AppData\Local\Temp\ccK8vqPU.o
LOAD C:\Users\suse1\AppData\Local\Temp\ccDWPoqW.o
LOAD C:\Users\suse1\AppData\Local\Temp\ccc2JWhc.o
LOAD C:\Users\suse1\AppData\Local\Temp\ccjhOXQC.o
LOAD C:\Users\suse1\AppData\Local\Temp\cc4GvDfl.o
LOAD C:\Users\suse1\AppData\Local\Temp\ccrWV3Eh.o
LOAD C:\Users\suse1\AppData\Local\Temp\ccCxuzqr.o
LOAD C:\Users\suse1\AppData\Local\Temp\cc69sy9D.o
LOAD C:\Users\suse1\AppData\Local\Temp\cccoPmR4.o
LOAD C:\Users\suse1\AppData\Local\Temp\cc0YTRjK.o
LOAD C:\Users\suse1\AppData\Local\Temp\cc0b57AG.o
LOAD C:\Users\suse1\AppData\Local\Temp\ccaQj2AM.o
LOAD C:\Users\suse1\AppData\Local\Temp\cchYq6FZ.o
LOAD C:\Users\suse1\AppData\Local\Temp\ccmpww7m.o
LOAD C:\Users\suse1\AppData\Local\Temp\ccNHr08Z.o
LOAD C:\Users\suse1\AppData\Local\Temp\ccyKbhvR.o
LOAD C:\Users\suse1\AppData\Local\Temp\ccTTP7LY.o
LOAD C:\Users\suse1\AppData\Local\Temp\cc1fUEIa.o
LOAD C:\Users\suse1\AppData\Local\Temp\ccTNUwZF.o
LOAD C:\Users\suse1\AppData\Local\Temp\cc1XEqJp.o
LOAD C:\Users\suse1\AppData\Local\Temp\ccpSqlwk.o
LOAD C:\Users\suse1\AppData\Local\Temp\ccMF7Mmo.o
LOAD C:\Users\suse1\AppData\Local\Temp\cchLtKQM.o
LOAD C:\Users\suse1\AppData\Local\Temp\cc4z6o3o.o
LOAD C:\Users\suse1\AppData\Local\Temp\ccv7DGCg.o
LOAD C:\Users\suse1\AppData\Local\Temp\ccaaMwjk.o
LOAD C:\Users\suse1\AppData\Local\Temp\ccgk9dfw.o
LOAD C:\Users\suse1\AppData\Local\Temp\cc2d9SwZ.o
LOAD C:\Users\suse1\AppData\Local\Temp\ccmR3FpR.o
LOAD C:\Users\suse1\AppData\Local\Temp\cc020ZBV.o
LOAD C:\Users\suse1\AppData\Local\Temp\ccxKKPY6.o
LOAD C:\Users\suse1\AppData\Local\Temp\cck6sS4r.o
LOAD C:\Users\suse1\AppData\Local\Temp\ccNPkZ4l.o
LOAD C:\Users\suse1\AppData\Local\Temp\ccsBYdYs.o
LOAD C:\Users\suse1\AppData\Local\Temp\ccKeSXFJ.o
LOAD C:\Users\suse1\AppData\Local\Temp\cciavYbn.o
LOAD C:\Users\suse1\AppData\Local\Temp\ccSs151k.o
LOAD C:\Users\suse1\AppData\Local\Temp\ccVdBtLE.o
LOAD C:\Users\suse1\AppData\Local\Temp\ccgg9xIj.o
LOAD C:\Users\suse1\AppData\Local\Temp\ccbdJNJb.o
LOAD C:\Users\suse1\AppData\Local\Temp\cc2fjRLi.o
LOAD C:\Users\suse1\AppData\Local\Temp\ccgKnslx.o
LOAD C:\Users\suse1\AppData\Local\Temp\ccUF5DzZ.o
LOAD C:\Users\suse1\AppData\Local\Temp\cc05V1DL.o
LOAD C:\Users\suse1\AppData\Local\Temp\ccqOsVoM.o
LOAD C:\Users\suse1\AppData\Local\Temp\ccPDNIwU.o
LOAD C:\Users\suse1\AppData\Local\Temp\ccSDpTIl.o
LOAD C:\Users\suse1\AppData\Local\Temp\ccZn8Xt0.o
LOAD C:\Users\suse1\AppData\Local\Temp\ccyQqr41.o
LOAD C:\Users\suse1\AppData\Local\Temp\ccC499ja.o
LOAD C:\Users\suse1\AppData\Local\Temp\cc294l3y.o
LOAD C:\Users\suse1\AppData\Local\Temp\ccOqi3R8.o
LOAD C:\Users\suse1\AppData\Local\Temp\ccgh3j8W.o
LOAD C:\Users\suse1\AppData\Local\Temp\ccgJGlP2.o
START GROUP
LOAD d:/program files (x86)/gnu tools arm embedded/7 2017-q4-major/bin/../lib/gcc/arm-none-eabi/7.2.1/thumb/v7e-m/fpv4-sp/hard\libgcc.a
LOAD d:/program files (x86)/gnu tools arm embedded/7 2017-q4-major/bin/../lib/gcc/arm-none-eabi/7.2.1/../../../../arm-none-eabi/lib/thumb/v7e-m/fpv4-sp/hard\libg.a
LOAD d:/program files (x86)/gnu tools arm embedded/7 2017-q4-major/bin/../lib/gcc/arm-none-eabi/7.2.1/../../../../arm-none-eabi/lib/thumb/v7e-m/fpv4-sp/hard\libc.a
END GROUP
LOAD d:/program files (x86)/gnu tools arm embedded/7 2017-q4-major/bin/../lib/gcc/arm-none-eabi/7.2.1/thumb/v7e-m/fpv4-sp/hard/crtend.o
LOAD d:/program files (x86)/gnu tools arm embedded/7 2017-q4-major/bin/../lib/gcc/arm-none-eabi/7.2.1/thumb/v7e-m/fpv4-sp/hard/crtn.o
                0x20017fff                PROVIDE (_estack, 0x20017fff)
                0x08000000                PROVIDE (_stext, ORIGIN (FLASH))

.text           0x08000000     0x7eb4
 *(.isr_vector)
 .isr_vector    0x08000000      0x194 C:\Users\suse1\AppData\Local\Temp\ccC9hm6n.o
                0x08000000                g_pfnVectors
 *(.text*)
 .text          0x08000194       0x40 d:/program files (x86)/gnu tools arm embedded/7 2017-q4-major/bin/../lib/gcc/arm-none-eabi/7.2.1/thumb/v7e-m/fpv4-sp/hard/crtbegin.o
 .text.Reset_Handler
                0x080001d4       0x50 C:\Users\suse1\AppData\Local\Temp\ccC9hm6n.o
                0x080001d4                Reset_Handler
 .text.Default_Handler
                0x08000224        0x2 C:\Users\suse1\AppData\Local\Temp\ccC9hm6n.o
                0x08000224                RTC_Alarm_IRQHandler
                0x08000224                EXTI2_IRQHandler
                0x08000224                SPI4_IRQHandler
                0x08000224                TIM1_CC_IRQHandler
                0x08000224                DMA2_Stream5_IRQHandler
                0x08000224                DMA1_Stream5_IRQHandler
                0x08000224                PVD_IRQHandler
                0x08000224                SDIO_IRQHandler
                0x08000224                TAMP_STAMP_IRQHandler
                0x08000224                PendSV_Handler
                0x08000224                EXTI3_IRQHandler
                0x08000224                TIM1_UP_TIM10_IRQHandler
                0x08000224                I2C3_ER_IRQHandler
                0x08000224                EXTI0_IRQHandler
                0x08000224                I2C2_EV_IRQHandler
                0x08000224                DMA1_Stream2_IRQHandler
                0x08000224                FPU_IRQHandler
                0x08000224                DMA2_Stream2_IRQHandler
                0x08000224                SPI1_IRQHandler
                0x08000224                TIM1_BRK_TIM9_IRQHandler
                0x08000224                DMA2_Stream3_IRQHandler
                0x08000224                USART6_IRQHandler
                0x08000224                DMA2_Stream0_IRQHandler
                0x08000224                TIM4_IRQHandler
                0x08000224                I2C1_EV_IRQHandler
                0x08000224                DMA1_Stream6_IRQHandler
                0x08000224                DMA1_Stream1_IRQHandler
                0x08000224                TIM3_IRQHandler
                0x08000224                RCC_IRQHandler
                0x08000224                Default_Handler
                0x08000224                EXTI15_10_IRQHandler
                0x08000224                ADC_IRQHandler
                0x08000224                DMA1_Stream7_IRQHandler
                0x08000224                TIM5_IRQHandler
                0x08000224                DMA2_Stream7_IRQHandler
                0x08000224                I2C3_EV_IRQHandler
                0x08000224                EXTI9_5_IRQHandler
                0x08000224                RTC_WKUP_IRQHandler
                0x08000224                SPI2_IRQHandler
                0x08000224                DMA1_Stream0_IRQHandler
                0x08000224                EXTI4_IRQHandler
                0x08000224                WWDG_IRQHandler
                0x08000224                TIM2_IRQHandler
                0x08000224                OTG_FS_WKUP_IRQHandler
                0x08000224                TIM1_TRG_COM_TIM11_IRQHandler
                0x08000224                EXTI1_IRQHandler
                0x08000224                USART2_IRQHandler
                0x08000224                I2C2_ER_IRQHandler
                0x08000224                DMA2_Stream1_IRQHandler
                0x08000224                FLASH_IRQHandler
                0x08000224                DMA2_Stream4_IRQHandler
                0x08000224                USART1_IRQHandler
                0x08000224                OTG_FS_IRQHandler
                0x08000224                SPI3_IRQHandler
                0x08000224                DMA1_Stream4_IRQHandler
                0x08000224                I2C1_ER_IRQHandler
                0x08000224                DMA2_Stream6_IRQHandler
                0x08000224                DMA1_Stream3_IRQHandler
 *fill*         0x08000226        0x2 
 .text.main     0x08000228       0x3c C:\Users\suse1\AppData\Local\Temp\cc8Rvgh7.o
                0x08000228                main
 .text.SystemClock_Config
                0x08000264       0xb8 C:\Users\suse1\AppData\Local\Temp\cc8Rvgh7.o
 .text.Error_Handler
                0x0800031c        0xc C:\Users\suse1\AppData\Local\Temp\cc8Rvgh7.o
                0x0800031c                Error_Handler
 .text.serial_init
                0x08000328       0x54 C:\Users\suse1\AppData\Local\Temp\cc6FdG1N.o
                0x08000328                serial_init
 .text.__io_putchar
                0x0800037c       0x24 C:\Users\suse1\AppData\Local\Temp\cc6FdG1N.o
                0x0800037c                __io_putchar
 .text.setSpeed
                0x080003a0       0x34 C:\Users\suse1\AppData\Local\Temp\ccKjrKcO.o
                0x080003a0                setSpeed
 .text.stepMotor
                0x080003d4      0x294 C:\Users\suse1\AppData\Local\Temp\ccKjrKcO.o
                0x080003d4                stepMotor
 .text.step     0x08000668       0xd4 C:\Users\suse1\AppData\Local\Temp\ccKjrKcO.o
                0x08000668                step
 .text.Stepper  0x0800073c      0x118 C:\Users\suse1\AppData\Local\Temp\ccKjrKcO.o
                0x0800073c                Stepper
 .text.InitStepper
                0x08000854       0x48 C:\Users\suse1\AppData\Local\Temp\ccKjrKcO.o
                0x08000854                InitStepper
 .text.HAL_UART_MspInit
                0x0800089c      0x1d0 C:\Users\suse1\AppData\Local\Temp\ccrss4ET.o
                0x0800089c                HAL_UART_MspInit
 .text.NMI_Handler
                0x08000a6c        0xe C:\Users\suse1\AppData\Local\Temp\cc6lKETg.o
                0x08000a6c                NMI_Handler
 *fill*         0x08000a7a        0x2 
 .text.HardFault_Handler
                0x08000a7c       0x18 C:\Users\suse1\AppData\Local\Temp\cc6lKETg.o
                0x08000a7c                HardFault_Handler
 .text.MemManage_Handler
                0x08000a94        0x6 C:\Users\suse1\AppData\Local\Temp\cc6lKETg.o
                0x08000a94                MemManage_Handler
 .text.BusFault_Handler
                0x08000a9a        0x6 C:\Users\suse1\AppData\Local\Temp\cc6lKETg.o
                0x08000a9a                BusFault_Handler
 .text.UsageFault_Handler
                0x08000aa0        0x6 C:\Users\suse1\AppData\Local\Temp\cc6lKETg.o
                0x08000aa0                UsageFault_Handler
 .text.SVC_Handler
                0x08000aa6        0xe C:\Users\suse1\AppData\Local\Temp\cc6lKETg.o
                0x08000aa6                SVC_Handler
 .text.DebugMon_Handler
                0x08000ab4        0xe C:\Users\suse1\AppData\Local\Temp\cc6lKETg.o
                0x08000ab4                DebugMon_Handler
 .text.SysTick_Handler
                0x08000ac2        0xc C:\Users\suse1\AppData\Local\Temp\cc6lKETg.o
                0x08000ac2                SysTick_Handler
 .text._read    0x08000ace       0x3a C:\Users\suse1\AppData\Local\Temp\ccZkDOiP.o
                0x08000ace                _read
 .text._write   0x08000b08       0x38 C:\Users\suse1\AppData\Local\Temp\ccZkDOiP.o
                0x08000b08                _write
 .text._sbrk    0x08000b40       0x58 C:\Users\suse1\AppData\Local\Temp\ccZkDOiP.o
                0x08000b40                _sbrk
 .text._close   0x08000b98       0x18 C:\Users\suse1\AppData\Local\Temp\ccZkDOiP.o
                0x08000b98                _close
 .text._fstat   0x08000bb0       0x20 C:\Users\suse1\AppData\Local\Temp\ccZkDOiP.o
                0x08000bb0                _fstat
 .text._isatty  0x08000bd0       0x16 C:\Users\suse1\AppData\Local\Temp\ccZkDOiP.o
                0x08000bd0                _isatty
 .text._lseek   0x08000be6       0x1a C:\Users\suse1\AppData\Local\Temp\ccZkDOiP.o
                0x08000be6                _lseek
 .text.SystemInit
                0x08000c00       0x6c C:\Users\suse1\AppData\Local\Temp\ccyhSVRz.o
                0x08000c00                SystemInit
 .text.HAL_Init
                0x08000c6c       0x44 C:\Users\suse1\AppData\Local\Temp\ccUt4BAz.o
                0x08000c6c                HAL_Init
 .text.HAL_InitTick
                0x08000cb0       0x60 C:\Users\suse1\AppData\Local\Temp\ccUt4BAz.o
                0x08000cb0                HAL_InitTick
 .text.HAL_IncTick
                0x08000d10       0x28 C:\Users\suse1\AppData\Local\Temp\ccUt4BAz.o
                0x08000d10                HAL_IncTick
 .text.HAL_GetTick
                0x08000d38       0x18 C:\Users\suse1\AppData\Local\Temp\ccUt4BAz.o
                0x08000d38                HAL_GetTick
 .text.HAL_Delay
                0x08000d50       0x4c C:\Users\suse1\AppData\Local\Temp\ccUt4BAz.o
                0x08000d50                HAL_Delay
 .text.HAL_MspInit
                0x08000d9c        0xe C:\Users\suse1\AppData\Local\Temp\cc2VkSLM.o
                0x08000d9c                HAL_MspInit
 *fill*         0x08000daa        0x2 
 .text.__NVIC_SetPriorityGrouping
                0x08000dac       0x48 C:\Users\suse1\AppData\Local\Temp\cc4GvDfl.o
 .text.__NVIC_GetPriorityGrouping
                0x08000df4       0x1c C:\Users\suse1\AppData\Local\Temp\cc4GvDfl.o
 .text.__NVIC_EnableIRQ
                0x08000e10       0x3c C:\Users\suse1\AppData\Local\Temp\cc4GvDfl.o
 .text.__NVIC_SetPriority
                0x08000e4c       0x54 C:\Users\suse1\AppData\Local\Temp\cc4GvDfl.o
 .text.NVIC_EncodePriority
                0x08000ea0       0x66 C:\Users\suse1\AppData\Local\Temp\cc4GvDfl.o
 *fill*         0x08000f06        0x2 
 .text.SysTick_Config
                0x08000f08       0x44 C:\Users\suse1\AppData\Local\Temp\cc4GvDfl.o
 .text.HAL_NVIC_SetPriorityGrouping
                0x08000f4c       0x16 C:\Users\suse1\AppData\Local\Temp\cc4GvDfl.o
                0x08000f4c                HAL_NVIC_SetPriorityGrouping
 .text.HAL_NVIC_SetPriority
                0x08000f62       0x38 C:\Users\suse1\AppData\Local\Temp\cc4GvDfl.o
                0x08000f62                HAL_NVIC_SetPriority
 .text.HAL_NVIC_EnableIRQ
                0x08000f9a       0x1c C:\Users\suse1\AppData\Local\Temp\cc4GvDfl.o
                0x08000f9a                HAL_NVIC_EnableIRQ
 .text.HAL_SYSTICK_Config
                0x08000fb6       0x18 C:\Users\suse1\AppData\Local\Temp\cc4GvDfl.o
                0x08000fb6                HAL_SYSTICK_Config
 *fill*         0x08000fce        0x2 
 .text.HAL_RCC_OscConfig
                0x08000fd0      0x4f0 C:\Users\suse1\AppData\Local\Temp\cc0b57AG.o
                0x08000fd0                HAL_RCC_OscConfig
 .text.HAL_RCC_ClockConfig
                0x080014c0      0x1cc C:\Users\suse1\AppData\Local\Temp\cc0b57AG.o
                0x080014c0                HAL_RCC_ClockConfig
 .text.HAL_RCC_GetSysClockFreq
                0x0800168c      0x1b0 C:\Users\suse1\AppData\Local\Temp\cc0b57AG.o
                0x0800168c                HAL_RCC_GetSysClockFreq
 .text.HAL_RCC_GetHCLKFreq
                0x0800183c       0x18 C:\Users\suse1\AppData\Local\Temp\cc0b57AG.o
                0x0800183c                HAL_RCC_GetHCLKFreq
 .text.HAL_RCC_GetPCLK1Freq
                0x08001854       0x28 C:\Users\suse1\AppData\Local\Temp\cc0b57AG.o
                0x08001854                HAL_RCC_GetPCLK1Freq
 .text.HAL_RCC_GetPCLK2Freq
                0x0800187c       0x28 C:\Users\suse1\AppData\Local\Temp\cc0b57AG.o
                0x0800187c                HAL_RCC_GetPCLK2Freq
 .text.HAL_DMA_Init
                0x080018a4      0x15c C:\Users\suse1\AppData\Local\Temp\cc1fUEIa.o
                0x080018a4                HAL_DMA_Init
 .text.DMA_CalcBaseAndBitshift
                0x08001a00       0x6c C:\Users\suse1\AppData\Local\Temp\cc1fUEIa.o
 .text.DMA_CheckFifoParam
                0x08001a6c       0xf4 C:\Users\suse1\AppData\Local\Temp\cc1fUEIa.o
 .text.HAL_GPIO_Init
                0x08001b60      0x304 C:\Users\suse1\AppData\Local\Temp\cc020ZBV.o
                0x08001b60                HAL_GPIO_Init
 .text.HAL_GPIO_WritePin
                0x08001e64       0x32 C:\Users\suse1\AppData\Local\Temp\cc020ZBV.o
                0x08001e64                HAL_GPIO_WritePin
 .text.HAL_GPIO_TogglePin
                0x08001e96       0x34 C:\Users\suse1\AppData\Local\Temp\cc020ZBV.o
                0x08001e96                HAL_GPIO_TogglePin
 .text.HAL_UART_Init
                0x08001eca       0x9a C:\Users\suse1\AppData\Local\Temp\ccSs151k.o
                0x08001eca                HAL_UART_Init
 .text.HAL_UART_Transmit
                0x08001f64      0x124 C:\Users\suse1\AppData\Local\Temp\ccSs151k.o
                0x08001f64                HAL_UART_Transmit
 .text.UART_WaitOnFlagUntilTimeout
                0x08002088       0x94 C:\Users\suse1\AppData\Local\Temp\ccSs151k.o
 .text.UART_SetConfig
                0x0800211c      0x3b8 C:\Users\suse1\AppData\Local\Temp\ccSs151k.o
 .text.BSP_LED_Init
                0x080024d4       0x6c C:\Users\suse1\AppData\Local\Temp\cc294l3y.o
                0x080024d4                BSP_LED_Init
 .text.BSP_LED_On
                0x08002540       0x28 C:\Users\suse1\AppData\Local\Temp\cc294l3y.o
                0x08002540                BSP_LED_On
 .text.BSP_LED_Toggle
                0x08002568       0x28 C:\Users\suse1\AppData\Local\Temp\cc294l3y.o
                0x08002568                BSP_LED_Toggle
 .text          0x08002590       0x30 d:/program files (x86)/gnu tools arm embedded/7 2017-q4-major/bin/../lib/gcc/arm-none-eabi/7.2.1/thumb/v7e-m/fpv4-sp/hard\libgcc.a(_aeabi_uldivmod.o)
                0x08002590                __aeabi_uldivmod
 .text          0x080025c0      0x2cc d:/program files (x86)/gnu tools arm embedded/7 2017-q4-major/bin/../lib/gcc/arm-none-eabi/7.2.1/thumb/v7e-m/fpv4-sp/hard\libgcc.a(_udivmoddi4.o)
                0x080025c0                __udivmoddi4
 .text          0x0800288c        0x4 d:/program files (x86)/gnu tools arm embedded/7 2017-q4-major/bin/../lib/gcc/arm-none-eabi/7.2.1/thumb/v7e-m/fpv4-sp/hard\libgcc.a(_dvmd_tls.o)
                0x0800288c                __aeabi_idiv0
                0x0800288c                __aeabi_ldiv0
 .text.__errno  0x08002890        0xc d:/program files (x86)/gnu tools arm embedded/7 2017-q4-major/bin/../lib/gcc/arm-none-eabi/7.2.1/../../../../arm-none-eabi/lib/thumb/v7e-m/fpv4-sp/hard\libg.a(lib_a-errno.o)
                0x08002890                __errno
 .text.__libc_init_array
                0x0800289c       0x48 d:/program files (x86)/gnu tools arm embedded/7 2017-q4-major/bin/../lib/gcc/arm-none-eabi/7.2.1/../../../../arm-none-eabi/lib/thumb/v7e-m/fpv4-sp/hard\libg.a(lib_a-init.o)
                0x0800289c                __libc_init_array
 .text          0x080028e4      0x134 d:/program files (x86)/gnu tools arm embedded/7 2017-q4-major/bin/../lib/gcc/arm-none-eabi/7.2.1/../../../../arm-none-eabi/lib/thumb/v7e-m/fpv4-sp/hard\libg.a(lib_a-memcpy.o)
                0x080028e4                memcpy
 .text.memset   0x08002a18       0x94 d:/program files (x86)/gnu tools arm embedded/7 2017-q4-major/bin/../lib/gcc/arm-none-eabi/7.2.1/../../../../arm-none-eabi/lib/thumb/v7e-m/fpv4-sp/hard\libg.a(lib_a-memset.o)
                0x08002a18                memset
 .text.printf   0x08002aac       0x28 d:/program files (x86)/gnu tools arm embedded/7 2017-q4-major/bin/../lib/gcc/arm-none-eabi/7.2.1/../../../../arm-none-eabi/lib/thumb/v7e-m/fpv4-sp/hard\libg.a(lib_a-printf.o)
                0x08002aac                printf
 *fill*         0x08002ad4        0x4 
 .text._vfprintf_r
                0x08002ad8     0x150c d:/program files (x86)/gnu tools arm embedded/7 2017-q4-major/bin/../lib/gcc/arm-none-eabi/7.2.1/../../../../arm-none-eabi/lib/thumb/v7e-m/fpv4-sp/hard\libg.a(lib_a-vfprintf.o)
                0x08002ad8                _vfprintf_r
 .text.__sbprintf
                0x08003fe4       0x84 d:/program files (x86)/gnu tools arm embedded/7 2017-q4-major/bin/../lib/gcc/arm-none-eabi/7.2.1/../../../../arm-none-eabi/lib/thumb/v7e-m/fpv4-sp/hard\libg.a(lib_a-vfprintf.o)
 .text.__swsetup_r
                0x08004068       0xcc d:/program files (x86)/gnu tools arm embedded/7 2017-q4-major/bin/../lib/gcc/arm-none-eabi/7.2.1/../../../../arm-none-eabi/lib/thumb/v7e-m/fpv4-sp/hard\libg.a(lib_a-wsetup.o)
                0x08004068                __swsetup_r
 .text.startup.register_fini
                0x08004134       0x14 d:/program files (x86)/gnu tools arm embedded/7 2017-q4-major/bin/../lib/gcc/arm-none-eabi/7.2.1/../../../../arm-none-eabi/lib/thumb/v7e-m/fpv4-sp/hard\libg.a(lib_a-__call_atexit.o)
 .text.atexit   0x08004148        0xc d:/program files (x86)/gnu tools arm embedded/7 2017-q4-major/bin/../lib/gcc/arm-none-eabi/7.2.1/../../../../arm-none-eabi/lib/thumb/v7e-m/fpv4-sp/hard\libg.a(lib_a-atexit.o)
                0x08004148                atexit
 .text.quorem   0x08004154      0x124 d:/program files (x86)/gnu tools arm embedded/7 2017-q4-major/bin/../lib/gcc/arm-none-eabi/7.2.1/../../../../arm-none-eabi/lib/thumb/v7e-m/fpv4-sp/hard\libg.a(lib_a-dtoa.o)
 .text._dtoa_r  0x08004278      0xe28 d:/program files (x86)/gnu tools arm embedded/7 2017-q4-major/bin/../lib/gcc/arm-none-eabi/7.2.1/../../../../arm-none-eabi/lib/thumb/v7e-m/fpv4-sp/hard\libg.a(lib_a-dtoa.o)
                0x08004278                _dtoa_r
 .text.__sflush_r
                0x080050a0      0x154 d:/program files (x86)/gnu tools arm embedded/7 2017-q4-major/bin/../lib/gcc/arm-none-eabi/7.2.1/../../../../arm-none-eabi/lib/thumb/v7e-m/fpv4-sp/hard\libg.a(lib_a-fflush.o)
                0x080050a0                __sflush_r
 .text._fflush_r
                0x080051f4       0x5c d:/program files (x86)/gnu tools arm embedded/7 2017-q4-major/bin/../lib/gcc/arm-none-eabi/7.2.1/../../../../arm-none-eabi/lib/thumb/v7e-m/fpv4-sp/hard\libg.a(lib_a-fflush.o)
                0x080051f4                _fflush_r
 .text.std      0x08005250       0x50 d:/program files (x86)/gnu tools arm embedded/7 2017-q4-major/bin/../lib/gcc/arm-none-eabi/7.2.1/../../../../arm-none-eabi/lib/thumb/v7e-m/fpv4-sp/hard\libg.a(lib_a-findfp.o)
 .text._cleanup_r
                0x080052a0        0xc d:/program files (x86)/gnu tools arm embedded/7 2017-q4-major/bin/../lib/gcc/arm-none-eabi/7.2.1/../../../../arm-none-eabi/lib/thumb/v7e-m/fpv4-sp/hard\libg.a(lib_a-findfp.o)
                0x080052a0                _cleanup_r
 .text.__sinit  0x080052ac       0x58 d:/program files (x86)/gnu tools arm embedded/7 2017-q4-major/bin/../lib/gcc/arm-none-eabi/7.2.1/../../../../arm-none-eabi/lib/thumb/v7e-m/fpv4-sp/hard\libg.a(lib_a-findfp.o)
                0x080052ac                __sinit
 .text.__sfp_lock_acquire
                0x08005304        0xc d:/program files (x86)/gnu tools arm embedded/7 2017-q4-major/bin/../lib/gcc/arm-none-eabi/7.2.1/../../../../arm-none-eabi/lib/thumb/v7e-m/fpv4-sp/hard\libg.a(lib_a-findfp.o)
                0x08005304                __sfp_lock_acquire
 .text.__sfp_lock_release
                0x08005310        0xc d:/program files (x86)/gnu tools arm embedded/7 2017-q4-major/bin/../lib/gcc/arm-none-eabi/7.2.1/../../../../arm-none-eabi/lib/thumb/v7e-m/fpv4-sp/hard\libg.a(lib_a-findfp.o)
                0x08005310                __sfp_lock_release
 .text.__libc_fini_array
                0x0800531c       0x34 d:/program files (x86)/gnu tools arm embedded/7 2017-q4-major/bin/../lib/gcc/arm-none-eabi/7.2.1/../../../../arm-none-eabi/lib/thumb/v7e-m/fpv4-sp/hard\libg.a(lib_a-fini.o)
                0x0800531c                __libc_fini_array
 .text._malloc_trim_r
                0x08005350       0xa0 d:/program files (x86)/gnu tools arm embedded/7 2017-q4-major/bin/../lib/gcc/arm-none-eabi/7.2.1/../../../../arm-none-eabi/lib/thumb/v7e-m/fpv4-sp/hard\libg.a(lib_a-freer.o)
                0x08005350                _malloc_trim_r
 .text._free_r  0x080053f0      0x1e8 d:/program files (x86)/gnu tools arm embedded/7 2017-q4-major/bin/../lib/gcc/arm-none-eabi/7.2.1/../../../../arm-none-eabi/lib/thumb/v7e-m/fpv4-sp/hard\libg.a(lib_a-freer.o)
                0x080053f0                _free_r
 .text._fwalk_reent
                0x080055d8       0x54 d:/program files (x86)/gnu tools arm embedded/7 2017-q4-major/bin/../lib/gcc/arm-none-eabi/7.2.1/../../../../arm-none-eabi/lib/thumb/v7e-m/fpv4-sp/hard\libg.a(lib_a-fwalk.o)
                0x080055d8                _fwalk_reent
 .text._localeconv_r
                0x0800562c       0x1c d:/program files (x86)/gnu tools arm embedded/7 2017-q4-major/bin/../lib/gcc/arm-none-eabi/7.2.1/../../../../arm-none-eabi/lib/thumb/v7e-m/fpv4-sp/hard\libg.a(lib_a-localeconv.o)
                0x0800562c                _localeconv_r
 .text.__retarget_lock_init_recursive
                0x08005648        0x4 d:/program files (x86)/gnu tools arm embedded/7 2017-q4-major/bin/../lib/gcc/arm-none-eabi/7.2.1/../../../../arm-none-eabi/lib/thumb/v7e-m/fpv4-sp/hard\libg.a(lib_a-lock.o)
                0x08005648                __retarget_lock_init_recursive
 .text.__retarget_lock_close_recursive
                0x0800564c        0x4 d:/program files (x86)/gnu tools arm embedded/7 2017-q4-major/bin/../lib/gcc/arm-none-eabi/7.2.1/../../../../arm-none-eabi/lib/thumb/v7e-m/fpv4-sp/hard\libg.a(lib_a-lock.o)
                0x0800564c                __retarget_lock_close_recursive
 .text.__retarget_lock_acquire_recursive
                0x08005650        0x4 d:/program files (x86)/gnu tools arm embedded/7 2017-q4-major/bin/../lib/gcc/arm-none-eabi/7.2.1/../../../../arm-none-eabi/lib/thumb/v7e-m/fpv4-sp/hard\libg.a(lib_a-lock.o)
                0x08005650                __retarget_lock_acquire_recursive
 .text.__retarget_lock_release_recursive
                0x08005654        0x4 d:/program files (x86)/gnu tools arm embedded/7 2017-q4-major/bin/../lib/gcc/arm-none-eabi/7.2.1/../../../../arm-none-eabi/lib/thumb/v7e-m/fpv4-sp/hard\libg.a(lib_a-lock.o)
                0x08005654                __retarget_lock_release_recursive
 .text.__swhatbuf_r
                0x08005658       0x5c d:/program files (x86)/gnu tools arm embedded/7 2017-q4-major/bin/../lib/gcc/arm-none-eabi/7.2.1/../../../../arm-none-eabi/lib/thumb/v7e-m/fpv4-sp/hard\libg.a(lib_a-makebuf.o)
                0x08005658                __swhatbuf_r
 .text.__smakebuf_r
                0x080056b4       0x94 d:/program files (x86)/gnu tools arm embedded/7 2017-q4-major/bin/../lib/gcc/arm-none-eabi/7.2.1/../../../../arm-none-eabi/lib/thumb/v7e-m/fpv4-sp/hard\libg.a(lib_a-makebuf.o)
                0x080056b4                __smakebuf_r
 .text._malloc_r
                0x08005748      0x548 d:/program files (x86)/gnu tools arm embedded/7 2017-q4-major/bin/../lib/gcc/arm-none-eabi/7.2.1/../../../../arm-none-eabi/lib/thumb/v7e-m/fpv4-sp/hard\libg.a(lib_a-mallocr.o)
                0x08005748                _malloc_r
 .text          0x08005c90       0xa0 d:/program files (x86)/gnu tools arm embedded/7 2017-q4-major/bin/../lib/gcc/arm-none-eabi/7.2.1/../../../../arm-none-eabi/lib/thumb/v7e-m/fpv4-sp/hard\libg.a(lib_a-memchr.o)
                0x08005c90                memchr
 .text.__malloc_lock
                0x08005d30        0xc d:/program files (x86)/gnu tools arm embedded/7 2017-q4-major/bin/../lib/gcc/arm-none-eabi/7.2.1/../../../../arm-none-eabi/lib/thumb/v7e-m/fpv4-sp/hard\libg.a(lib_a-mlock.o)
                0x08005d30                __malloc_lock
 .text.__malloc_unlock
                0x08005d3c        0xc d:/program files (x86)/gnu tools arm embedded/7 2017-q4-major/bin/../lib/gcc/arm-none-eabi/7.2.1/../../../../arm-none-eabi/lib/thumb/v7e-m/fpv4-sp/hard\libg.a(lib_a-mlock.o)
                0x08005d3c                __malloc_unlock
 .text._Balloc  0x08005d48       0x4c d:/program files (x86)/gnu tools arm embedded/7 2017-q4-major/bin/../lib/gcc/arm-none-eabi/7.2.1/../../../../arm-none-eabi/lib/thumb/v7e-m/fpv4-sp/hard\libg.a(lib_a-mprec.o)
                0x08005d48                _Balloc
 .text._Bfree   0x08005d94       0x14 d:/program files (x86)/gnu tools arm embedded/7 2017-q4-major/bin/../lib/gcc/arm-none-eabi/7.2.1/../../../../arm-none-eabi/lib/thumb/v7e-m/fpv4-sp/hard\libg.a(lib_a-mprec.o)
                0x08005d94                _Bfree
 .text.__multadd
                0x08005da8       0x80 d:/program files (x86)/gnu tools arm embedded/7 2017-q4-major/bin/../lib/gcc/arm-none-eabi/7.2.1/../../../../arm-none-eabi/lib/thumb/v7e-m/fpv4-sp/hard\libg.a(lib_a-mprec.o)
                0x08005da8                __multadd
 .text.__hi0bits
                0x08005e28       0x40 d:/program files (x86)/gnu tools arm embedded/7 2017-q4-major/bin/../lib/gcc/arm-none-eabi/7.2.1/../../../../arm-none-eabi/lib/thumb/v7e-m/fpv4-sp/hard\libg.a(lib_a-mprec.o)
                0x08005e28                __hi0bits
 .text.__lo0bits
                0x08005e68       0x60 d:/program files (x86)/gnu tools arm embedded/7 2017-q4-major/bin/../lib/gcc/arm-none-eabi/7.2.1/../../../../arm-none-eabi/lib/thumb/v7e-m/fpv4-sp/hard\libg.a(lib_a-mprec.o)
                0x08005e68                __lo0bits
 .text.__i2b    0x08005ec8       0x14 d:/program files (x86)/gnu tools arm embedded/7 2017-q4-major/bin/../lib/gcc/arm-none-eabi/7.2.1/../../../../arm-none-eabi/lib/thumb/v7e-m/fpv4-sp/hard\libg.a(lib_a-mprec.o)
                0x08005ec8                __i2b
 .text.__multiply
                0x08005edc      0x14c d:/program files (x86)/gnu tools arm embedded/7 2017-q4-major/bin/../lib/gcc/arm-none-eabi/7.2.1/../../../../arm-none-eabi/lib/thumb/v7e-m/fpv4-sp/hard\libg.a(lib_a-mprec.o)
                0x08005edc                __multiply
 .text.__pow5mult
                0x08006028       0xa0 d:/program files (x86)/gnu tools arm embedded/7 2017-q4-major/bin/../lib/gcc/arm-none-eabi/7.2.1/../../../../arm-none-eabi/lib/thumb/v7e-m/fpv4-sp/hard\libg.a(lib_a-mprec.o)
                0x08006028                __pow5mult
 .text.__lshift
                0x080060c8       0xac d:/program files (x86)/gnu tools arm embedded/7 2017-q4-major/bin/../lib/gcc/arm-none-eabi/7.2.1/../../../../arm-none-eabi/lib/thumb/v7e-m/fpv4-sp/hard\libg.a(lib_a-mprec.o)
                0x080060c8                __lshift
 .text.__mcmp   0x08006174       0x38 d:/program files (x86)/gnu tools arm embedded/7 2017-q4-major/bin/../lib/gcc/arm-none-eabi/7.2.1/../../../../arm-none-eabi/lib/thumb/v7e-m/fpv4-sp/hard\libg.a(lib_a-mprec.o)
                0x08006174                __mcmp
 .text.__mdiff  0x080061ac       0xec d:/program files (x86)/gnu tools arm embedded/7 2017-q4-major/bin/../lib/gcc/arm-none-eabi/7.2.1/../../../../arm-none-eabi/lib/thumb/v7e-m/fpv4-sp/hard\libg.a(lib_a-mprec.o)
                0x080061ac                __mdiff
 .text.__d2b    0x08006298       0xc4 d:/program files (x86)/gnu tools arm embedded/7 2017-q4-major/bin/../lib/gcc/arm-none-eabi/7.2.1/../../../../arm-none-eabi/lib/thumb/v7e-m/fpv4-sp/hard\libg.a(lib_a-mprec.o)
                0x08006298                __d2b
 .text._sbrk_r  0x0800635c       0x24 d:/program files (x86)/gnu tools arm embedded/7 2017-q4-major/bin/../lib/gcc/arm-none-eabi/7.2.1/../../../../arm-none-eabi/lib/thumb/v7e-m/fpv4-sp/hard\libg.a(lib_a-sbrkr.o)
                0x0800635c                _sbrk_r
 .text.__sread  0x08006380       0x24 d:/program files (x86)/gnu tools arm embedded/7 2017-q4-major/bin/../lib/gcc/arm-none-eabi/7.2.1/../../../../arm-none-eabi/lib/thumb/v7e-m/fpv4-sp/hard\libg.a(lib_a-stdio.o)
                0x08006380                __sread
 .text.__swrite
                0x080063a4       0x3c d:/program files (x86)/gnu tools arm embedded/7 2017-q4-major/bin/../lib/gcc/arm-none-eabi/7.2.1/../../../../arm-none-eabi/lib/thumb/v7e-m/fpv4-sp/hard\libg.a(lib_a-stdio.o)
                0x080063a4                __swrite
 .text.__sseek  0x080063e0       0x20 d:/program files (x86)/gnu tools arm embedded/7 2017-q4-major/bin/../lib/gcc/arm-none-eabi/7.2.1/../../../../arm-none-eabi/lib/thumb/v7e-m/fpv4-sp/hard\libg.a(lib_a-stdio.o)
                0x080063e0                __sseek
 .text.__sclose
                0x08006400        0x8 d:/program files (x86)/gnu tools arm embedded/7 2017-q4-major/bin/../lib/gcc/arm-none-eabi/7.2.1/../../../../arm-none-eabi/lib/thumb/v7e-m/fpv4-sp/hard\libg.a(lib_a-stdio.o)
                0x08006400                __sclose
 *fill*         0x08006408       0x38 
 .text          0x08006440       0xdc d:/program files (x86)/gnu tools arm embedded/7 2017-q4-major/bin/../lib/gcc/arm-none-eabi/7.2.1/../../../../arm-none-eabi/lib/thumb/v7e-m/fpv4-sp/hard\libg.a(lib_a-strlen.o)
                0x08006440                strlen
 .text.__sprint_r.part.0
                0x0800651c       0x78 d:/program files (x86)/gnu tools arm embedded/7 2017-q4-major/bin/../lib/gcc/arm-none-eabi/7.2.1/../../../../arm-none-eabi/lib/thumb/v7e-m/fpv4-sp/hard\libg.a(lib_a-vfiprintf.o)
 .text.__sprint_r
                0x08006594       0x14 d:/program files (x86)/gnu tools arm embedded/7 2017-q4-major/bin/../lib/gcc/arm-none-eabi/7.2.1/../../../../arm-none-eabi/lib/thumb/v7e-m/fpv4-sp/hard\libg.a(lib_a-vfiprintf.o)
                0x08006594                __sprint_r
 .text._write_r
                0x080065a8       0x2c d:/program files (x86)/gnu tools arm embedded/7 2017-q4-major/bin/../lib/gcc/arm-none-eabi/7.2.1/../../../../arm-none-eabi/lib/thumb/v7e-m/fpv4-sp/hard\libg.a(lib_a-writer.o)
                0x080065a8                _write_r
 .text.__register_exitproc
                0x080065d4       0xc0 d:/program files (x86)/gnu tools arm embedded/7 2017-q4-major/bin/../lib/gcc/arm-none-eabi/7.2.1/../../../../arm-none-eabi/lib/thumb/v7e-m/fpv4-sp/hard\libg.a(lib_a-__atexit.o)
                0x080065d4                __register_exitproc
 .text._calloc_r
                0x08006694       0x68 d:/program files (x86)/gnu tools arm embedded/7 2017-q4-major/bin/../lib/gcc/arm-none-eabi/7.2.1/../../../../arm-none-eabi/lib/thumb/v7e-m/fpv4-sp/hard\libg.a(lib_a-callocr.o)
                0x08006694                _calloc_r
 .text._close_r
                0x080066fc       0x24 d:/program files (x86)/gnu tools arm embedded/7 2017-q4-major/bin/../lib/gcc/arm-none-eabi/7.2.1/../../../../arm-none-eabi/lib/thumb/v7e-m/fpv4-sp/hard\libg.a(lib_a-closer.o)
                0x080066fc                _close_r
 .text._fclose_r
                0x08006720       0xd0 d:/program files (x86)/gnu tools arm embedded/7 2017-q4-major/bin/../lib/gcc/arm-none-eabi/7.2.1/../../../../arm-none-eabi/lib/thumb/v7e-m/fpv4-sp/hard\libg.a(lib_a-fclose.o)
                0x08006720                _fclose_r
 .text.__fputwc
                0x080067f0       0xa0 d:/program files (x86)/gnu tools arm embedded/7 2017-q4-major/bin/../lib/gcc/arm-none-eabi/7.2.1/../../../../arm-none-eabi/lib/thumb/v7e-m/fpv4-sp/hard\libg.a(lib_a-fputwc.o)
                0x080067f0                __fputwc
 .text._fputwc_r
                0x08006890       0x64 d:/program files (x86)/gnu tools arm embedded/7 2017-q4-major/bin/../lib/gcc/arm-none-eabi/7.2.1/../../../../arm-none-eabi/lib/thumb/v7e-m/fpv4-sp/hard\libg.a(lib_a-fputwc.o)
                0x08006890                _fputwc_r
 .text._fstat_r
                0x080068f4       0x28 d:/program files (x86)/gnu tools arm embedded/7 2017-q4-major/bin/../lib/gcc/arm-none-eabi/7.2.1/../../../../arm-none-eabi/lib/thumb/v7e-m/fpv4-sp/hard\libg.a(lib_a-fstatr.o)
                0x080068f4                _fstat_r
 .text.__sfvwrite_r
                0x0800691c      0x2fc d:/program files (x86)/gnu tools arm embedded/7 2017-q4-major/bin/../lib/gcc/arm-none-eabi/7.2.1/../../../../arm-none-eabi/lib/thumb/v7e-m/fpv4-sp/hard\libg.a(lib_a-fvwrite.o)
                0x0800691c                __sfvwrite_r
 .text._isatty_r
                0x08006c18       0x24 d:/program files (x86)/gnu tools arm embedded/7 2017-q4-major/bin/../lib/gcc/arm-none-eabi/7.2.1/../../../../arm-none-eabi/lib/thumb/v7e-m/fpv4-sp/hard\libg.a(lib_a-isattyr.o)
                0x08006c18                _isatty_r
 .text.__locale_mb_cur_max
                0x08006c3c       0x1c d:/program files (x86)/gnu tools arm embedded/7 2017-q4-major/bin/../lib/gcc/arm-none-eabi/7.2.1/../../../../arm-none-eabi/lib/thumb/v7e-m/fpv4-sp/hard\libg.a(lib_a-locale.o)
                0x08006c3c                __locale_mb_cur_max
 .text._lseek_r
                0x08006c58       0x2c d:/program files (x86)/gnu tools arm embedded/7 2017-q4-major/bin/../lib/gcc/arm-none-eabi/7.2.1/../../../../arm-none-eabi/lib/thumb/v7e-m/fpv4-sp/hard\libg.a(lib_a-lseekr.o)
                0x08006c58                _lseek_r
 .text.__ascii_mbtowc
                0x08006c84       0x2c d:/program files (x86)/gnu tools arm embedded/7 2017-q4-major/bin/../lib/gcc/arm-none-eabi/7.2.1/../../../../arm-none-eabi/lib/thumb/v7e-m/fpv4-sp/hard\libg.a(lib_a-mbtowc_r.o)
                0x08006c84                __ascii_mbtowc
 .text.memmove  0x08006cb0       0xc8 d:/program files (x86)/gnu tools arm embedded/7 2017-q4-major/bin/../lib/gcc/arm-none-eabi/7.2.1/../../../../arm-none-eabi/lib/thumb/v7e-m/fpv4-sp/hard\libg.a(lib_a-memmove.o)
                0x08006cb0                memmove
 .text._read_r  0x08006d78       0x2c d:/program files (x86)/gnu tools arm embedded/7 2017-q4-major/bin/../lib/gcc/arm-none-eabi/7.2.1/../../../../arm-none-eabi/lib/thumb/v7e-m/fpv4-sp/hard\libg.a(lib_a-readr.o)
                0x08006d78                _read_r
 .text._realloc_r
                0x08006da4      0x35c d:/program files (x86)/gnu tools arm embedded/7 2017-q4-major/bin/../lib/gcc/arm-none-eabi/7.2.1/../../../../arm-none-eabi/lib/thumb/v7e-m/fpv4-sp/hard\libg.a(lib_a-reallocr.o)
                0x08006da4                _realloc_r
 .text.__swbuf_r
                0x08007100       0xb0 d:/program files (x86)/gnu tools arm embedded/7 2017-q4-major/bin/../lib/gcc/arm-none-eabi/7.2.1/../../../../arm-none-eabi/lib/thumb/v7e-m/fpv4-sp/hard\libg.a(lib_a-wbuf.o)
                0x08007100                __swbuf_r
 .text._wcrtomb_r
                0x080071b0       0x50 d:/program files (x86)/gnu tools arm embedded/7 2017-q4-major/bin/../lib/gcc/arm-none-eabi/7.2.1/../../../../arm-none-eabi/lib/thumb/v7e-m/fpv4-sp/hard\libg.a(lib_a-wcrtomb.o)
                0x080071b0                _wcrtomb_r
 .text.__ascii_wctomb
                0x08007200       0x1c d:/program files (x86)/gnu tools arm embedded/7 2017-q4-major/bin/../lib/gcc/arm-none-eabi/7.2.1/../../../../arm-none-eabi/lib/thumb/v7e-m/fpv4-sp/hard\libg.a(lib_a-wctomb_r.o)
                0x08007200                __ascii_wctomb
 .text          0x0800721c      0x378 d:/program files (x86)/gnu tools arm embedded/7 2017-q4-major/bin/../lib/gcc/arm-none-eabi/7.2.1/thumb/v7e-m/fpv4-sp/hard\libgcc.a(_arm_addsubdf3.o)
                0x0800721c                __aeabi_drsub
                0x08007224                __aeabi_dsub
                0x08007224                __subdf3
                0x08007228                __aeabi_dadd
                0x08007228                __adddf3
                0x080074a0                __floatunsidf
                0x080074a0                __aeabi_ui2d
                0x080074c0                __floatsidf
                0x080074c0                __aeabi_i2d
                0x080074e4                __aeabi_f2d
                0x080074e4                __extendsfdf2
                0x08007528                __floatundidf
                0x08007528                __aeabi_ul2d
                0x08007538                __floatdidf
                0x08007538                __aeabi_l2d
 .text          0x08007594      0x424 d:/program files (x86)/gnu tools arm embedded/7 2017-q4-major/bin/../lib/gcc/arm-none-eabi/7.2.1/thumb/v7e-m/fpv4-sp/hard\libgcc.a(_arm_muldivdf3.o)
                0x08007594                __aeabi_dmul
                0x08007594                __muldf3
                0x080077e8                __divdf3
                0x080077e8                __aeabi_ddiv
 .text          0x080079b8      0x110 d:/program files (x86)/gnu tools arm embedded/7 2017-q4-major/bin/../lib/gcc/arm-none-eabi/7.2.1/thumb/v7e-m/fpv4-sp/hard\libgcc.a(_arm_cmpdf2.o)
                0x080079b8                __gtdf2
                0x080079b8                __gedf2
                0x080079c0                __ltdf2
                0x080079c0                __ledf2
                0x080079c8                __nedf2
                0x080079c8                __eqdf2
                0x080079c8                __cmpdf2
                0x08007a44                __aeabi_cdrcmple
                0x08007a54                __aeabi_cdcmpeq
                0x08007a54                __aeabi_cdcmple
                0x08007a64                __aeabi_dcmpeq
                0x08007a78                __aeabi_dcmplt
                0x08007a8c                __aeabi_dcmple
                0x08007aa0                __aeabi_dcmpge
                0x08007ab4                __aeabi_dcmpgt
 .text          0x08007ac8       0x2c d:/program files (x86)/gnu tools arm embedded/7 2017-q4-major/bin/../lib/gcc/arm-none-eabi/7.2.1/thumb/v7e-m/fpv4-sp/hard\libgcc.a(_arm_unorddf2.o)
                0x08007ac8                __unorddf2
                0x08007ac8                __aeabi_dcmpun
 .text          0x08007af4       0x50 d:/program files (x86)/gnu tools arm embedded/7 2017-q4-major/bin/../lib/gcc/arm-none-eabi/7.2.1/thumb/v7e-m/fpv4-sp/hard\libgcc.a(_arm_fixdfsi.o)
                0x08007af4                __aeabi_d2iz
                0x08007af4                __fixdfsi
 *(.init)
 .init          0x08007b44        0x4 d:/program files (x86)/gnu tools arm embedded/7 2017-q4-major/bin/../lib/gcc/arm-none-eabi/7.2.1/thumb/v7e-m/fpv4-sp/hard/crti.o
                0x08007b44                _init
 .init          0x08007b48        0x8 d:/program files (x86)/gnu tools arm embedded/7 2017-q4-major/bin/../lib/gcc/arm-none-eabi/7.2.1/thumb/v7e-m/fpv4-sp/hard/crtn.o
 *(.fini)
 .fini          0x08007b50        0x4 d:/program files (x86)/gnu tools arm embedded/7 2017-q4-major/bin/../lib/gcc/arm-none-eabi/7.2.1/thumb/v7e-m/fpv4-sp/hard/crti.o
                0x08007b50                _fini
 .fini          0x08007b54        0x8 d:/program files (x86)/gnu tools arm embedded/7 2017-q4-major/bin/../lib/gcc/arm-none-eabi/7.2.1/thumb/v7e-m/fpv4-sp/hard/crtn.o
 *crtbegin.o(.ctors)
 *crtbegin?.o(.ctors)
 *(EXCLUDE_FILE(*crtend.o *crtend?.o) .ctors)
 *(SORT_BY_NAME(.ctors.*))
 *(.ctors)
 *crtbegin.o(.dtors)
 *crtbegin?.o(.dtors)
 *(EXCLUDE_FILE(*crtend.o *crtend?.o) .dtors)
 *(SORT_BY_NAME(.dtors.*))
 *(.dtors)
 *(.rodata*)
 .rodata        0x08007b5c       0x6c C:\Users\suse1\AppData\Local\Temp\cc8Rvgh7.o
 .rodata        0x08007bc8       0x20 C:\Users\suse1\AppData\Local\Temp\ccKjrKcO.o
 .rodata        0x08007be8        0x6 C:\Users\suse1\AppData\Local\Temp\cc6lKETg.o
 *fill*         0x08007bee        0x2 
 .rodata.__func__.11144
                0x08007bf0       0x12 C:\Users\suse1\AppData\Local\Temp\cc6lKETg.o
 *fill*         0x08007c02        0x2 
 .rodata.AHBPrescTable
                0x08007c04       0x10 C:\Users\suse1\AppData\Local\Temp\ccyhSVRz.o
                0x08007c04                AHBPrescTable
 .rodata.APBPrescTable
                0x08007c14        0x8 C:\Users\suse1\AppData\Local\Temp\ccyhSVRz.o
                0x08007c14                APBPrescTable
 .rodata.flagBitshiftOffset.10106
                0x08007c1c        0x8 C:\Users\suse1\AppData\Local\Temp\cc1fUEIa.o
 .rodata._global_impure_ptr
                0x08007c24        0x4 d:/program files (x86)/gnu tools arm embedded/7 2017-q4-major/bin/../lib/gcc/arm-none-eabi/7.2.1/../../../../arm-none-eabi/lib/thumb/v7e-m/fpv4-sp/hard\libg.a(lib_a-impure.o)
                0x08007c24                _global_impure_ptr
 .rodata._vfprintf_r.str1.4
                0x08007c28       0x42 d:/program files (x86)/gnu tools arm embedded/7 2017-q4-major/bin/../lib/gcc/arm-none-eabi/7.2.1/../../../../arm-none-eabi/lib/thumb/v7e-m/fpv4-sp/hard\libg.a(lib_a-vfprintf.o)
 *fill*         0x08007c6a        0x2 
 .rodata.blanks.8566
                0x08007c6c       0x10 d:/program files (x86)/gnu tools arm embedded/7 2017-q4-major/bin/../lib/gcc/arm-none-eabi/7.2.1/../../../../arm-none-eabi/lib/thumb/v7e-m/fpv4-sp/hard\libg.a(lib_a-vfprintf.o)
 .rodata.zeroes.8567
                0x08007c7c       0x10 d:/program files (x86)/gnu tools arm embedded/7 2017-q4-major/bin/../lib/gcc/arm-none-eabi/7.2.1/../../../../arm-none-eabi/lib/thumb/v7e-m/fpv4-sp/hard\libg.a(lib_a-vfprintf.o)
 .rodata._dtoa_r.str1.4
                0x08007c8c       0x10 d:/program files (x86)/gnu tools arm embedded/7 2017-q4-major/bin/../lib/gcc/arm-none-eabi/7.2.1/../../../../arm-none-eabi/lib/thumb/v7e-m/fpv4-sp/hard\libg.a(lib_a-dtoa.o)
                                 0x12 (size before relaxing)
 *fill*         0x08007c9c        0x4 
 .rodata.__mprec_bigtens
                0x08007ca0       0x28 d:/program files (x86)/gnu tools arm embedded/7 2017-q4-major/bin/../lib/gcc/arm-none-eabi/7.2.1/../../../../arm-none-eabi/lib/thumb/v7e-m/fpv4-sp/hard\libg.a(lib_a-mprec.o)
                0x08007ca0                __mprec_bigtens
 .rodata.__mprec_tens
                0x08007cc8       0xc8 d:/program files (x86)/gnu tools arm embedded/7 2017-q4-major/bin/../lib/gcc/arm-none-eabi/7.2.1/../../../../arm-none-eabi/lib/thumb/v7e-m/fpv4-sp/hard\libg.a(lib_a-mprec.o)
                0x08007cc8                __mprec_tens
 .rodata.p05.7367
                0x08007d90        0xc d:/program files (x86)/gnu tools arm embedded/7 2017-q4-major/bin/../lib/gcc/arm-none-eabi/7.2.1/../../../../arm-none-eabi/lib/thumb/v7e-m/fpv4-sp/hard\libg.a(lib_a-mprec.o)
 .rodata._setlocale_r.str1.4
                0x08007d9c        0xa d:/program files (x86)/gnu tools arm embedded/7 2017-q4-major/bin/../lib/gcc/arm-none-eabi/7.2.1/../../../../arm-none-eabi/lib/thumb/v7e-m/fpv4-sp/hard\libg.a(lib_a-locale.o)
                                  0xd (size before relaxing)
 *fill*         0x08007da6        0x2 
 .rodata.str1.4
                0x08007da8        0x4 d:/program files (x86)/gnu tools arm embedded/7 2017-q4-major/bin/../lib/gcc/arm-none-eabi/7.2.1/../../../../arm-none-eabi/lib/thumb/v7e-m/fpv4-sp/hard\libg.a(lib_a-locale.o)
                                  0x2 (size before relaxing)
 .rodata._ctype_
                0x08007dac      0x101 d:/program files (x86)/gnu tools arm embedded/7 2017-q4-major/bin/../lib/gcc/arm-none-eabi/7.2.1/../../../../arm-none-eabi/lib/thumb/v7e-m/fpv4-sp/hard\libg.a(lib_a-ctype_.o)
                0x08007dac                _ctype_
 *(.eh_frame*)
 *fill*         0x08007ead        0x3 
 .eh_frame      0x08007eb0        0x0 d:/program files (x86)/gnu tools arm embedded/7 2017-q4-major/bin/../lib/gcc/arm-none-eabi/7.2.1/thumb/v7e-m/fpv4-sp/hard/crtbegin.o
 .eh_frame      0x08007eb0        0x4 d:/program files (x86)/gnu tools arm embedded/7 2017-q4-major/bin/../lib/gcc/arm-none-eabi/7.2.1/thumb/v7e-m/fpv4-sp/hard/crtend.o
                0x08007eb4                __shell_command_start = .

.glue_7         0x08007eb4        0x0
 .glue_7        0x08007eb4        0x0 linker stubs

.glue_7t        0x08007eb4        0x0
 .glue_7t       0x08007eb4        0x0 linker stubs

.vfp11_veneer   0x08007eb4        0x0
 .vfp11_veneer  0x08007eb4        0x0 linker stubs

.v4_bx          0x08007eb4        0x0
 .v4_bx         0x08007eb4        0x0 linker stubs

.iplt           0x08007eb4        0x0
 .iplt          0x08007eb4        0x0 d:/program files (x86)/gnu tools arm embedded/7 2017-q4-major/bin/../lib/gcc/arm-none-eabi/7.2.1/thumb/v7e-m/fpv4-sp/hard/crtbegin.o

.shell_command
 *(.shell_command)
                0x08007eb4                __shell_command_end = .

.ARM.extab
 *(.ARM.extab* .gnu.linkonce.armextab.*)
                0x08007eb4                __exidx_start = .

.ARM.exidx      0x08007eb4        0x8
 *(.ARM.exidx* .gnu.linkonce.armexidx.*)
 .ARM.exidx     0x08007eb4        0x8 d:/program files (x86)/gnu tools arm embedded/7 2017-q4-major/bin/../lib/gcc/arm-none-eabi/7.2.1/thumb/v7e-m/fpv4-sp/hard\libgcc.a(_udivmoddi4.o)
                0x08007ebc                __exidx_end = .
                0x00007eb4                sizeoftext = SIZEOF (.text)
                0x08007ebc                __etext = .
                0x08007ebc                PROVIDE (_etext, .)
                0x08007ebc                _exit = .

.rel.dyn        0x08007ebc        0x0
 .rel.iplt      0x08007ebc        0x0 d:/program files (x86)/gnu tools arm embedded/7 2017-q4-major/bin/../lib/gcc/arm-none-eabi/7.2.1/thumb/v7e-m/fpv4-sp/hard/crtbegin.o

.data           0x20000000      0x9cc load address 0x08007ebc
                0x20000000                __data_start__ = .
                0x20000000                _sdata = __data_start__
 *(vtable)
 *(.data*)
 .data.SystemCoreClock
                0x20000000        0x4 C:\Users\suse1\AppData\Local\Temp\ccyhSVRz.o
                0x20000000                SystemCoreClock
 .data.uwTickPrio
                0x20000004        0x4 C:\Users\suse1\AppData\Local\Temp\ccUt4BAz.o
                0x20000004                uwTickPrio
 .data.uwTickFreq
                0x20000008        0x1 C:\Users\suse1\AppData\Local\Temp\ccUt4BAz.o
                0x20000008                uwTickFreq
 *fill*         0x20000009        0x3 
 .data.GPIO_PORT
                0x2000000c        0x4 C:\Users\suse1\AppData\Local\Temp\cc294l3y.o
                0x2000000c                GPIO_PORT
 .data._impure_ptr
                0x20000010        0x4 d:/program files (x86)/gnu tools arm embedded/7 2017-q4-major/bin/../lib/gcc/arm-none-eabi/7.2.1/../../../../arm-none-eabi/lib/thumb/v7e-m/fpv4-sp/hard\libg.a(lib_a-impure.o)
                0x20000010                _impure_ptr
 *fill*         0x20000014        0x4 
 .data.impure_data
                0x20000018      0x428 d:/program files (x86)/gnu tools arm embedded/7 2017-q4-major/bin/../lib/gcc/arm-none-eabi/7.2.1/../../../../arm-none-eabi/lib/thumb/v7e-m/fpv4-sp/hard\libg.a(lib_a-impure.o)
 .data.__atexit_recursive_mutex
                0x20000440        0x4 d:/program files (x86)/gnu tools arm embedded/7 2017-q4-major/bin/../lib/gcc/arm-none-eabi/7.2.1/../../../../arm-none-eabi/lib/thumb/v7e-m/fpv4-sp/hard\libg.a(lib_a-__call_atexit.o)
                0x20000440                __atexit_recursive_mutex
 .data.__malloc_av_
                0x20000444      0x408 d:/program files (x86)/gnu tools arm embedded/7 2017-q4-major/bin/../lib/gcc/arm-none-eabi/7.2.1/../../../../arm-none-eabi/lib/thumb/v7e-m/fpv4-sp/hard\libg.a(lib_a-mallocr.o)
                0x20000444                __malloc_av_
 .data.__malloc_sbrk_base
                0x2000084c        0x4 d:/program files (x86)/gnu tools arm embedded/7 2017-q4-major/bin/../lib/gcc/arm-none-eabi/7.2.1/../../../../arm-none-eabi/lib/thumb/v7e-m/fpv4-sp/hard\libg.a(lib_a-mallocr.o)
                0x2000084c                __malloc_sbrk_base
 .data.__malloc_trim_threshold
                0x20000850        0x4 d:/program files (x86)/gnu tools arm embedded/7 2017-q4-major/bin/../lib/gcc/arm-none-eabi/7.2.1/../../../../arm-none-eabi/lib/thumb/v7e-m/fpv4-sp/hard\libg.a(lib_a-mallocr.o)
                0x20000850                __malloc_trim_threshold
 .data.__global_locale
                0x20000854      0x16c d:/program files (x86)/gnu tools arm embedded/7 2017-q4-major/bin/../lib/gcc/arm-none-eabi/7.2.1/../../../../arm-none-eabi/lib/thumb/v7e-m/fpv4-sp/hard\libg.a(lib_a-locale.o)
                0x20000854                __global_locale
                0x200009c0                . = ALIGN (0x4)
                0x200009c0                PROVIDE (__preinit_array_start, .)
 *(.preinit_array)
                0x200009c0                PROVIDE (__preinit_array_end, .)
                0x200009c0                . = ALIGN (0x4)
                0x200009c0                PROVIDE (__init_array_start, .)
 *(SORT_BY_NAME(.init_array.*))
 .init_array.00000
                0x200009c0        0x4 d:/program files (x86)/gnu tools arm embedded/7 2017-q4-major/bin/../lib/gcc/arm-none-eabi/7.2.1/../../../../arm-none-eabi/lib/thumb/v7e-m/fpv4-sp/hard\libg.a(lib_a-__call_atexit.o)
 *(.init_array)
 .init_array    0x200009c4        0x4 d:/program files (x86)/gnu tools arm embedded/7 2017-q4-major/bin/../lib/gcc/arm-none-eabi/7.2.1/thumb/v7e-m/fpv4-sp/hard/crtbegin.o
                0x200009c8                PROVIDE (__init_array_end, .)
                0x200009c8                . = ALIGN (0x4)
                0x200009c8                PROVIDE (__fini_array_start, .)
 *(SORT_BY_NAME(.fini_array.*))
 *(.fini_array)
 .fini_array    0x200009c8        0x4 d:/program files (x86)/gnu tools arm embedded/7 2017-q4-major/bin/../lib/gcc/arm-none-eabi/7.2.1/thumb/v7e-m/fpv4-sp/hard/crtbegin.o
                0x200009cc                PROVIDE (__fini_array_end, .)
 *(.jcr*)
                0x200009cc                . = ALIGN (0x4)
                0x200009cc                __data_end__ = .
                0x200009cc                _edata = __data_end__
                0x08007ebc                _sidata = LOADADDR (.data)

.igot.plt       0x200009cc        0x0 load address 0x08008888
 .igot.plt      0x200009cc        0x0 d:/program files (x86)/gnu tools arm embedded/7 2017-q4-major/bin/../lib/gcc/arm-none-eabi/7.2.1/thumb/v7e-m/fpv4-sp/hard/crtbegin.o

.bss            0x200009cc      0x1d0 load address 0x08008888
                0x200009cc                . = ALIGN (0x4)
                0x200009cc                __bss_start__ = .
                0x200009cc                _sbss = __bss_start__
 *(.bss*)
 .bss           0x200009cc       0x1c d:/program files (x86)/gnu tools arm embedded/7 2017-q4-major/bin/../lib/gcc/arm-none-eabi/7.2.1/thumb/v7e-m/fpv4-sp/hard/crtbegin.o
 .bss.this      0x200009e8       0x4c C:\Users\suse1\AppData\Local\Temp\ccKjrKcO.o
 .bss.hdma_tx.11123
                0x20000a34       0x60 C:\Users\suse1\AppData\Local\Temp\ccrss4ET.o
 .bss.hdma_rx.11124
                0x20000a94       0x60 C:\Users\suse1\AppData\Local\Temp\ccrss4ET.o
 .bss.heap_end.6754
                0x20000af4        0x4 C:\Users\suse1\AppData\Local\Temp\ccZkDOiP.o
 .bss.__malloc_current_mallinfo
                0x20000af8       0x28 d:/program files (x86)/gnu tools arm embedded/7 2017-q4-major/bin/../lib/gcc/arm-none-eabi/7.2.1/../../../../arm-none-eabi/lib/thumb/v7e-m/fpv4-sp/hard\libg.a(lib_a-mallocr.o)
                0x20000af8                __malloc_current_mallinfo
 .bss.__malloc_max_sbrked_mem
                0x20000b20        0x4 d:/program files (x86)/gnu tools arm embedded/7 2017-q4-major/bin/../lib/gcc/arm-none-eabi/7.2.1/../../../../arm-none-eabi/lib/thumb/v7e-m/fpv4-sp/hard\libg.a(lib_a-mallocr.o)
                0x20000b20                __malloc_max_sbrked_mem
 .bss.__malloc_max_total_mem
                0x20000b24        0x4 d:/program files (x86)/gnu tools arm embedded/7 2017-q4-major/bin/../lib/gcc/arm-none-eabi/7.2.1/../../../../arm-none-eabi/lib/thumb/v7e-m/fpv4-sp/hard\libg.a(lib_a-mallocr.o)
                0x20000b24                __malloc_max_total_mem
 .bss.__malloc_top_pad
                0x20000b28        0x4 d:/program files (x86)/gnu tools arm embedded/7 2017-q4-major/bin/../lib/gcc/arm-none-eabi/7.2.1/../../../../arm-none-eabi/lib/thumb/v7e-m/fpv4-sp/hard\libg.a(lib_a-mallocr.o)
                0x20000b28                __malloc_top_pad
 *(COMMON)
 COMMON         0x20000b2c       0x44 C:\Users\suse1\AppData\Local\Temp\cc6FdG1N.o
                0x20000b2c                UartHandle
 COMMON         0x20000b70        0x4 C:\Users\suse1\AppData\Local\Temp\ccUt4BAz.o
                0x20000b70                uwTick
 COMMON         0x20000b74       0x21 d:/program files (x86)/gnu tools arm embedded/7 2017-q4-major/bin/../lib/gcc/arm-none-eabi/7.2.1/../../../../arm-none-eabi/lib/thumb/v7e-m/fpv4-sp/hard\libg.a(lib_a-lock.o)
                0x20000b74                __lock___atexit_recursive_mutex
                0x20000b78                __lock___arc4random_mutex
                0x20000b7c                __lock___env_recursive_mutex
                0x20000b80                __lock___sinit_recursive_mutex
                0x20000b84                __lock___malloc_recursive_mutex
                0x20000b88                __lock___at_quick_exit_mutex
                0x20000b8c                __lock___dd_hash_mutex
                0x20000b90                __lock___tz_mutex
                0x20000b94                __lock___sfp_recursive_mutex
 *fill*         0x20000b95        0x3 
 COMMON         0x20000b98        0x4 d:/program files (x86)/gnu tools arm embedded/7 2017-q4-major/bin/../lib/gcc/arm-none-eabi/7.2.1/../../../../arm-none-eabi/lib/thumb/v7e-m/fpv4-sp/hard\libg.a(lib_a-reent.o)
                0x20000b98                errno
                0x20000b9c                . = ALIGN (0x4)
                0x20000b9c                __bss_end__ = .
                0x20000b9c                _ebss = __bss_end__

.heap           0x20000b9c        0x0
                0x20000b9c                _sheap = .
                0x20000b9c                __end__ = .
                0x20000b9c                PROVIDE (end, .)
 *(.heap*)
                0x20000b9c                __HeapLimit = .
                0x20000b9c                _eheap = .

.stack_dummy    0x20000b9c        0x0
 *(.stack*)
                0x20018000                PROVIDE (__StackTop, (ORIGIN (RAM) + LENGTH (RAM)))
                0x20018000                PROVIDE (__StackLimit, (__StackTop - SIZEOF (.stack_dummy)))
                0x20018000                PROVIDE (__stack, __StackTop)
                0x00001000                PROVIDE (_stacksize, 0x1000)
                0x20016fff                PROVIDE (_sstack, (_estack - _stacksize))
                0x00000001                ASSERT ((__StackLimit >= __HeapLimit), region RAM overflowed with stack)
OUTPUT(../../../../build/stm32f4xx/main.elf elf32-littlearm)

.ARM.attributes
                0x00000000       0x30
 .ARM.attributes
                0x00000000       0x22 d:/program files (x86)/gnu tools arm embedded/7 2017-q4-major/bin/../lib/gcc/arm-none-eabi/7.2.1/thumb/v7e-m/fpv4-sp/hard/crti.o
 .ARM.attributes
                0x00000022       0x34 d:/program files (x86)/gnu tools arm embedded/7 2017-q4-major/bin/../lib/gcc/arm-none-eabi/7.2.1/thumb/v7e-m/fpv4-sp/hard/crtbegin.o
 .ARM.attributes
                0x00000056       0x21 C:\Users\suse1\AppData\Local\Temp\ccC9hm6n.o
 .ARM.attributes
                0x00000077       0x39 C:\Users\suse1\AppData\Local\Temp\cc8Rvgh7.o
 .ARM.attributes
                0x000000b0       0x39 C:\Users\suse1\AppData\Local\Temp\cc6FdG1N.o
 .ARM.attributes
                0x000000e9       0x39 C:\Users\suse1\AppData\Local\Temp\ccKjrKcO.o
 .ARM.attributes
                0x00000122       0x39 C:\Users\suse1\AppData\Local\Temp\ccrss4ET.o
 .ARM.attributes
                0x0000015b       0x39 C:\Users\suse1\AppData\Local\Temp\cc6lKETg.o
 .ARM.attributes
                0x00000194       0x39 C:\Users\suse1\AppData\Local\Temp\ccZkDOiP.o
 .ARM.attributes
                0x000001cd       0x39 C:\Users\suse1\AppData\Local\Temp\ccyhSVRz.o
 .ARM.attributes
                0x00000206       0x39 C:\Users\suse1\AppData\Local\Temp\ccUt4BAz.o
 .ARM.attributes
                0x0000023f       0x39 C:\Users\suse1\AppData\Local\Temp\cc2VkSLM.o
 .ARM.attributes
                0x00000278       0x39 C:\Users\suse1\AppData\Local\Temp\cc4GvDfl.o
 .ARM.attributes
                0x000002b1       0x39 C:\Users\suse1\AppData\Local\Temp\cc0b57AG.o
 .ARM.attributes
                0x000002ea       0x39 C:\Users\suse1\AppData\Local\Temp\cc1fUEIa.o
 .ARM.attributes
                0x00000323       0x39 C:\Users\suse1\AppData\Local\Temp\cc020ZBV.o
 .ARM.attributes
                0x0000035c       0x39 C:\Users\suse1\AppData\Local\Temp\ccSs151k.o
 .ARM.attributes
                0x00000395       0x39 C:\Users\suse1\AppData\Local\Temp\cc294l3y.o
 .ARM.attributes
                0x000003ce       0x22 d:/program files (x86)/gnu tools arm embedded/7 2017-q4-major/bin/../lib/gcc/arm-none-eabi/7.2.1/thumb/v7e-m/fpv4-sp/hard\libgcc.a(_aeabi_uldivmod.o)
 .ARM.attributes
                0x000003f0       0x34 d:/program files (x86)/gnu tools arm embedded/7 2017-q4-major/bin/../lib/gcc/arm-none-eabi/7.2.1/thumb/v7e-m/fpv4-sp/hard\libgcc.a(_udivmoddi4.o)
 .ARM.attributes
                0x00000424       0x22 d:/program files (x86)/gnu tools arm embedded/7 2017-q4-major/bin/../lib/gcc/arm-none-eabi/7.2.1/thumb/v7e-m/fpv4-sp/hard\libgcc.a(_dvmd_tls.o)
 .ARM.attributes
                0x00000446       0x34 d:/program files (x86)/gnu tools arm embedded/7 2017-q4-major/bin/../lib/gcc/arm-none-eabi/7.2.1/../../../../arm-none-eabi/lib/thumb/v7e-m/fpv4-sp/hard\libg.a(lib_a-errno.o)
 .ARM.attributes
                0x0000047a       0x34 d:/program files (x86)/gnu tools arm embedded/7 2017-q4-major/bin/../lib/gcc/arm-none-eabi/7.2.1/../../../../arm-none-eabi/lib/thumb/v7e-m/fpv4-sp/hard\libg.a(lib_a-impure.o)
 .ARM.attributes
                0x000004ae       0x34 d:/program files (x86)/gnu tools arm embedded/7 2017-q4-major/bin/../lib/gcc/arm-none-eabi/7.2.1/../../../../arm-none-eabi/lib/thumb/v7e-m/fpv4-sp/hard\libg.a(lib_a-init.o)
 .ARM.attributes
                0x000004e2       0x20 d:/program files (x86)/gnu tools arm embedded/7 2017-q4-major/bin/../lib/gcc/arm-none-eabi/7.2.1/../../../../arm-none-eabi/lib/thumb/v7e-m/fpv4-sp/hard\libg.a(lib_a-memcpy.o)
 .ARM.attributes
                0x00000502       0x34 d:/program files (x86)/gnu tools arm embedded/7 2017-q4-major/bin/../lib/gcc/arm-none-eabi/7.2.1/../../../../arm-none-eabi/lib/thumb/v7e-m/fpv4-sp/hard\libg.a(lib_a-memset.o)
 .ARM.attributes
                0x00000536       0x34 d:/program files (x86)/gnu tools arm embedded/7 2017-q4-major/bin/../lib/gcc/arm-none-eabi/7.2.1/../../../../arm-none-eabi/lib/thumb/v7e-m/fpv4-sp/hard\libg.a(lib_a-printf.o)
 .ARM.attributes
                0x0000056a       0x34 d:/program files (x86)/gnu tools arm embedded/7 2017-q4-major/bin/../lib/gcc/arm-none-eabi/7.2.1/../../../../arm-none-eabi/lib/thumb/v7e-m/fpv4-sp/hard\libg.a(lib_a-vfprintf.o)
 .ARM.attributes
                0x0000059e       0x34 d:/program files (x86)/gnu tools arm embedded/7 2017-q4-major/bin/../lib/gcc/arm-none-eabi/7.2.1/../../../../arm-none-eabi/lib/thumb/v7e-m/fpv4-sp/hard\libg.a(lib_a-wsetup.o)
 .ARM.attributes
                0x000005d2       0x34 d:/program files (x86)/gnu tools arm embedded/7 2017-q4-major/bin/../lib/gcc/arm-none-eabi/7.2.1/../../../../arm-none-eabi/lib/thumb/v7e-m/fpv4-sp/hard\libg.a(lib_a-__call_atexit.o)
 .ARM.attributes
                0x00000606       0x34 d:/program files (x86)/gnu tools arm embedded/7 2017-q4-major/bin/../lib/gcc/arm-none-eabi/7.2.1/../../../../arm-none-eabi/lib/thumb/v7e-m/fpv4-sp/hard\libg.a(lib_a-atexit.o)
 .ARM.attributes
                0x0000063a       0x34 d:/program files (x86)/gnu tools arm embedded/7 2017-q4-major/bin/../lib/gcc/arm-none-eabi/7.2.1/../../../../arm-none-eabi/lib/thumb/v7e-m/fpv4-sp/hard\libg.a(lib_a-dtoa.o)
 .ARM.attributes
                0x0000066e       0x34 d:/program files (x86)/gnu tools arm embedded/7 2017-q4-major/bin/../lib/gcc/arm-none-eabi/7.2.1/../../../../arm-none-eabi/lib/thumb/v7e-m/fpv4-sp/hard\libg.a(lib_a-fflush.o)
 .ARM.attributes
                0x000006a2       0x34 d:/program files (x86)/gnu tools arm embedded/7 2017-q4-major/bin/../lib/gcc/arm-none-eabi/7.2.1/../../../../arm-none-eabi/lib/thumb/v7e-m/fpv4-sp/hard\libg.a(lib_a-findfp.o)
 .ARM.attributes
                0x000006d6       0x34 d:/program files (x86)/gnu tools arm embedded/7 2017-q4-major/bin/../lib/gcc/arm-none-eabi/7.2.1/../../../../arm-none-eabi/lib/thumb/v7e-m/fpv4-sp/hard\libg.a(lib_a-fini.o)
 .ARM.attributes
                0x0000070a       0x34 d:/program files (x86)/gnu tools arm embedded/7 2017-q4-major/bin/../lib/gcc/arm-none-eabi/7.2.1/../../../../arm-none-eabi/lib/thumb/v7e-m/fpv4-sp/hard\libg.a(lib_a-freer.o)
 .ARM.attributes
                0x0000073e       0x34 d:/program files (x86)/gnu tools arm embedded/7 2017-q4-major/bin/../lib/gcc/arm-none-eabi/7.2.1/../../../../arm-none-eabi/lib/thumb/v7e-m/fpv4-sp/hard\libg.a(lib_a-fwalk.o)
 .ARM.attributes
                0x00000772       0x34 d:/program files (x86)/gnu tools arm embedded/7 2017-q4-major/bin/../lib/gcc/arm-none-eabi/7.2.1/../../../../arm-none-eabi/lib/thumb/v7e-m/fpv4-sp/hard\libg.a(lib_a-localeconv.o)
 .ARM.attributes
                0x000007a6       0x34 d:/program files (x86)/gnu tools arm embedded/7 2017-q4-major/bin/../lib/gcc/arm-none-eabi/7.2.1/../../../../arm-none-eabi/lib/thumb/v7e-m/fpv4-sp/hard\libg.a(lib_a-lock.o)
 .ARM.attributes
                0x000007da       0x34 d:/program files (x86)/gnu tools arm embedded/7 2017-q4-major/bin/../lib/gcc/arm-none-eabi/7.2.1/../../../../arm-none-eabi/lib/thumb/v7e-m/fpv4-sp/hard\libg.a(lib_a-makebuf.o)
 .ARM.attributes
                0x0000080e       0x34 d:/program files (x86)/gnu tools arm embedded/7 2017-q4-major/bin/../lib/gcc/arm-none-eabi/7.2.1/../../../../arm-none-eabi/lib/thumb/v7e-m/fpv4-sp/hard\libg.a(lib_a-mallocr.o)
 .ARM.attributes
                0x00000842       0x20 d:/program files (x86)/gnu tools arm embedded/7 2017-q4-major/bin/../lib/gcc/arm-none-eabi/7.2.1/../../../../arm-none-eabi/lib/thumb/v7e-m/fpv4-sp/hard\libg.a(lib_a-memchr.o)
 .ARM.attributes
                0x00000862       0x34 d:/program files (x86)/gnu tools arm embedded/7 2017-q4-major/bin/../lib/gcc/arm-none-eabi/7.2.1/../../../../arm-none-eabi/lib/thumb/v7e-m/fpv4-sp/hard\libg.a(lib_a-mlock.o)
 .ARM.attributes
                0x00000896       0x34 d:/program files (x86)/gnu tools arm embedded/7 2017-q4-major/bin/../lib/gcc/arm-none-eabi/7.2.1/../../../../arm-none-eabi/lib/thumb/v7e-m/fpv4-sp/hard\libg.a(lib_a-mprec.o)
 .ARM.attributes
                0x000008ca       0x34 d:/program files (x86)/gnu tools arm embedded/7 2017-q4-major/bin/../lib/gcc/arm-none-eabi/7.2.1/../../../../arm-none-eabi/lib/thumb/v7e-m/fpv4-sp/hard\libg.a(lib_a-sbrkr.o)
 .ARM.attributes
                0x000008fe       0x34 d:/program files (x86)/gnu tools arm embedded/7 2017-q4-major/bin/../lib/gcc/arm-none-eabi/7.2.1/../../../../arm-none-eabi/lib/thumb/v7e-m/fpv4-sp/hard\libg.a(lib_a-stdio.o)
 .ARM.attributes
                0x00000932       0x20 d:/program files (x86)/gnu tools arm embedded/7 2017-q4-major/bin/../lib/gcc/arm-none-eabi/7.2.1/../../../../arm-none-eabi/lib/thumb/v7e-m/fpv4-sp/hard\libg.a(lib_a-strlen.o)
 .ARM.attributes
                0x00000952       0x34 d:/program files (x86)/gnu tools arm embedded/7 2017-q4-major/bin/../lib/gcc/arm-none-eabi/7.2.1/../../../../arm-none-eabi/lib/thumb/v7e-m/fpv4-sp/hard\libg.a(lib_a-vfiprintf.o)
 .ARM.attributes
                0x00000986       0x34 d:/program files (x86)/gnu tools arm embedded/7 2017-q4-major/bin/../lib/gcc/arm-none-eabi/7.2.1/../../../../arm-none-eabi/lib/thumb/v7e-m/fpv4-sp/hard\libg.a(lib_a-writer.o)
 .ARM.attributes
                0x000009ba       0x34 d:/program files (x86)/gnu tools arm embedded/7 2017-q4-major/bin/../lib/gcc/arm-none-eabi/7.2.1/../../../../arm-none-eabi/lib/thumb/v7e-m/fpv4-sp/hard\libg.a(lib_a-__atexit.o)
 .ARM.attributes
                0x000009ee       0x34 d:/program files (x86)/gnu tools arm embedded/7 2017-q4-major/bin/../lib/gcc/arm-none-eabi/7.2.1/../../../../arm-none-eabi/lib/thumb/v7e-m/fpv4-sp/hard\libg.a(lib_a-callocr.o)
 .ARM.attributes
                0x00000a22       0x34 d:/program files (x86)/gnu tools arm embedded/7 2017-q4-major/bin/../lib/gcc/arm-none-eabi/7.2.1/../../../../arm-none-eabi/lib/thumb/v7e-m/fpv4-sp/hard\libg.a(lib_a-closer.o)
 .ARM.attributes
                0x00000a56       0x34 d:/program files (x86)/gnu tools arm embedded/7 2017-q4-major/bin/../lib/gcc/arm-none-eabi/7.2.1/../../../../arm-none-eabi/lib/thumb/v7e-m/fpv4-sp/hard\libg.a(lib_a-fclose.o)
 .ARM.attributes
                0x00000a8a       0x34 d:/program files (x86)/gnu tools arm embedded/7 2017-q4-major/bin/../lib/gcc/arm-none-eabi/7.2.1/../../../../arm-none-eabi/lib/thumb/v7e-m/fpv4-sp/hard\libg.a(lib_a-fputwc.o)
 .ARM.attributes
                0x00000abe       0x34 d:/program files (x86)/gnu tools arm embedded/7 2017-q4-major/bin/../lib/gcc/arm-none-eabi/7.2.1/../../../../arm-none-eabi/lib/thumb/v7e-m/fpv4-sp/hard\libg.a(lib_a-fstatr.o)
 .ARM.attributes
                0x00000af2       0x34 d:/program files (x86)/gnu tools arm embedded/7 2017-q4-major/bin/../lib/gcc/arm-none-eabi/7.2.1/../../../../arm-none-eabi/lib/thumb/v7e-m/fpv4-sp/hard\libg.a(lib_a-fvwrite.o)
 .ARM.attributes
                0x00000b26       0x34 d:/program files (x86)/gnu tools arm embedded/7 2017-q4-major/bin/../lib/gcc/arm-none-eabi/7.2.1/../../../../arm-none-eabi/lib/thumb/v7e-m/fpv4-sp/hard\libg.a(lib_a-isattyr.o)
 .ARM.attributes
                0x00000b5a       0x34 d:/program files (x86)/gnu tools arm embedded/7 2017-q4-major/bin/../lib/gcc/arm-none-eabi/7.2.1/../../../../arm-none-eabi/lib/thumb/v7e-m/fpv4-sp/hard\libg.a(lib_a-locale.o)
 .ARM.attributes
                0x00000b8e       0x34 d:/program files (x86)/gnu tools arm embedded/7 2017-q4-major/bin/../lib/gcc/arm-none-eabi/7.2.1/../../../../arm-none-eabi/lib/thumb/v7e-m/fpv4-sp/hard\libg.a(lib_a-lseekr.o)
 .ARM.attributes
                0x00000bc2       0x34 d:/program files (x86)/gnu tools arm embedded/7 2017-q4-major/bin/../lib/gcc/arm-none-eabi/7.2.1/../../../../arm-none-eabi/lib/thumb/v7e-m/fpv4-sp/hard\libg.a(lib_a-mbtowc_r.o)
 .ARM.attributes
                0x00000bf6       0x34 d:/program files (x86)/gnu tools arm embedded/7 2017-q4-major/bin/../lib/gcc/arm-none-eabi/7.2.1/../../../../arm-none-eabi/lib/thumb/v7e-m/fpv4-sp/hard\libg.a(lib_a-memmove.o)
 .ARM.attributes
                0x00000c2a       0x34 d:/program files (x86)/gnu tools arm embedded/7 2017-q4-major/bin/../lib/gcc/arm-none-eabi/7.2.1/../../../../arm-none-eabi/lib/thumb/v7e-m/fpv4-sp/hard\libg.a(lib_a-readr.o)
 .ARM.attributes
                0x00000c5e       0x34 d:/program files (x86)/gnu tools arm embedded/7 2017-q4-major/bin/../lib/gcc/arm-none-eabi/7.2.1/../../../../arm-none-eabi/lib/thumb/v7e-m/fpv4-sp/hard\libg.a(lib_a-reallocr.o)
 .ARM.attributes
                0x00000c92       0x34 d:/program files (x86)/gnu tools arm embedded/7 2017-q4-major/bin/../lib/gcc/arm-none-eabi/7.2.1/../../../../arm-none-eabi/lib/thumb/v7e-m/fpv4-sp/hard\libg.a(lib_a-reent.o)
 .ARM.attributes
                0x00000cc6       0x34 d:/program files (x86)/gnu tools arm embedded/7 2017-q4-major/bin/../lib/gcc/arm-none-eabi/7.2.1/../../../../arm-none-eabi/lib/thumb/v7e-m/fpv4-sp/hard\libg.a(lib_a-wbuf.o)
 .ARM.attributes
                0x00000cfa       0x34 d:/program files (x86)/gnu tools arm embedded/7 2017-q4-major/bin/../lib/gcc/arm-none-eabi/7.2.1/../../../../arm-none-eabi/lib/thumb/v7e-m/fpv4-sp/hard\libg.a(lib_a-wcrtomb.o)
 .ARM.attributes
                0x00000d2e       0x34 d:/program files (x86)/gnu tools arm embedded/7 2017-q4-major/bin/../lib/gcc/arm-none-eabi/7.2.1/../../../../arm-none-eabi/lib/thumb/v7e-m/fpv4-sp/hard\libg.a(lib_a-wctomb_r.o)
 .ARM.attributes
                0x00000d62       0x34 d:/program files (x86)/gnu tools arm embedded/7 2017-q4-major/bin/../lib/gcc/arm-none-eabi/7.2.1/../../../../arm-none-eabi/lib/thumb/v7e-m/fpv4-sp/hard\libg.a(lib_a-ctype_.o)
 .ARM.attributes
                0x00000d96       0x22 d:/program files (x86)/gnu tools arm embedded/7 2017-q4-major/bin/../lib/gcc/arm-none-eabi/7.2.1/thumb/v7e-m/fpv4-sp/hard\libgcc.a(_arm_addsubdf3.o)
 .ARM.attributes
                0x00000db8       0x22 d:/program files (x86)/gnu tools arm embedded/7 2017-q4-major/bin/../lib/gcc/arm-none-eabi/7.2.1/thumb/v7e-m/fpv4-sp/hard\libgcc.a(_arm_muldivdf3.o)
 .ARM.attributes
                0x00000dda       0x22 d:/program files (x86)/gnu tools arm embedded/7 2017-q4-major/bin/../lib/gcc/arm-none-eabi/7.2.1/thumb/v7e-m/fpv4-sp/hard\libgcc.a(_arm_cmpdf2.o)
 .ARM.attributes
                0x00000dfc       0x22 d:/program files (x86)/gnu tools arm embedded/7 2017-q4-major/bin/../lib/gcc/arm-none-eabi/7.2.1/thumb/v7e-m/fpv4-sp/hard\libgcc.a(_arm_unorddf2.o)
 .ARM.attributes
                0x00000e1e       0x22 d:/program files (x86)/gnu tools arm embedded/7 2017-q4-major/bin/../lib/gcc/arm-none-eabi/7.2.1/thumb/v7e-m/fpv4-sp/hard\libgcc.a(_arm_fixdfsi.o)
 .ARM.attributes
                0x00000e40       0x34 d:/program files (x86)/gnu tools arm embedded/7 2017-q4-major/bin/../lib/gcc/arm-none-eabi/7.2.1/thumb/v7e-m/fpv4-sp/hard/crtend.o
 .ARM.attributes
                0x00000e74       0x22 d:/program files (x86)/gnu tools arm embedded/7 2017-q4-major/bin/../lib/gcc/arm-none-eabi/7.2.1/thumb/v7e-m/fpv4-sp/hard/crtn.o

.comment        0x00000000       0x7e
 .comment       0x00000000       0x7e C:\Users\suse1\AppData\Local\Temp\cc8Rvgh7.o
                                 0x7f (size before relaxing)
 .comment       0x0000007e       0x7f C:\Users\suse1\AppData\Local\Temp\cc6FdG1N.o
 .comment       0x0000007e       0x7f C:\Users\suse1\AppData\Local\Temp\ccKjrKcO.o
 .comment       0x0000007e       0x7f C:\Users\suse1\AppData\Local\Temp\ccrss4ET.o
 .comment       0x0000007e       0x7f C:\Users\suse1\AppData\Local\Temp\cc6lKETg.o
 .comment       0x0000007e       0x7f C:\Users\suse1\AppData\Local\Temp\ccZkDOiP.o
 .comment       0x0000007e       0x7f C:\Users\suse1\AppData\Local\Temp\ccyhSVRz.o
 .comment       0x0000007e       0x7f C:\Users\suse1\AppData\Local\Temp\ccUt4BAz.o
 .comment       0x0000007e       0x7f C:\Users\suse1\AppData\Local\Temp\cc2VkSLM.o
 .comment       0x0000007e       0x7f C:\Users\suse1\AppData\Local\Temp\cc4GvDfl.o
 .comment       0x0000007e       0x7f C:\Users\suse1\AppData\Local\Temp\cc0b57AG.o
 .comment       0x0000007e       0x7f C:\Users\suse1\AppData\Local\Temp\cc1fUEIa.o
 .comment       0x0000007e       0x7f C:\Users\suse1\AppData\Local\Temp\cc020ZBV.o
 .comment       0x0000007e       0x7f C:\Users\suse1\AppData\Local\Temp\ccSs151k.o
 .comment       0x0000007e       0x7f C:\Users\suse1\AppData\Local\Temp\cc294l3y.o

.debug_line     0x00000000     0x3e39
 .debug_line    0x00000000       0x74 C:\Users\suse1\AppData\Local\Temp\ccC9hm6n.o
 .debug_line    0x00000074      0x332 C:\Users\suse1\AppData\Local\Temp\cc8Rvgh7.o
 .debug_line    0x000003a6      0x2aa C:\Users\suse1\AppData\Local\Temp\cc6FdG1N.o
 .debug_line    0x00000650      0x312 C:\Users\suse1\AppData\Local\Temp\ccKjrKcO.o
 .debug_line    0x00000962      0x2f8 C:\Users\suse1\AppData\Local\Temp\ccrss4ET.o
 .debug_line    0x00000c5a      0x2d4 C:\Users\suse1\AppData\Local\Temp\cc6lKETg.o
 .debug_line    0x00000f2e      0x3b8 C:\Users\suse1\AppData\Local\Temp\ccZkDOiP.o
 .debug_line    0x000012e6      0x176 C:\Users\suse1\AppData\Local\Temp\ccyhSVRz.o
 .debug_line    0x0000145c      0x3ea C:\Users\suse1\AppData\Local\Temp\ccUt4BAz.o
 .debug_line    0x00001846      0x1f8 C:\Users\suse1\AppData\Local\Temp\cc2VkSLM.o
 .debug_line    0x00001a3e      0x524 C:\Users\suse1\AppData\Local\Temp\cc4GvDfl.o
 .debug_line    0x00001f62      0x493 C:\Users\suse1\AppData\Local\Temp\cc0b57AG.o
 .debug_line    0x000023f5      0x4d3 C:\Users\suse1\AppData\Local\Temp\cc1fUEIa.o
 .debug_line    0x000028c8      0x399 C:\Users\suse1\AppData\Local\Temp\cc020ZBV.o
 .debug_line    0x00002c61      0xc6f C:\Users\suse1\AppData\Local\Temp\ccSs151k.o
 .debug_line    0x000038d0      0x569 C:\Users\suse1\AppData\Local\Temp\cc294l3y.o

.debug_info     0x00000000     0xbf52
 .debug_info    0x00000000       0x22 C:\Users\suse1\AppData\Local\Temp\ccC9hm6n.o
 .debug_info    0x00000022      0xf7b C:\Users\suse1\AppData\Local\Temp\cc8Rvgh7.o
 .debug_info    0x00000f9d     0x101c C:\Users\suse1\AppData\Local\Temp\cc6FdG1N.o
 .debug_info    0x00001fb9      0xf6b C:\Users\suse1\AppData\Local\Temp\ccKjrKcO.o
 .debug_info    0x00002f24     0x1468 C:\Users\suse1\AppData\Local\Temp\ccrss4ET.o
 .debug_info    0x0000438c      0xbf8 C:\Users\suse1\AppData\Local\Temp\cc6lKETg.o
 .debug_info    0x00004f84      0xf2a C:\Users\suse1\AppData\Local\Temp\ccZkDOiP.o
 .debug_info    0x00005eae      0x500 C:\Users\suse1\AppData\Local\Temp\ccyhSVRz.o
 .debug_info    0x000063ae      0x8b8 C:\Users\suse1\AppData\Local\Temp\ccUt4BAz.o
 .debug_info    0x00006c66      0x190 C:\Users\suse1\AppData\Local\Temp\cc2VkSLM.o
 .debug_info    0x00006df6      0xd6d C:\Users\suse1\AppData\Local\Temp\cc4GvDfl.o
 .debug_info    0x00007b63      0x8ee C:\Users\suse1\AppData\Local\Temp\cc0b57AG.o
 .debug_info    0x00008451      0x93b C:\Users\suse1\AppData\Local\Temp\cc1fUEIa.o
 .debug_info    0x00008d8c      0x7b6 C:\Users\suse1\AppData\Local\Temp\cc020ZBV.o
 .debug_info    0x00009542     0x14ee C:\Users\suse1\AppData\Local\Temp\ccSs151k.o
 .debug_info    0x0000aa30     0x1522 C:\Users\suse1\AppData\Local\Temp\cc294l3y.o

.debug_abbrev   0x00000000     0x1f22
 .debug_abbrev  0x00000000       0x12 C:\Users\suse1\AppData\Local\Temp\ccC9hm6n.o
 .debug_abbrev  0x00000012      0x23d C:\Users\suse1\AppData\Local\Temp\cc8Rvgh7.o
 .debug_abbrev  0x0000024f      0x213 C:\Users\suse1\AppData\Local\Temp\cc6FdG1N.o
 .debug_abbrev  0x00000462      0x254 C:\Users\suse1\AppData\Local\Temp\ccKjrKcO.o
 .debug_abbrev  0x000006b6      0x23d C:\Users\suse1\AppData\Local\Temp\ccrss4ET.o
 .debug_abbrev  0x000008f3      0x227 C:\Users\suse1\AppData\Local\Temp\cc6lKETg.o
 .debug_abbrev  0x00000b1a      0x2a4 C:\Users\suse1\AppData\Local\Temp\ccZkDOiP.o
 .debug_abbrev  0x00000dbe      0x10e C:\Users\suse1\AppData\Local\Temp\ccyhSVRz.o
 .debug_abbrev  0x00000ecc      0x1ef C:\Users\suse1\AppData\Local\Temp\ccUt4BAz.o
 .debug_abbrev  0x000010bb       0xab C:\Users\suse1\AppData\Local\Temp\cc2VkSLM.o
 .debug_abbrev  0x00001166      0x2f7 C:\Users\suse1\AppData\Local\Temp\cc4GvDfl.o
 .debug_abbrev  0x0000145d      0x242 C:\Users\suse1\AppData\Local\Temp\cc0b57AG.o
 .debug_abbrev  0x0000169f      0x1ee C:\Users\suse1\AppData\Local\Temp\cc1fUEIa.o
 .debug_abbrev  0x0000188d      0x1c6 C:\Users\suse1\AppData\Local\Temp\cc020ZBV.o
 .debug_abbrev  0x00001a53      0x269 C:\Users\suse1\AppData\Local\Temp\ccSs151k.o
 .debug_abbrev  0x00001cbc      0x266 C:\Users\suse1\AppData\Local\Temp\cc294l3y.o

.debug_aranges  0x00000000      0x8d0
 .debug_aranges
                0x00000000       0x28 C:\Users\suse1\AppData\Local\Temp\ccC9hm6n.o
 .debug_aranges
                0x00000028       0x30 C:\Users\suse1\AppData\Local\Temp\cc8Rvgh7.o
 .debug_aranges
                0x00000058       0x28 C:\Users\suse1\AppData\Local\Temp\cc6FdG1N.o
 .debug_aranges
                0x00000080       0x40 C:\Users\suse1\AppData\Local\Temp\ccKjrKcO.o
 .debug_aranges
                0x000000c0       0x28 C:\Users\suse1\AppData\Local\Temp\ccrss4ET.o
 .debug_aranges
                0x000000e8       0x58 C:\Users\suse1\AppData\Local\Temp\cc6lKETg.o
 .debug_aranges
                0x00000140       0xb0 C:\Users\suse1\AppData\Local\Temp\ccZkDOiP.o
 .debug_aranges
                0x000001f0       0x28 C:\Users\suse1\AppData\Local\Temp\ccyhSVRz.o
 .debug_aranges
                0x00000218       0xf0 C:\Users\suse1\AppData\Local\Temp\ccUt4BAz.o
 .debug_aranges
                0x00000308       0x38 C:\Users\suse1\AppData\Local\Temp\cc2VkSLM.o
 .debug_aranges
                0x00000340      0x118 C:\Users\suse1\AppData\Local\Temp\cc4GvDfl.o
 .debug_aranges
                0x00000458       0x88 C:\Users\suse1\AppData\Local\Temp\cc0b57AG.o
 .debug_aranges
                0x000004e0       0x90 C:\Users\suse1\AppData\Local\Temp\cc1fUEIa.o
 .debug_aranges
                0x00000570       0x58 C:\Users\suse1\AppData\Local\Temp\cc020ZBV.o
 .debug_aranges
                0x000005c8      0x200 C:\Users\suse1\AppData\Local\Temp\ccSs151k.o
 .debug_aranges
                0x000007c8      0x108 C:\Users\suse1\AppData\Local\Temp\cc294l3y.o

.debug_str      0x00000000     0x3174
 .debug_str     0x00000000       0x79 C:\Users\suse1\AppData\Local\Temp\ccC9hm6n.o
 .debug_str     0x00000079      0x996 C:\Users\suse1\AppData\Local\Temp\cc8Rvgh7.o
                                0xa8d (size before relaxing)
 .debug_str     0x00000a0f      0x420 C:\Users\suse1\AppData\Local\Temp\cc6FdG1N.o
                                0xc34 (size before relaxing)
 .debug_str     0x00000e2f       0xc2 C:\Users\suse1\AppData\Local\Temp\ccKjrKcO.o
                                0x99b (size before relaxing)
 .debug_str     0x00000ef1      0x3e1 C:\Users\suse1\AppData\Local\Temp\ccrss4ET.o
                               0x1106 (size before relaxing)
 .debug_str     0x000012d2       0xa0 C:\Users\suse1\AppData\Local\Temp\cc6lKETg.o
                                0x850 (size before relaxing)
 .debug_str     0x00001372      0x24f C:\Users\suse1\AppData\Local\Temp\ccZkDOiP.o
                                0x8a0 (size before relaxing)
 .debug_str     0x000015c1       0xaa C:\Users\suse1\AppData\Local\Temp\ccyhSVRz.o
                                0x409 (size before relaxing)
 .debug_str     0x0000166b      0x2ec C:\Users\suse1\AppData\Local\Temp\ccUt4BAz.o
                                0xaa6 (size before relaxing)
 .debug_str     0x00001957       0x7b C:\Users\suse1\AppData\Local\Temp\cc2VkSLM.o
                                0x373 (size before relaxing)
 .debug_str     0x000019d2      0x4b1 C:\Users\suse1\AppData\Local\Temp\cc4GvDfl.o
                                0xc10 (size before relaxing)
 .debug_str     0x00001e83      0x1cf C:\Users\suse1\AppData\Local\Temp\cc0b57AG.o
                                0x7eb (size before relaxing)
 .debug_str     0x00002052      0x32b C:\Users\suse1\AppData\Local\Temp\cc1fUEIa.o
                                0x8b2 (size before relaxing)
 .debug_str     0x0000237d      0x170 C:\Users\suse1\AppData\Local\Temp\cc020ZBV.o
                                0x63f (size before relaxing)
 .debug_str     0x000024ed      0x611 C:\Users\suse1\AppData\Local\Temp\ccSs151k.o
                                0xdef (size before relaxing)
 .debug_str     0x00002afe      0x676 C:\Users\suse1\AppData\Local\Temp\cc294l3y.o
                               0x11db (size before relaxing)

.debug_ranges   0x00000000      0x808
 .debug_ranges  0x00000000       0x20 C:\Users\suse1\AppData\Local\Temp\ccC9hm6n.o
 .debug_ranges  0x00000020       0x20 C:\Users\suse1\AppData\Local\Temp\cc8Rvgh7.o
 .debug_ranges  0x00000040       0x18 C:\Users\suse1\AppData\Local\Temp\cc6FdG1N.o
 .debug_ranges  0x00000058       0x30 C:\Users\suse1\AppData\Local\Temp\ccKjrKcO.o
 .debug_ranges  0x00000088       0x18 C:\Users\suse1\AppData\Local\Temp\ccrss4ET.o
 .debug_ranges  0x000000a0       0x48 C:\Users\suse1\AppData\Local\Temp\cc6lKETg.o
 .debug_ranges  0x000000e8       0xa0 C:\Users\suse1\AppData\Local\Temp\ccZkDOiP.o
 .debug_ranges  0x00000188       0x18 C:\Users\suse1\AppData\Local\Temp\ccyhSVRz.o
 .debug_ranges  0x000001a0       0xe0 C:\Users\suse1\AppData\Local\Temp\ccUt4BAz.o
 .debug_ranges  0x00000280       0x28 C:\Users\suse1\AppData\Local\Temp\cc2VkSLM.o
 .debug_ranges  0x000002a8      0x108 C:\Users\suse1\AppData\Local\Temp\cc4GvDfl.o
 .debug_ranges  0x000003b0       0x78 C:\Users\suse1\AppData\Local\Temp\cc0b57AG.o
 .debug_ranges  0x00000428       0x80 C:\Users\suse1\AppData\Local\Temp\cc1fUEIa.o
 .debug_ranges  0x000004a8       0x48 C:\Users\suse1\AppData\Local\Temp\cc020ZBV.o
 .debug_ranges  0x000004f0      0x220 C:\Users\suse1\AppData\Local\Temp\ccSs151k.o
 .debug_ranges  0x00000710       0xf8 C:\Users\suse1\AppData\Local\Temp\cc294l3y.o

.debug_frame    0x00000000     0x3428
 .debug_frame   0x00000000       0x6c C:\Users\suse1\AppData\Local\Temp\cc8Rvgh7.o
 .debug_frame   0x0000006c       0x50 C:\Users\suse1\AppData\Local\Temp\cc6FdG1N.o
 .debug_frame   0x000000bc       0xd0 C:\Users\suse1\AppData\Local\Temp\ccKjrKcO.o
 .debug_frame   0x0000018c       0x58 C:\Users\suse1\AppData\Local\Temp\ccrss4ET.o
 .debug_frame   0x000001e4       0xf0 C:\Users\suse1\AppData\Local\Temp\cc6lKETg.o
 .debug_frame   0x000002d4      0x2d0 C:\Users\suse1\AppData\Local\Temp\ccZkDOiP.o
 .debug_frame   0x000005a4       0x58 C:\Users\suse1\AppData\Local\Temp\ccyhSVRz.o
 .debug_frame   0x000005fc      0x374 C:\Users\suse1\AppData\Local\Temp\ccUt4BAz.o
 .debug_frame   0x00000970       0x90 C:\Users\suse1\AppData\Local\Temp\cc2VkSLM.o
 .debug_frame   0x00000a00      0x498 C:\Users\suse1\AppData\Local\Temp\cc4GvDfl.o
 .debug_frame   0x00000e98      0x1f0 C:\Users\suse1\AppData\Local\Temp\cc0b57AG.o
 .debug_frame   0x00001088      0x250 C:\Users\suse1\AppData\Local\Temp\cc1fUEIa.o
 .debug_frame   0x000012d8      0x14c C:\Users\suse1\AppData\Local\Temp\cc020ZBV.o
 .debug_frame   0x00001424      0x924 C:\Users\suse1\AppData\Local\Temp\ccSs151k.o
 .debug_frame   0x00001d48      0x41c C:\Users\suse1\AppData\Local\Temp\cc294l3y.o
 .debug_frame   0x00002164       0x2c d:/program files (x86)/gnu tools arm embedded/7 2017-q4-major/bin/../lib/gcc/arm-none-eabi/7.2.1/thumb/v7e-m/fpv4-sp/hard\libgcc.a(_aeabi_uldivmod.o)
 .debug_frame   0x00002190       0x34 d:/program files (x86)/gnu tools arm embedded/7 2017-q4-major/bin/../lib/gcc/arm-none-eabi/7.2.1/thumb/v7e-m/fpv4-sp/hard\libgcc.a(_udivmoddi4.o)
 .debug_frame   0x000021c4       0x20 d:/program files (x86)/gnu tools arm embedded/7 2017-q4-major/bin/../lib/gcc/arm-none-eabi/7.2.1/../../../../arm-none-eabi/lib/thumb/v7e-m/fpv4-sp/hard\libg.a(lib_a-errno.o)
 .debug_frame   0x000021e4       0x2c d:/program files (x86)/gnu tools arm embedded/7 2017-q4-major/bin/../lib/gcc/arm-none-eabi/7.2.1/../../../../arm-none-eabi/lib/thumb/v7e-m/fpv4-sp/hard\libg.a(lib_a-init.o)
 .debug_frame   0x00002210       0x38 d:/program files (x86)/gnu tools arm embedded/7 2017-q4-major/bin/../lib/gcc/arm-none-eabi/7.2.1/../../../../arm-none-eabi/lib/thumb/v7e-m/fpv4-sp/hard\libg.a(lib_a-memset.o)
 .debug_frame   0x00002248       0x74 d:/program files (x86)/gnu tools arm embedded/7 2017-q4-major/bin/../lib/gcc/arm-none-eabi/7.2.1/../../../../arm-none-eabi/lib/thumb/v7e-m/fpv4-sp/hard\libg.a(lib_a-printf.o)
 .debug_frame   0x000022bc       0x94 d:/program files (x86)/gnu tools arm embedded/7 2017-q4-major/bin/../lib/gcc/arm-none-eabi/7.2.1/../../../../arm-none-eabi/lib/thumb/v7e-m/fpv4-sp/hard\libg.a(lib_a-vfprintf.o)
 .debug_frame   0x00002350       0x2c d:/program files (x86)/gnu tools arm embedded/7 2017-q4-major/bin/../lib/gcc/arm-none-eabi/7.2.1/../../../../arm-none-eabi/lib/thumb/v7e-m/fpv4-sp/hard\libg.a(lib_a-wsetup.o)
 .debug_frame   0x0000237c       0x5c d:/program files (x86)/gnu tools arm embedded/7 2017-q4-major/bin/../lib/gcc/arm-none-eabi/7.2.1/../../../../arm-none-eabi/lib/thumb/v7e-m/fpv4-sp/hard\libg.a(lib_a-__call_atexit.o)
 .debug_frame   0x000023d8       0x20 d:/program files (x86)/gnu tools arm embedded/7 2017-q4-major/bin/../lib/gcc/arm-none-eabi/7.2.1/../../../../arm-none-eabi/lib/thumb/v7e-m/fpv4-sp/hard\libg.a(lib_a-atexit.o)
 .debug_frame   0x000023f8       0x88 d:/program files (x86)/gnu tools arm embedded/7 2017-q4-major/bin/../lib/gcc/arm-none-eabi/7.2.1/../../../../arm-none-eabi/lib/thumb/v7e-m/fpv4-sp/hard\libg.a(lib_a-dtoa.o)
 .debug_frame   0x00002480       0x5c d:/program files (x86)/gnu tools arm embedded/7 2017-q4-major/bin/../lib/gcc/arm-none-eabi/7.2.1/../../../../arm-none-eabi/lib/thumb/v7e-m/fpv4-sp/hard\libg.a(lib_a-fflush.o)
 .debug_frame   0x000024dc      0x148 d:/program files (x86)/gnu tools arm embedded/7 2017-q4-major/bin/../lib/gcc/arm-none-eabi/7.2.1/../../../../arm-none-eabi/lib/thumb/v7e-m/fpv4-sp/hard\libg.a(lib_a-findfp.o)
 .debug_frame   0x00002624       0x34 d:/program files (x86)/gnu tools arm embedded/7 2017-q4-major/bin/../lib/gcc/arm-none-eabi/7.2.1/../../../../arm-none-eabi/lib/thumb/v7e-m/fpv4-sp/hard\libg.a(lib_a-fini.o)
 .debug_frame   0x00002658       0x80 d:/program files (x86)/gnu tools arm embedded/7 2017-q4-major/bin/../lib/gcc/arm-none-eabi/7.2.1/../../../../arm-none-eabi/lib/thumb/v7e-m/fpv4-sp/hard\libg.a(lib_a-freer.o)
 .debug_frame   0x000026d8       0x54 d:/program files (x86)/gnu tools arm embedded/7 2017-q4-major/bin/../lib/gcc/arm-none-eabi/7.2.1/../../../../arm-none-eabi/lib/thumb/v7e-m/fpv4-sp/hard\libg.a(lib_a-fwalk.o)
 .debug_frame   0x0000272c       0x40 d:/program files (x86)/gnu tools arm embedded/7 2017-q4-major/bin/../lib/gcc/arm-none-eabi/7.2.1/../../../../arm-none-eabi/lib/thumb/v7e-m/fpv4-sp/hard\libg.a(lib_a-localeconv.o)
 .debug_frame   0x0000276c       0xb0 d:/program files (x86)/gnu tools arm embedded/7 2017-q4-major/bin/../lib/gcc/arm-none-eabi/7.2.1/../../../../arm-none-eabi/lib/thumb/v7e-m/fpv4-sp/hard\libg.a(lib_a-lock.o)
 .debug_frame   0x0000281c       0x64 d:/program files (x86)/gnu tools arm embedded/7 2017-q4-major/bin/../lib/gcc/arm-none-eabi/7.2.1/../../../../arm-none-eabi/lib/thumb/v7e-m/fpv4-sp/hard\libg.a(lib_a-makebuf.o)
 .debug_frame   0x00002880       0x54 d:/program files (x86)/gnu tools arm embedded/7 2017-q4-major/bin/../lib/gcc/arm-none-eabi/7.2.1/../../../../arm-none-eabi/lib/thumb/v7e-m/fpv4-sp/hard\libg.a(lib_a-mallocr.o)
 .debug_frame   0x000028d4       0x30 d:/program files (x86)/gnu tools arm embedded/7 2017-q4-major/bin/../lib/gcc/arm-none-eabi/7.2.1/../../../../arm-none-eabi/lib/thumb/v7e-m/fpv4-sp/hard\libg.a(lib_a-mlock.o)
 .debug_frame   0x00002904      0x25c d:/program files (x86)/gnu tools arm embedded/7 2017-q4-major/bin/../lib/gcc/arm-none-eabi/7.2.1/../../../../arm-none-eabi/lib/thumb/v7e-m/fpv4-sp/hard\libg.a(lib_a-mprec.o)
 .debug_frame   0x00002b60       0x2c d:/program files (x86)/gnu tools arm embedded/7 2017-q4-major/bin/../lib/gcc/arm-none-eabi/7.2.1/../../../../arm-none-eabi/lib/thumb/v7e-m/fpv4-sp/hard\libg.a(lib_a-sbrkr.o)
 .debug_frame   0x00002b8c       0x88 d:/program files (x86)/gnu tools arm embedded/7 2017-q4-major/bin/../lib/gcc/arm-none-eabi/7.2.1/../../../../arm-none-eabi/lib/thumb/v7e-m/fpv4-sp/hard\libg.a(lib_a-stdio.o)
 .debug_frame   0x00002c14       0xd8 d:/program files (x86)/gnu tools arm embedded/7 2017-q4-major/bin/../lib/gcc/arm-none-eabi/7.2.1/../../../../arm-none-eabi/lib/thumb/v7e-m/fpv4-sp/hard\libg.a(lib_a-vfiprintf.o)
 .debug_frame   0x00002cec       0x2c d:/program files (x86)/gnu tools arm embedded/7 2017-q4-major/bin/../lib/gcc/arm-none-eabi/7.2.1/../../../../arm-none-eabi/lib/thumb/v7e-m/fpv4-sp/hard\libg.a(lib_a-writer.o)
 .debug_frame   0x00002d18       0x34 d:/program files (x86)/gnu tools arm embedded/7 2017-q4-major/bin/../lib/gcc/arm-none-eabi/7.2.1/../../../../arm-none-eabi/lib/thumb/v7e-m/fpv4-sp/hard\libg.a(lib_a-__atexit.o)
 .debug_frame   0x00002d4c       0x28 d:/program files (x86)/gnu tools arm embedded/7 2017-q4-major/bin/../lib/gcc/arm-none-eabi/7.2.1/../../../../arm-none-eabi/lib/thumb/v7e-m/fpv4-sp/hard\libg.a(lib_a-callocr.o)
 .debug_frame   0x00002d74       0x2c d:/program files (x86)/gnu tools arm embedded/7 2017-q4-major/bin/../lib/gcc/arm-none-eabi/7.2.1/../../../../arm-none-eabi/lib/thumb/v7e-m/fpv4-sp/hard\libg.a(lib_a-closer.o)
 .debug_frame   0x00002da0       0x3c d:/program files (x86)/gnu tools arm embedded/7 2017-q4-major/bin/../lib/gcc/arm-none-eabi/7.2.1/../../../../arm-none-eabi/lib/thumb/v7e-m/fpv4-sp/hard\libg.a(lib_a-fclose.o)
 .debug_frame   0x00002ddc       0x9c d:/program files (x86)/gnu tools arm embedded/7 2017-q4-major/bin/../lib/gcc/arm-none-eabi/7.2.1/../../../../arm-none-eabi/lib/thumb/v7e-m/fpv4-sp/hard\libg.a(lib_a-fputwc.o)
 .debug_frame   0x00002e78       0x2c d:/program files (x86)/gnu tools arm embedded/7 2017-q4-major/bin/../lib/gcc/arm-none-eabi/7.2.1/../../../../arm-none-eabi/lib/thumb/v7e-m/fpv4-sp/hard\libg.a(lib_a-fstatr.o)
 .debug_frame   0x00002ea4       0x64 d:/program files (x86)/gnu tools arm embedded/7 2017-q4-major/bin/../lib/gcc/arm-none-eabi/7.2.1/../../../../arm-none-eabi/lib/thumb/v7e-m/fpv4-sp/hard\libg.a(lib_a-fvwrite.o)
 .debug_frame   0x00002f08       0x2c d:/program files (x86)/gnu tools arm embedded/7 2017-q4-major/bin/../lib/gcc/arm-none-eabi/7.2.1/../../../../arm-none-eabi/lib/thumb/v7e-m/fpv4-sp/hard\libg.a(lib_a-isattyr.o)
 .debug_frame   0x00002f34       0x6c d:/program files (x86)/gnu tools arm embedded/7 2017-q4-major/bin/../lib/gcc/arm-none-eabi/7.2.1/../../../../arm-none-eabi/lib/thumb/v7e-m/fpv4-sp/hard\libg.a(lib_a-locale.o)
 .debug_frame   0x00002fa0       0x2c d:/program files (x86)/gnu tools arm embedded/7 2017-q4-major/bin/../lib/gcc/arm-none-eabi/7.2.1/../../../../arm-none-eabi/lib/thumb/v7e-m/fpv4-sp/hard\libg.a(lib_a-lseekr.o)
 .debug_frame   0x00002fcc       0x4c d:/program files (x86)/gnu tools arm embedded/7 2017-q4-major/bin/../lib/gcc/arm-none-eabi/7.2.1/../../../../arm-none-eabi/lib/thumb/v7e-m/fpv4-sp/hard\libg.a(lib_a-mbtowc_r.o)
 .debug_frame   0x00003018       0x40 d:/program files (x86)/gnu tools arm embedded/7 2017-q4-major/bin/../lib/gcc/arm-none-eabi/7.2.1/../../../../arm-none-eabi/lib/thumb/v7e-m/fpv4-sp/hard\libg.a(lib_a-memmove.o)
 .debug_frame   0x00003058       0x2c d:/program files (x86)/gnu tools arm embedded/7 2017-q4-major/bin/../lib/gcc/arm-none-eabi/7.2.1/../../../../arm-none-eabi/lib/thumb/v7e-m/fpv4-sp/hard\libg.a(lib_a-readr.o)
 .debug_frame   0x00003084       0x58 d:/program files (x86)/gnu tools arm embedded/7 2017-q4-major/bin/../lib/gcc/arm-none-eabi/7.2.1/../../../../arm-none-eabi/lib/thumb/v7e-m/fpv4-sp/hard\libg.a(lib_a-reallocr.o)
 .debug_frame   0x000030dc       0x68 d:/program files (x86)/gnu tools arm embedded/7 2017-q4-major/bin/../lib/gcc/arm-none-eabi/7.2.1/../../../../arm-none-eabi/lib/thumb/v7e-m/fpv4-sp/hard\libg.a(lib_a-reent.o)
 .debug_frame   0x00003144       0x40 d:/program files (x86)/gnu tools arm embedded/7 2017-q4-major/bin/../lib/gcc/arm-none-eabi/7.2.1/../../../../arm-none-eabi/lib/thumb/v7e-m/fpv4-sp/hard\libg.a(lib_a-wbuf.o)