
Memory Configuration

Name             Origin             Length             Attributes
*default*        0x00000000         0xffffffff

Linker script and memory map

LOAD C:\Users\suse1\AppData\Local\Temp\cc5Y0GVN.o
LOAD C:\Users\suse1\AppData\Local\Temp\ccHLWJmd.o
                0x00000000                . = 0x0

.text           0x00000000       0x50
 *(.text)
 .text          0x00000000       0x10 C:\Users\suse1\AppData\Local\Temp\cc5Y0GVN.o
                0x00000008                _start
 .text          0x00000010       0x40 C:\Users\suse1\AppData\Local\Temp\ccHLWJmd.o
                0x00000040                c_entry
 *(.vectors)

.rodata         0x00000050       0x1d
 .rodata        0x00000050        0xb C:\Users\suse1\AppData\Local\Temp\cc5Y0GVN.o
 *fill*         0x0000005b        0x1 
 .rodata        0x0000005c       0x11 C:\Users\suse1\AppData\Local\Temp\ccHLWJmd.o

.glue_7         0x00000070        0x0
 .glue_7        0x00000070        0x0 linker stubs

.glue_7t        0x00000070        0x0
 .glue_7t       0x00000070        0x0 linker stubs

.vfp11_veneer   0x00000070        0x0
 .vfp11_veneer  0x00000070        0x0 linker stubs

.v4_bx          0x00000070        0x0
 .v4_bx         0x00000070        0x0 linker stubs

.iplt           0x00000070        0x0
 .iplt          0x00000070        0x0 C:\Users\suse1\AppData\Local\Temp\cc5Y0GVN.o

.rel.dyn        0x00000070        0x0
 .rel.iplt      0x00000070        0x0 C:\Users\suse1\AppData\Local\Temp\cc5Y0GVN.o
                0x20000000                . = 0x20000000

.data           0x20000000        0x0
 *(.data)
 .data          0x20000000        0x0 C:\Users\suse1\AppData\Local\Temp\cc5Y0GVN.o
 .data          0x20000000        0x0 C:\Users\suse1\AppData\Local\Temp\ccHLWJmd.o

.igot.plt       0x20000000        0x0
 .igot.plt      0x20000000        0x0 C:\Users\suse1\AppData\Local\Temp\cc5Y0GVN.o

.bss            0x20000000        0x0
 *(.bss)
 .bss           0x20000000        0x0 C:\Users\suse1\AppData\Local\Temp\cc5Y0GVN.o
 .bss           0x20000000        0x0 C:\Users\suse1\AppData\Local\Temp\ccHLWJmd.o
                0x20000000                . = ALIGN (0x8)
                0x20001000                . = (. + 0x1000)
                0x20001000                _estack = .
OUTPUT(./build/test.elf elf32-littlearm)

.ARM.attributes
                0x00000000       0x2f
 .ARM.attributes
                0x00000000       0x21 C:\Users\suse1\AppData\Local\Temp\cc5Y0GVN.o
 .ARM.attributes
                0x00000021       0x33 C:\Users\suse1\AppData\Local\Temp\ccHLWJmd.o

.comment        0x00000000       0x7e
 .comment       0x00000000       0x7e C:\Users\suse1\AppData\Local\Temp\ccHLWJmd.o
                                 0x7f (size before relaxing)

.debug_line     0x00000000       0x78
 .debug_line    0x00000000       0x38 C:\Users\suse1\AppData\Local\Temp\cc5Y0GVN.o
 .debug_line    0x00000038       0x40 C:\Users\suse1\AppData\Local\Temp\ccHLWJmd.o

.debug_info     0x00000000       0xb9
 .debug_info    0x00000000       0x26 C:\Users\suse1\AppData\Local\Temp\cc5Y0GVN.o
 .debug_info    0x00000026       0x93 C:\Users\suse1\AppData\Local\Temp\ccHLWJmd.o

.debug_abbrev   0x00000000       0x98
 .debug_abbrev  0x00000000       0x14 C:\Users\suse1\AppData\Local\Temp\cc5Y0GVN.o
 .debug_abbrev  0x00000014       0x84 C:\Users\suse1\AppData\Local\Temp\ccHLWJmd.o

.debug_aranges  0x00000000       0x40
 .debug_aranges
                0x00000000       0x20 C:\Users\suse1\AppData\Local\Temp\cc5Y0GVN.o
 .debug_aranges
                0x00000020       0x20 C:\Users\suse1\AppData\Local\Temp\ccHLWJmd.o

.debug_str      0x00000000      0x13a
 .debug_str     0x00000000       0x4a C:\Users\suse1\AppData\Local\Temp\cc5Y0GVN.o
 .debug_str     0x0000004a       0xf0 C:\Users\suse1\AppData\Local\Temp\ccHLWJmd.o
                                0x124 (size before relaxing)

.debug_frame    0x00000000       0x54
 .debug_frame   0x00000000       0x54 C:\Users\suse1\AppData\Local\Temp\ccHLWJmd.o
