
Memory Configuration

Name             Origin             Length             Attributes
*default*        0x0000000000000000 0xffffffffffffffff

Linker script and memory map

LOAD /tmp/cc7yWTKx.o
LOAD /tmp/ccXQuD9y.o
                0x0000000000000000                . = 0x0

.text           0x0000000000000000       0x50
 *(.text)
 .text          0x0000000000000000       0x10 /tmp/cc7yWTKx.o
                0x0000000000000008                _start
 .text          0x0000000000000010       0x40 /tmp/ccXQuD9y.o
                0x0000000000000040                c_entry
 *(.vectors)

.rodata         0x0000000000000050       0x1d
 .rodata        0x0000000000000050        0xb /tmp/cc7yWTKx.o
 *fill*         0x000000000000005b        0x1 
 .rodata        0x000000000000005c       0x11 /tmp/ccXQuD9y.o

.glue_7         0x0000000000000070        0x0
 .glue_7        0x0000000000000070        0x0 linker stubs

.glue_7t        0x0000000000000070        0x0
 .glue_7t       0x0000000000000070        0x0 linker stubs

.vfp11_veneer   0x0000000000000070        0x0
 .vfp11_veneer  0x0000000000000070        0x0 linker stubs

.v4_bx          0x0000000000000070        0x0
 .v4_bx         0x0000000000000070        0x0 linker stubs

.iplt           0x0000000000000070        0x0
 .iplt          0x0000000000000070        0x0 /tmp/cc7yWTKx.o

.rel.dyn        0x0000000000000070        0x0
 .rel.iplt      0x0000000000000070        0x0 /tmp/cc7yWTKx.o
                0x0000000020000000                . = 0x20000000

.data           0x0000000020000000        0x0
 *(.data)
 .data          0x0000000020000000        0x0 /tmp/cc7yWTKx.o
 .data          0x0000000020000000        0x0 /tmp/ccXQuD9y.o

.igot.plt       0x0000000020000000        0x0
 .igot.plt      0x0000000020000000        0x0 /tmp/cc7yWTKx.o

.bss            0x0000000020000000        0x0
 *(.bss)
 .bss           0x0000000020000000        0x0 /tmp/cc7yWTKx.o
 .bss           0x0000000020000000        0x0 /tmp/ccXQuD9y.o
                0x0000000020000000                . = ALIGN (0x8)
                0x0000000020001000                . = (. + 0x1000)
                0x0000000020001000                stack_top = .
OUTPUT(./build/test.elf elf32-littlearm)
LOAD linker stubs

.ARM.attributes
                0x0000000000000000       0x1b
 .ARM.attributes
                0x0000000000000000       0x1b /tmp/cc7yWTKx.o
 .ARM.attributes
                0x000000000000001b       0x1b /tmp/ccXQuD9y.o

.comment        0x0000000000000000       0x59
 .comment       0x0000000000000000       0x59 /tmp/ccXQuD9y.o
                                         0x5a (size before relaxing)

.debug_line     0x0000000000000000       0x91
 .debug_line    0x0000000000000000       0x38 /tmp/cc7yWTKx.o
 .debug_line    0x0000000000000038       0x59 /tmp/ccXQuD9y.o

.debug_info     0x0000000000000000       0xbd
 .debug_info    0x0000000000000000       0x26 /tmp/cc7yWTKx.o
 .debug_info    0x0000000000000026       0x97 /tmp/ccXQuD9y.o

.debug_abbrev   0x0000000000000000       0xa0
 .debug_abbrev  0x0000000000000000       0x14 /tmp/cc7yWTKx.o
 .debug_abbrev  0x0000000000000014       0x8c /tmp/ccXQuD9y.o

.debug_aranges  0x0000000000000000       0x40
 .debug_aranges
                0x0000000000000000       0x20 /tmp/cc7yWTKx.o
 .debug_aranges
                0x0000000000000020       0x20 /tmp/ccXQuD9y.o

.debug_str      0x0000000000000000      0x139
 .debug_str     0x0000000000000000       0x4b /tmp/cc7yWTKx.o
 .debug_str     0x000000000000004b       0xee /tmp/ccXQuD9y.o
                                        0x126 (size before relaxing)

.debug_frame    0x0000000000000000       0x54
 .debug_frame   0x0000000000000000       0x54 /tmp/ccXQuD9y.o
