
Memory Configuration

Name             Origin             Length             Attributes
*default*        0x00000000         0xffffffff

Linker script and memory map

LOAD C:\Users\suse1\AppData\Local\Temp\ccnNsqrM.o
LOAD C:\Users\suse1\AppData\Local\Temp\ccv8cQtc.o
LOAD C:\Users\suse1\AppData\Local\Temp\ccSy4eM6.o
LOAD C:\Users\suse1\AppData\Local\Temp\ccZ2n3vb.o
LOAD C:\Users\suse1\AppData\Local\Temp\ccdmCArk.o
LOAD C:\Users\suse1\AppData\Local\Temp\ccdGyUTE.o
LOAD C:\Users\suse1\AppData\Local\Temp\ccpoo0Yc.o
                0x00000000                . = 0x0
                0x00000000                _stext = .

.text           0x00000000     0x1e9c
 *(.text._start)
 .text._start   0x00000000       0x10 C:\Users\suse1\AppData\Local\Temp\ccnNsqrM.o
                0x00000000                _start
 *(.isr_vectors)
 .isr_vectors   0x00000010       0x40 C:\Users\suse1\AppData\Local\Temp\ccnNsqrM.o
 *(.text)
 .text          0x00000050        0x0 C:\Users\suse1\AppData\Local\Temp\ccnNsqrM.o
 .text          0x00000050       0xf4 C:\Users\suse1\AppData\Local\Temp\ccv8cQtc.o
                0x00000050                main
                0x0000006c                nmi_handler
                0x00000084                hard_fault_handler
                0x0000009c                mem_manage_handler
                0x000000b4                bus_fault_handler
                0x000000cc                usage_fault_handler
                0x000000e4                svc_handler
                0x000000fc                debug_mon_handler
                0x00000114                pend_sv_handler
                0x0000012c                sys_tick_handler
 .text          0x00000144       0xe8 C:\Users\suse1\AppData\Local\Temp\ccSy4eM6.o
                0x000001d4                hal_mpu_test
 .text          0x0000022c      0x3b4 C:\Users\suse1\AppData\Local\Temp\ccZ2n3vb.o
                0x0000025c                __putchar
                0x0000027c                __getchar
                0x0000029c                lite_getchar
                0x000002c4                lite_putchar
                0x000002e4                _putchar
                0x00000304                __putstr
                0x00000330                __strlen
                0x0000035c                lite_printf
                0x000005a8                __io_putchar
                0x000005c8                __io_getchar
 .text          0x000005e0      0xd74 C:\Users\suse1\AppData\Local\Temp\ccdmCArk.o
                0x00001212                printf_
                0x00001248                sprintf_
                0x00001280                snprintf_
                0x000012b8                vprintf_
                0x000012e4                vsnprintf_
                0x00001310                fctprintf
 .text          0x00001354      0x404 C:\Users\suse1\AppData\Local\Temp\ccdGyUTE.o
                0x00001354                shell_get_line
                0x000013f8                shell_get_args
                0x0000145c                shell_help_func
                0x000014a0                strtok_r
                0x00001554                strtok
                0x00001578                memcpy
                0x000015c4                memset
                0x00001602                strcmp
                0x0000165c                shell_main
                0x0000174c                shell_start
 .text          0x00001758      0x744 C:\Users\suse1\AppData\Local\Temp\ccpoo0Yc.o
                0x00001758                test_div
                0x0000177c                fault_test_by_unalign
                0x000017e4                fault_test_by_div0
                0x000018da                cm_backtrace_call_stack
                0x00001a84                backtrace_level_3
                0x00001adc                backtrace_level_2
                0x00001af8                backtrace_level_1
                0x00001b14                backtrace_test
                0x00001c88                LoopUntilEntry
                0x00001ccc                CalculateBLTargetAddress
                0x00001d50                CalculateTargetAddress
                0x00001de0                BackTraceSub
                0x00001e9c                __shell_command_start = .

.glue_7         0x00001e9c        0x0
 .glue_7        0x00001e9c        0x0 linker stubs

.glue_7t        0x00001e9c        0x0
 .glue_7t       0x00001e9c        0x0 linker stubs

.vfp11_veneer   0x00001e9c        0x0
 .vfp11_veneer  0x00001e9c        0x0 linker stubs

.v4_bx          0x00001e9c        0x0
 .v4_bx         0x00001e9c        0x0 linker stubs

.text.default_handler
                0x00001e9c        0x2
 .text.default_handler
                0x00001e9c        0x2 C:\Users\suse1\AppData\Local\Temp\ccnNsqrM.o

.rodata         0x00001ea0      0xcb7
 .rodata        0x00001ea0       0xc1 C:\Users\suse1\AppData\Local\Temp\ccv8cQtc.o
 *fill*         0x00001f61        0x3 
 .rodata        0x00001f64       0x20 C:\Users\suse1\AppData\Local\Temp\ccSy4eM6.o
 .rodata        0x00001f84        0x4 C:\Users\suse1\AppData\Local\Temp\ccZ2n3vb.o
 .rodata        0x00001f88       0x5e C:\Users\suse1\AppData\Local\Temp\ccdGyUTE.o
 *fill*         0x00001fe6        0x2 
 .rodata        0x00001fe8      0xb6f C:\Users\suse1\AppData\Local\Temp\ccpoo0Yc.o

.iplt           0x00002b58        0x0
 .iplt          0x00002b58        0x0 C:\Users\suse1\AppData\Local\Temp\ccnNsqrM.o

.rel.dyn        0x00002b58        0x0
 .rel.iplt      0x00002b58        0x0 C:\Users\suse1\AppData\Local\Temp\ccnNsqrM.o

.shell_command  0x00002b58        0xc
 *(.shell_command)
 .shell_command
                0x00002b58        0xc C:\Users\suse1\AppData\Local\Temp\ccdGyUTE.o
                0x00002b58                __shell_command_help
                0x00002b64                __shell_command_end = .
                0x00002b64                . = ALIGN (0x4)
                0x00002b64                _etext = .
                0x00002b64                _exit = .
                0x20000000                . = 0x20000000

.data           0x20000000        0x0
 *(.data)
 .data          0x20000000        0x0 C:\Users\suse1\AppData\Local\Temp\ccnNsqrM.o
 .data          0x20000000        0x0 C:\Users\suse1\AppData\Local\Temp\ccv8cQtc.o
 .data          0x20000000        0x0 C:\Users\suse1\AppData\Local\Temp\ccSy4eM6.o
 .data          0x20000000        0x0 C:\Users\suse1\AppData\Local\Temp\ccZ2n3vb.o
 .data          0x20000000        0x0 C:\Users\suse1\AppData\Local\Temp\ccdmCArk.o
 .data          0x20000000        0x0 C:\Users\suse1\AppData\Local\Temp\ccdGyUTE.o
 .data          0x20000000        0x0 C:\Users\suse1\AppData\Local\Temp\ccpoo0Yc.o
                0x20000000                __bss_start__ = .

.igot.plt       0x20000000        0x0
 .igot.plt      0x20000000        0x0 C:\Users\suse1\AppData\Local\Temp\ccnNsqrM.o

.bss            0x20000000       0xc8
 *(.bss)
 .bss           0x20000000        0x0 C:\Users\suse1\AppData\Local\Temp\ccnNsqrM.o
 .bss           0x20000000        0x0 C:\Users\suse1\AppData\Local\Temp\ccv8cQtc.o
 .bss           0x20000000        0x0 C:\Users\suse1\AppData\Local\Temp\ccSy4eM6.o
 .bss           0x20000000        0x0 C:\Users\suse1\AppData\Local\Temp\ccZ2n3vb.o
 .bss           0x20000000        0x0 C:\Users\suse1\AppData\Local\Temp\ccdmCArk.o
 .bss           0x20000000        0x8 C:\Users\suse1\AppData\Local\Temp\ccdGyUTE.o
 .bss           0x20000008       0xc0 C:\Users\suse1\AppData\Local\Temp\ccpoo0Yc.o
                0x20000008                code_start_addr
                0x2000000c                code_end_addr
                0x20000010                code_size
                0x20000014                stack_start_addr
                0x20000018                stack_end_addr
                0x2000001c                stack_size
                0x20000020                heap_start_addr
                0x20000024                heap_end_addr
                0x20000028                heap_size
                0x200000c8                . = ALIGN (0x8)
                0x200000c8                __bss_end__ = .
                0x200000c8                _sstack = .
                0x200010c8                . = (. + 0x1000)
                0x200010c8                _estack = .
                0x200010c8                . = ALIGN (0x8)
                0x200010c8                _sheap = .
                0x200050c8                . = (. + 0x4000)
                0x200050c8                _eheap = .
                0x200050c8                ensd = _eheap
OUTPUT(../../../../build/lm3s811/test.elf elf32-littlearm)

.ARM.attributes
                0x00000000       0x2f
 .ARM.attributes
                0x00000000       0x21 C:\Users\suse1\AppData\Local\Temp\ccnNsqrM.o
 .ARM.attributes
                0x00000021       0x33 C:\Users\suse1\AppData\Local\Temp\ccv8cQtc.o
 .ARM.attributes
                0x00000054       0x33 C:\Users\suse1\AppData\Local\Temp\ccSy4eM6.o
 .ARM.attributes
                0x00000087       0x33 C:\Users\suse1\AppData\Local\Temp\ccZ2n3vb.o
 .ARM.attributes
                0x000000ba       0x33 C:\Users\suse1\AppData\Local\Temp\ccdmCArk.o
 .ARM.attributes
                0x000000ed       0x33 C:\Users\suse1\AppData\Local\Temp\ccdGyUTE.o
 .ARM.attributes
                0x00000120       0x33 C:\Users\suse1\AppData\Local\Temp\ccpoo0Yc.o

.comment        0x00000000       0x7e
 .comment       0x00000000       0x7e C:\Users\suse1\AppData\Local\Temp\ccv8cQtc.o
                                 0x7f (size before relaxing)
 .comment       0x0000007e       0x7f C:\Users\suse1\AppData\Local\Temp\ccSy4eM6.o
 .comment       0x0000007e       0x7f C:\Users\suse1\AppData\Local\Temp\ccZ2n3vb.o
 .comment       0x0000007e       0x7f C:\Users\suse1\AppData\Local\Temp\ccdmCArk.o
 .comment       0x0000007e       0x7f C:\Users\suse1\AppData\Local\Temp\ccdGyUTE.o
 .comment       0x0000007e       0x7f C:\Users\suse1\AppData\Local\Temp\ccpoo0Yc.o

.debug_line     0x00000000      0xf05
 .debug_line    0x00000000       0x49 C:\Users\suse1\AppData\Local\Temp\ccnNsqrM.o
 .debug_line    0x00000049      0x14f C:\Users\suse1\AppData\Local\Temp\ccv8cQtc.o
 .debug_line    0x00000198      0x16c C:\Users\suse1\AppData\Local\Temp\ccSy4eM6.o
 .debug_line    0x00000304      0x177 C:\Users\suse1\AppData\Local\Temp\ccZ2n3vb.o
 .debug_line    0x0000047b      0x377 C:\Users\suse1\AppData\Local\Temp\ccdmCArk.o
 .debug_line    0x000007f2      0x355 C:\Users\suse1\AppData\Local\Temp\ccdGyUTE.o
 .debug_line    0x00000b47      0x3be C:\Users\suse1\AppData\Local\Temp\ccpoo0Yc.o

.debug_info     0x00000000     0x30d4
 .debug_info    0x00000000       0x22 C:\Users\suse1\AppData\Local\Temp\ccnNsqrM.o
 .debug_info    0x00000022      0x2c1 C:\Users\suse1\AppData\Local\Temp\ccv8cQtc.o
 .debug_info    0x000002e3      0x437 C:\Users\suse1\AppData\Local\Temp\ccSy4eM6.o
 .debug_info    0x0000071a      0x303 C:\Users\suse1\AppData\Local\Temp\ccZ2n3vb.o
 .debug_info    0x00000a1d      0x95f C:\Users\suse1\AppData\Local\Temp\ccdmCArk.o
 .debug_info    0x0000137c      0xcda C:\Users\suse1\AppData\Local\Temp\ccdGyUTE.o
 .debug_info    0x00002056     0x107e C:\Users\suse1\AppData\Local\Temp\ccpoo0Yc.o

.debug_abbrev   0x00000000      0xb40
 .debug_abbrev  0x00000000       0x12 C:\Users\suse1\AppData\Local\Temp\ccnNsqrM.o
 .debug_abbrev  0x00000012       0xa0 C:\Users\suse1\AppData\Local\Temp\ccv8cQtc.o
 .debug_abbrev  0x000000b2      0x14b C:\Users\suse1\AppData\Local\Temp\ccSy4eM6.o
 .debug_abbrev  0x000001fd      0x11c C:\Users\suse1\AppData\Local\Temp\ccZ2n3vb.o
 .debug_abbrev  0x00000319      0x1e9 C:\Users\suse1\AppData\Local\Temp\ccdmCArk.o
 .debug_abbrev  0x00000502      0x28f C:\Users\suse1\AppData\Local\Temp\ccdGyUTE.o
 .debug_abbrev  0x00000791      0x3af C:\Users\suse1\AppData\Local\Temp\ccpoo0Yc.o

.debug_aranges  0x00000000       0xe8
 .debug_aranges
                0x00000000       0x28 C:\Users\suse1\AppData\Local\Temp\ccnNsqrM.o
 .debug_aranges
                0x00000028       0x20 C:\Users\suse1\AppData\Local\Temp\ccv8cQtc.o
 .debug_aranges
                0x00000048       0x20 C:\Users\suse1\AppData\Local\Temp\ccSy4eM6.o
 .debug_aranges
                0x00000068       0x20 C:\Users\suse1\AppData\Local\Temp\ccZ2n3vb.o
 .debug_aranges
                0x00000088       0x20 C:\Users\suse1\AppData\Local\Temp\ccdmCArk.o
 .debug_aranges
                0x000000a8       0x20 C:\Users\suse1\AppData\Local\Temp\ccdGyUTE.o
 .debug_aranges
                0x000000c8       0x20 C:\Users\suse1\AppData\Local\Temp\ccpoo0Yc.o

.debug_str      0x00000000     0x10d4
 .debug_str     0x00000000       0x68 C:\Users\suse1\AppData\Local\Temp\ccnNsqrM.o
 .debug_str     0x00000068      0x1f9 C:\Users\suse1\AppData\Local\Temp\ccv8cQtc.o
                                0x29a (size before relaxing)
 .debug_str     0x00000261      0x157 C:\Users\suse1\AppData\Local\Temp\ccSy4eM6.o
                                0x320 (size before relaxing)
 .debug_str     0x000003b8       0xd1 C:\Users\suse1\AppData\Local\Temp\ccZ2n3vb.o
                                0x294 (size before relaxing)
 .debug_str     0x00000489      0x13c C:\Users\suse1\AppData\Local\Temp\ccdmCArk.o
                                0x34c (size before relaxing)
 .debug_str     0x000005c5      0x548 C:\Users\suse1\AppData\Local\Temp\ccdGyUTE.o
                                0x786 (size before relaxing)
 .debug_str     0x00000b0d      0x5c7 C:\Users\suse1\AppData\Local\Temp\ccpoo0Yc.o
                                0xbc2 (size before relaxing)

.debug_ranges   0x00000000       0x38
 .debug_ranges  0x00000000       0x20 C:\Users\suse1\AppData\Local\Temp\ccnNsqrM.o
 .debug_ranges  0x00000020       0x18 C:\Users\suse1\AppData\Local\Temp\ccdGyUTE.o

.debug_frame    0x00000000      0xa44
 .debug_frame   0x00000000      0x128 C:\Users\suse1\AppData\Local\Temp\ccv8cQtc.o
 .debug_frame   0x00000128       0xa8 C:\Users\suse1\AppData\Local\Temp\ccSy4eM6.o
 .debug_frame   0x000001d0      0x1dc C:\Users\suse1\AppData\Local\Temp\ccZ2n3vb.o
 .debug_frame   0x000003ac      0x2e8 C:\Users\suse1\AppData\Local\Temp\ccdmCArk.o
 .debug_frame   0x00000694      0x184 C:\Users\suse1\AppData\Local\Temp\ccdGyUTE.o
 .debug_frame   0x00000818      0x22c C:\Users\suse1\AppData\Local\Temp\ccpoo0Yc.o
