
Allocating common symbols
Common symbol       size              file

next_task           0x4               C:\Users\suse1\AppData\Local\Temp\ccrYOOGr.o
stack               0x800             C:\Users\suse1\AppData\Local\Temp\ccrYOOGr.o
task1               0x4               C:\Users\suse1\AppData\Local\Temp\ccrYOOGr.o
task2               0x4               C:\Users\suse1\AppData\Local\Temp\ccrYOOGr.o
current_task        0x4               C:\Users\suse1\AppData\Local\Temp\ccrYOOGr.o

Memory Configuration

Name             Origin             Length             Attributes
*default*        0x00000000         0xffffffff

Linker script and memory map

LOAD C:\Users\suse1\AppData\Local\Temp\cccP9eRA.o
LOAD C:\Users\suse1\AppData\Local\Temp\cc2nkbMC.o
LOAD C:\Users\suse1\AppData\Local\Temp\ccs7X8xl.o
LOAD C:\Users\suse1\AppData\Local\Temp\cc2BDYWd.o
LOAD C:\Users\suse1\AppData\Local\Temp\ccaa0dyi.o
LOAD C:\Users\suse1\AppData\Local\Temp\ccrYOOGr.o
LOAD C:\Users\suse1\AppData\Local\Temp\ccsKIMsL.o
LOAD C:\Users\suse1\AppData\Local\Temp\ccxoDzBk.o
                0x00000000                . = 0x0
                0x00000000                _stext = .

.text           0x00000000     0x20e0
 *(.text._start)
 .text._start   0x00000000       0x10 C:\Users\suse1\AppData\Local\Temp\cccP9eRA.o
                0x00000000                _start
 *(.isr_vectors)
 .isr_vectors   0x00000010       0x40 C:\Users\suse1\AppData\Local\Temp\cccP9eRA.o
 *(.text)
 .text          0x00000050        0x0 C:\Users\suse1\AppData\Local\Temp\cccP9eRA.o
 .text          0x00000050       0xf4 C:\Users\suse1\AppData\Local\Temp\cc2nkbMC.o
                0x00000050                main
                0x0000006c                nmi_handler
                0x00000084                hard_fault_handler
                0x0000009c                mem_manage_handler
                0x000000b4                bus_fault_handler
                0x000000cc                usage_fault_handler
                0x000000e4                svc_handler
                0x000000fc                debug_mon_handler
                0x00000114                pend_sv_handler
                0x0000012c                sys_tick_handler
 .text          0x00000144       0xe8 C:\Users\suse1\AppData\Local\Temp\ccs7X8xl.o
                0x000001d4                hal_mpu_test
 .text          0x0000022c      0x3b4 C:\Users\suse1\AppData\Local\Temp\cc2BDYWd.o
                0x0000025c                __putchar
                0x0000027c                __getchar
                0x0000029c                lite_getchar
                0x000002c4                lite_putchar
                0x000002e4                _putchar
                0x00000304                __putstr
                0x00000330                __strlen
                0x0000035c                lite_printf
                0x000005a8                __io_putchar
                0x000005c8                __io_getchar
 .text          0x000005e0      0xd74 C:\Users\suse1\AppData\Local\Temp\ccaa0dyi.o
                0x00001212                printf_
                0x00001248                sprintf_
                0x00001280                snprintf_
                0x000012b8                vprintf_
                0x000012e4                vsnprintf_
                0x00001310                fctprintf
 .text          0x00001354      0x244 C:\Users\suse1\AppData\Local\Temp\ccrYOOGr.o
                0x000013a8                task_entry_1
                0x000013c8                task_entry_2
                0x000013e8                trigget_pendsv
                0x00001404                task_create
                0x000014e4                task_sched
                0x00001518                run_first_task
                0x0000154c                task_start
 .text          0x00001598      0x404 C:\Users\suse1\AppData\Local\Temp\ccsKIMsL.o
                0x00001598                shell_get_line
                0x0000163c                shell_get_args
                0x000016a0                shell_help_func
                0x000016e4                strtok_r
                0x00001798                strtok
                0x000017bc                memcpy
                0x00001808                memset
                0x00001846                strcmp
                0x000018a0                shell_main
                0x00001990                shell_start
 .text          0x0000199c      0x744 C:\Users\suse1\AppData\Local\Temp\ccxoDzBk.o
                0x0000199c                test_div
                0x000019c0                fault_test_by_unalign
                0x00001a28                fault_test_by_div0
                0x00001b1e                cm_backtrace_call_stack
                0x00001cc8                backtrace_level_3
                0x00001d20                backtrace_level_2
                0x00001d3c                backtrace_level_1
                0x00001d58                backtrace_test
                0x00001ecc                LoopUntilEntry
                0x00001f10                CalculateBLTargetAddress
                0x00001f94                CalculateTargetAddress
                0x00002024                BackTraceSub
                0x000020e0                __shell_command_start = .

.glue_7         0x000020e0        0x0
 .glue_7        0x000020e0        0x0 linker stubs

.glue_7t        0x000020e0        0x0
 .glue_7t       0x000020e0        0x0 linker stubs

.vfp11_veneer   0x000020e0        0x0
 .vfp11_veneer  0x000020e0        0x0 linker stubs

.v4_bx          0x000020e0        0x0
 .v4_bx         0x000020e0        0x0 linker stubs

.text.default_handler
                0x000020e0        0x2
 .text.default_handler
                0x000020e0        0x2 C:\Users\suse1\AppData\Local\Temp\cccP9eRA.o

.rodata         0x000020e4      0xce3
 .rodata        0x000020e4       0xc1 C:\Users\suse1\AppData\Local\Temp\cc2nkbMC.o
 *fill*         0x000021a5        0x3 
 .rodata        0x000021a8       0x20 C:\Users\suse1\AppData\Local\Temp\ccs7X8xl.o
 .rodata        0x000021c8        0x4 C:\Users\suse1\AppData\Local\Temp\cc2BDYWd.o
 .rodata        0x000021cc       0x29 C:\Users\suse1\AppData\Local\Temp\ccrYOOGr.o
 *fill*         0x000021f5        0x3 
 .rodata        0x000021f8       0x5e C:\Users\suse1\AppData\Local\Temp\ccsKIMsL.o
 *fill*         0x00002256        0x2 
 .rodata        0x00002258      0xb6f C:\Users\suse1\AppData\Local\Temp\ccxoDzBk.o

.iplt           0x00002dc8        0x0
 .iplt          0x00002dc8        0x0 C:\Users\suse1\AppData\Local\Temp\cccP9eRA.o

.rel.dyn        0x00002dc8        0x0
 .rel.iplt      0x00002dc8        0x0 C:\Users\suse1\AppData\Local\Temp\cccP9eRA.o

.shell_command  0x00002dc8        0xc
 *(.shell_command)
 .shell_command
                0x00002dc8        0xc C:\Users\suse1\AppData\Local\Temp\ccsKIMsL.o
                0x00002dc8                __shell_command_help
                0x00002dd4                __shell_command_end = .
                0x00002dd4                . = ALIGN (0x4)
                0x00002dd4                _etext = .
                0x00002dd4                _exit = .
                0x20000000                . = 0x20000000

.data           0x20000000        0x0
 *(.data)
 .data          0x20000000        0x0 C:\Users\suse1\AppData\Local\Temp\cccP9eRA.o
 .data          0x20000000        0x0 C:\Users\suse1\AppData\Local\Temp\cc2nkbMC.o
 .data          0x20000000        0x0 C:\Users\suse1\AppData\Local\Temp\ccs7X8xl.o
 .data          0x20000000        0x0 C:\Users\suse1\AppData\Local\Temp\cc2BDYWd.o
 .data          0x20000000        0x0 C:\Users\suse1\AppData\Local\Temp\ccaa0dyi.o
 .data          0x20000000        0x0 C:\Users\suse1\AppData\Local\Temp\ccrYOOGr.o
 .data          0x20000000        0x0 C:\Users\suse1\AppData\Local\Temp\ccsKIMsL.o
 .data          0x20000000        0x0 C:\Users\suse1\AppData\Local\Temp\ccxoDzBk.o
                0x20000000                __bss_start__ = .

.igot.plt       0x20000000        0x0
 .igot.plt      0x20000000        0x0 C:\Users\suse1\AppData\Local\Temp\cccP9eRA.o

.bss            0x20000000      0x8d8
 *(.bss)
 .bss           0x20000000        0x0 C:\Users\suse1\AppData\Local\Temp\cccP9eRA.o
 .bss           0x20000000        0x0 C:\Users\suse1\AppData\Local\Temp\cc2nkbMC.o
 .bss           0x20000000        0x0 C:\Users\suse1\AppData\Local\Temp\ccs7X8xl.o
 .bss           0x20000000        0x0 C:\Users\suse1\AppData\Local\Temp\cc2BDYWd.o
 .bss           0x20000000        0x0 C:\Users\suse1\AppData\Local\Temp\ccaa0dyi.o
 .bss           0x20000000        0x0 C:\Users\suse1\AppData\Local\Temp\ccrYOOGr.o
 .bss           0x20000000        0x8 C:\Users\suse1\AppData\Local\Temp\ccsKIMsL.o
 .bss           0x20000008       0xc0 C:\Users\suse1\AppData\Local\Temp\ccxoDzBk.o
                0x20000008                code_start_addr
                0x2000000c                code_end_addr
                0x20000010                code_size
                0x20000014                stack_start_addr
                0x20000018                stack_end_addr
                0x2000001c                stack_size
                0x20000020                heap_start_addr
                0x20000024                heap_end_addr
                0x20000028                heap_size
 COMMON         0x200000c8      0x810 C:\Users\suse1\AppData\Local\Temp\ccrYOOGr.o
                0x200000c8                next_task
                0x200000cc                stack
                0x200008cc                task1
                0x200008d0                task2
                0x200008d4                current_task
                0x200008d8                . = ALIGN (0x8)
                0x200008d8                __bss_end__ = .
                0x200008d8                _sstack = .
                0x200018d8                . = (. + 0x1000)
                0x200018d8                _estack = .
                0x200018d8                . = ALIGN (0x8)
                0x200018d8                _sheap = .
                0x200058d8                . = (. + 0x4000)
                0x200058d8                _eheap = .
                0x200058d8                ensd = _eheap
OUTPUT(../../../../build/lm3s811/test.elf elf32-littlearm)

.ARM.attributes
                0x00000000       0x2f
 .ARM.attributes
                0x00000000       0x21 C:\Users\suse1\AppData\Local\Temp\cccP9eRA.o
 .ARM.attributes
                0x00000021       0x33 C:\Users\suse1\AppData\Local\Temp\cc2nkbMC.o
 .ARM.attributes
                0x00000054       0x33 C:\Users\suse1\AppData\Local\Temp\ccs7X8xl.o
 .ARM.attributes
                0x00000087       0x33 C:\Users\suse1\AppData\Local\Temp\cc2BDYWd.o
 .ARM.attributes
                0x000000ba       0x33 C:\Users\suse1\AppData\Local\Temp\ccaa0dyi.o
 .ARM.attributes
                0x000000ed       0x33 C:\Users\suse1\AppData\Local\Temp\ccrYOOGr.o
 .ARM.attributes
                0x00000120       0x33 C:\Users\suse1\AppData\Local\Temp\ccsKIMsL.o
 .ARM.attributes
                0x00000153       0x33 C:\Users\suse1\AppData\Local\Temp\ccxoDzBk.o

.comment        0x00000000       0x7e
 .comment       0x00000000       0x7e C:\Users\suse1\AppData\Local\Temp\cc2nkbMC.o
                                 0x7f (size before relaxing)
 .comment       0x0000007e       0x7f C:\Users\suse1\AppData\Local\Temp\ccs7X8xl.o
 .comment       0x0000007e       0x7f C:\Users\suse1\AppData\Local\Temp\cc2BDYWd.o
 .comment       0x0000007e       0x7f C:\Users\suse1\AppData\Local\Temp\ccaa0dyi.o
 .comment       0x0000007e       0x7f C:\Users\suse1\AppData\Local\Temp\ccrYOOGr.o
 .comment       0x0000007e       0x7f C:\Users\suse1\AppData\Local\Temp\ccsKIMsL.o
 .comment       0x0000007e       0x7f C:\Users\suse1\AppData\Local\Temp\ccxoDzBk.o

.debug_line     0x00000000     0x118d
 .debug_line    0x00000000       0x49 C:\Users\suse1\AppData\Local\Temp\cccP9eRA.o
 .debug_line    0x00000049      0x14f C:\Users\suse1\AppData\Local\Temp\cc2nkbMC.o
 .debug_line    0x00000198      0x16c C:\Users\suse1\AppData\Local\Temp\ccs7X8xl.o
 .debug_line    0x00000304      0x177 C:\Users\suse1\AppData\Local\Temp\cc2BDYWd.o
 .debug_line    0x0000047b      0x377 C:\Users\suse1\AppData\Local\Temp\ccaa0dyi.o
 .debug_line    0x000007f2      0x288 C:\Users\suse1\AppData\Local\Temp\ccrYOOGr.o
 .debug_line    0x00000a7a      0x355 C:\Users\suse1\AppData\Local\Temp\ccsKIMsL.o
 .debug_line    0x00000dcf      0x3be C:\Users\suse1\AppData\Local\Temp\ccxoDzBk.o

.debug_info     0x00000000     0x3f08
 .debug_info    0x00000000       0x22 C:\Users\suse1\AppData\Local\Temp\cccP9eRA.o
 .debug_info    0x00000022      0x2c1 C:\Users\suse1\AppData\Local\Temp\cc2nkbMC.o
 .debug_info    0x000002e3      0x437 C:\Users\suse1\AppData\Local\Temp\ccs7X8xl.o
 .debug_info    0x0000071a      0x303 C:\Users\suse1\AppData\Local\Temp\cc2BDYWd.o
 .debug_info    0x00000a1d      0x95f C:\Users\suse1\AppData\Local\Temp\ccaa0dyi.o
 .debug_info    0x0000137c      0xe34 C:\Users\suse1\AppData\Local\Temp\ccrYOOGr.o
 .debug_info    0x000021b0      0xcda C:\Users\suse1\AppData\Local\Temp\ccsKIMsL.o
 .debug_info    0x00002e8a     0x107e C:\Users\suse1\AppData\Local\Temp\ccxoDzBk.o

.debug_abbrev   0x00000000      0xe01
 .debug_abbrev  0x00000000       0x12 C:\Users\suse1\AppData\Local\Temp\cccP9eRA.o
 .debug_abbrev  0x00000012       0xa0 C:\Users\suse1\AppData\Local\Temp\cc2nkbMC.o
 .debug_abbrev  0x000000b2      0x14b C:\Users\suse1\AppData\Local\Temp\ccs7X8xl.o
 .debug_abbrev  0x000001fd      0x11c C:\Users\suse1\AppData\Local\Temp\cc2BDYWd.o
 .debug_abbrev  0x00000319      0x1e9 C:\Users\suse1\AppData\Local\Temp\ccaa0dyi.o
 .debug_abbrev  0x00000502      0x2c1 C:\Users\suse1\AppData\Local\Temp\ccrYOOGr.o
 .debug_abbrev  0x000007c3      0x28f C:\Users\suse1\AppData\Local\Temp\ccsKIMsL.o
 .debug_abbrev  0x00000a52      0x3af C:\Users\suse1\AppData\Local\Temp\ccxoDzBk.o

.debug_aranges  0x00000000      0x108
 .debug_aranges
                0x00000000       0x28 C:\Users\suse1\AppData\Local\Temp\cccP9eRA.o
 .debug_aranges
                0x00000028       0x20 C:\Users\suse1\AppData\Local\Temp\cc2nkbMC.o
 .debug_aranges
                0x00000048       0x20 C:\Users\suse1\AppData\Local\Temp\ccs7X8xl.o
 .debug_aranges
                0x00000068       0x20 C:\Users\suse1\AppData\Local\Temp\cc2BDYWd.o
 .debug_aranges
                0x00000088       0x20 C:\Users\suse1\AppData\Local\Temp\ccaa0dyi.o
 .debug_aranges
                0x000000a8       0x20 C:\Users\suse1\AppData\Local\Temp\ccrYOOGr.o
 .debug_aranges
                0x000000c8       0x20 C:\Users\suse1\AppData\Local\Temp\ccsKIMsL.o
 .debug_aranges
                0x000000e8       0x20 C:\Users\suse1\AppData\Local\Temp\ccxoDzBk.o

.debug_str      0x00000000     0x12b3
 .debug_str     0x00000000       0x61 C:\Users\suse1\AppData\Local\Temp\cccP9eRA.o
 .debug_str     0x00000061      0x1f9 C:\Users\suse1\AppData\Local\Temp\cc2nkbMC.o
                                0x293 (size before relaxing)
 .debug_str     0x0000025a      0x157 C:\Users\suse1\AppData\Local\Temp\ccs7X8xl.o
                                0x319 (size before relaxing)
 .debug_str     0x000003b1       0xd1 C:\Users\suse1\AppData\Local\Temp\cc2BDYWd.o
                                0x28d (size before relaxing)
 .debug_str     0x00000482      0x13c C:\Users\suse1\AppData\Local\Temp\ccaa0dyi.o
                                0x345 (size before relaxing)
 .debug_str     0x000005be      0x5bc C:\Users\suse1\AppData\Local\Temp\ccrYOOGr.o
                                0x81a (size before relaxing)
 .debug_str     0x00000b7a      0x172 C:\Users\suse1\AppData\Local\Temp\ccsKIMsL.o
                                0x77f (size before relaxing)
 .debug_str     0x00000cec      0x5c7 C:\Users\suse1\AppData\Local\Temp\ccxoDzBk.o
                                0xbbb (size before relaxing)

.debug_ranges   0x00000000       0x38
 .debug_ranges  0x00000000       0x20 C:\Users\suse1\AppData\Local\Temp\cccP9eRA.o
 .debug_ranges  0x00000020       0x18 C:\Users\suse1\AppData\Local\Temp\ccsKIMsL.o

.debug_frame    0x00000000      0xb60
 .debug_frame   0x00000000      0x128 C:\Users\suse1\AppData\Local\Temp\cc2nkbMC.o
 .debug_frame   0x00000128       0xa8 C:\Users\suse1\AppData\Local\Temp\ccs7X8xl.o
 .debug_frame   0x000001d0      0x1dc C:\Users\suse1\AppData\Local\Temp\cc2BDYWd.o
 .debug_frame   0x000003ac      0x2e8 C:\Users\suse1\AppData\Local\Temp\ccaa0dyi.o
 .debug_frame   0x00000694      0x11c C:\Users\suse1\AppData\Local\Temp\ccrYOOGr.o
 .debug_frame   0x000007b0      0x184 C:\Users\suse1\AppData\Local\Temp\ccsKIMsL.o
 .debug_frame   0x00000934      0x22c C:\Users\suse1\AppData\Local\Temp\ccxoDzBk.o
