
Memory Configuration

Name             Origin             Length             Attributes
*default*        0x0000000000000000 0xffffffffffffffff

Linker script and memory map

LOAD /tmp/ccLvf0eM.o
                0x0000000000000000                . = 0x0

.text           0x0000000000000000       0x2c
 *(.text)
 .text          0x0000000000000000       0x2c /tmp/ccLvf0eM.o
                0x0000000000000008                _start
 *(.vectors)

.rodata         0x000000000000002c        0xf
 .rodata        0x000000000000002c        0xf /tmp/ccLvf0eM.o

.glue_7         0x000000000000003c        0x0
 .glue_7        0x000000000000003c        0x0 linker stubs

.glue_7t        0x000000000000003c        0x0
 .glue_7t       0x000000000000003c        0x0 linker stubs

.vfp11_veneer   0x000000000000003c        0x0
 .vfp11_veneer  0x000000000000003c        0x0 linker stubs

.v4_bx          0x000000000000003c        0x0
 .v4_bx         0x000000000000003c        0x0 linker stubs

.iplt           0x000000000000003c        0x0
 .iplt          0x000000000000003c        0x0 /tmp/ccLvf0eM.o

.rel.dyn        0x000000000000003c        0x0
 .rel.iplt      0x000000000000003c        0x0 /tmp/ccLvf0eM.o
                0x0000000020000000                . = 0x20000000

.data           0x0000000020000000        0x0
 *(.data)
 .data          0x0000000020000000        0x0 /tmp/ccLvf0eM.o

.igot.plt       0x0000000020000000        0x0
 .igot.plt      0x0000000020000000        0x0 /tmp/ccLvf0eM.o

.bss            0x0000000020000000        0x0
 *(.bss)
 .bss           0x0000000020000000        0x0 /tmp/ccLvf0eM.o
                0x0000000020000000                . = ALIGN (0x8)
                0x0000000020001000                . = (. + 0x1000)
                0x0000000020001000                stack_top = .
OUTPUT(./build/test.elf elf32-littlearm)
LOAD linker stubs

.ARM.attributes
                0x0000000000000000       0x1b
 .ARM.attributes
                0x0000000000000000       0x1b /tmp/ccLvf0eM.o

.debug_line     0x0000000000000000       0x44
 .debug_line    0x0000000000000000       0x44 /tmp/ccLvf0eM.o

.debug_info     0x0000000000000000       0x26
 .debug_info    0x0000000000000000       0x26 /tmp/ccLvf0eM.o

.debug_abbrev   0x0000000000000000       0x14
 .debug_abbrev  0x0000000000000000       0x14 /tmp/ccLvf0eM.o

.debug_aranges  0x0000000000000000       0x20
 .debug_aranges
                0x0000000000000000       0x20 /tmp/ccLvf0eM.o

.debug_str      0x0000000000000000       0x4f
 .debug_str     0x0000000000000000       0x4f /tmp/ccLvf0eM.o
